******************************************************************************
                  TI ARM Linker Unix v18.12.2                  
******************************************************************************
>> Linked Mon Apr 20 20:25:30 2026

OUTPUT FILE NAME:   <Mixer_com_AP.out>
ENTRY POINT SYMBOL: "_c_int00_noargs"  address: 00002241


MEMORY CONFIGURATION

         name            origin    length      used     unused   attr    fill
----------------------  --------  ---------  --------  --------  ----  --------
  MAIN                  00000000   00040000  00002408  0003dbf8  R  X
  INFO                  00200000   00004000  00000000  00004000  R  X
  SRAM_CODE             01000000   00010000  000003be  0000fc42  RW X
  SRAM_DATA             20000000   00010000  000003be  0000fc42  RW  


SEGMENT ALLOCATION MAP

run origin  load origin   length   init length attrs members
----------  ----------- ---------- ----------- ----- -------
00000000    00000000    00002408   00002408    r-x
  00000000    00000000    000000e4   000000e4    r-- .intvecs
  000000e4    000000e4    000021d0   000021d0    r-x .text
  000022b4    000022b4    000000ec   000000ec    r-- .const
  000023a0    000023a0    00000068   00000068    r-- .cinit
20000000    20000000    000001c0   00000000    rw-
  20000000    20000000    000000e4   00000000    rw- .vtable
  200000e4    200000e4    0000009a   00000000    rw- .bss
  20000180    20000180    00000040   00000000    rw- .data
2000fe00    2000fe00    00000200   00000000    rw-
  2000fe00    2000fe00    00000200   00000000    rw- .stack


SECTION ALLOCATION MAP

 output                                  attributes/
section   page    origin      length       input sections
--------  ----  ----------  ----------   ----------------
.intvecs   0    00000000    000000e4     
                  00000000    000000e4     startup_msp432p401r_ccs.obj (.intvecs:retain)

.text      0    000000e4    000021d0     
                  000000e4    000008a4     spi.obj (.text)
                  00000988    00000480     gpio.obj (.text)
                  00000e08    0000041c     uart.obj (.text)
                  00001224    000003f0     interrupt.obj (.text)
                  00001614    00000334     system_msp432p401r.obj (.text)
                  00001948    000002d8     bolt.obj (.text)
                  00001c20    000002ac     pi_UART.obj (.text)
                  00001ecc    00000170     main.obj (.text)
                  0000203c    0000009c     rtsv7M4_T_le_v4SPD16_eabi.lib : memcpy_t2.asm.obj (.text)
                  000020d8    0000007a                                   : memset_t2.asm.obj (.text)
                  00002152    00000068                                   : copy_decompress_lzss.c.obj (.text:decompress:lzss:__TI_decompress_lzss)
                  000021ba    00000002     --HOLE-- [fill = 0]
                  000021bc    00000044                                   : autoinit.c.obj (.text:__TI_auto_init_nobinit_nopinit:__TI_auto_init_nobinit_nopinit)
                  00002200    0000003e     cpu.obj (.text)
                  0000223e    00000002     --HOLE-- [fill = 0]
                  00002240    00000034     rtsv7M4_T_le_v4SPD16_eabi.lib : boot_cortex_m.c.obj (.text:_c_int00_noargs:_c_int00_noargs)
                  00002274    0000001c                                   : copy_zero_init.c.obj (.text:decompress:ZI:__TI_zero_init_nomemset:__TI_zero_init_nomemset)
                  00002290    0000000e                                   : copy_decompress_none.c.obj (.text:decompress:none:__TI_decompress_none)
                  0000229e    0000000e     startup_msp432p401r_ccs.obj (.text)
                  000022ac    00000004     rtsv7M4_T_le_v4SPD16_eabi.lib : pre_init.c.obj (.text:_system_pre_init)
                  000022b0    00000004                                   : exit.c.obj (.text:abort:abort)

.const     0    000022b4    000000ec     
                  000022b4    00000050     interrupt.obj (.const:g_pulRegs)
                  00002304    00000024     pi_UART.obj (.const:$P$T0$1)
                  00002328    00000020     interrupt.obj (.const:g_pulPriority)
                  00002348    0000001c     bolt.obj (.const:$P$T0$1)
                  00002364    0000001c     gpio.obj (.const:GPIO_PORT_TO_INT)
                  00002380    00000008     interrupt.obj (.const:g_pulDisRegs)
                  00002388    00000008     interrupt.obj (.const:g_pulEnRegs)
                  00002390    00000008     interrupt.obj (.const:g_pulPendRegs)
                  00002398    00000008     interrupt.obj (.const:g_pulUnpendRegs)

.cinit     0    000023a0    00000068     
                  000023a0    00000034     (.cinit..data.load) [load image, compression = lzss]
                  000023d4    0000000c     (__TI_handler_table)
                  000023e0    00000008     (.cinit..bss.load) [load image, compression = zero_init]
                  000023e8    00000008     (.cinit..vtable.load) [load image, compression = zero_init]
                  000023f0    00000018     (__TI_cinit_table)

.init_array 
*          0    00000000    00000000     UNINITIALIZED

.binit     0    00000000    00000000     

.vtable    0    20000000    000000e4     UNINITIALIZED
                  20000000    000000e4     interrupt.obj (.vtable)

.bss       0    200000e4    0000009a     UNINITIALIZED
                  200000e4    00000044     main.obj (.bss:g_poses)
                  20000128    00000040     pi_UART.obj (.bss:g_payload)
                  20000168    00000016     pi_UART.obj (.bss:g_latest_pose)

.data      0    20000180    00000040     UNINITIALIZED
                  20000180    00000030     gpio.obj (.data:GPIO_PORT_TO_BASE)
                  200001b0    00000007     pi_UART.obj (.data)
                  200001b7    00000001     --HOLE--
                  200001b8    00000004     main.obj (.data)
                  200001bc    00000004     system_msp432p401r.obj (.data)

.stack     0    2000fe00    00000200     UNINITIALIZED
                  2000fe00    00000004     rtsv7M4_T_le_v4SPD16_eabi.lib : boot_cortex_m.c.obj (.stack)
                  2000fe04    000001fc     --HOLE--

MODULE SUMMARY

       Module                        code   ro data   rw data
       ------                        ----   -------   -------
    ./
       system_msp432p401r.obj        820    0         8      
       startup_msp432p401r_ccs.obj   14     228       0      
    +--+-----------------------------+------+---------+---------+
       Total:                        834    228       8      
                                                             
    ./include/driverlib/MSP432P4xx/
       spi.obj                       2212   0         0      
       interrupt.obj                 1008   144       456    
       gpio.obj                      1152   28        96     
       uart.obj                      1052   0         0      
       cpu.obj                       62     0         0      
    +--+-----------------------------+------+---------+---------+
       Total:                        5486   172       552    
                                                             
    ./src/
       pi_UART.obj                   684    36        186    
       bolt.obj                      728    28        0      
       main.obj                      368    0         144    
    +--+-----------------------------+------+---------+---------+
       Total:                        1780   64        330    
                                                             
    /home/clzhou/ti/ARMthing/lib/rtsv7M4_T_le_v4SPD16_eabi.lib
       memcpy_t2.asm.obj             156    0         0      
       memset_t2.asm.obj             122    0         0      
       copy_decompress_lzss.c.obj    104    0         0      
       autoinit.c.obj                68     0         0      
       boot_cortex_m.c.obj           52     0         0      
       copy_zero_init.c.obj          28     0         0      
       copy_decompress_none.c.obj    14     0         0      
       exit.c.obj                    4      0         0      
       pre_init.c.obj                4      0         0      
    +--+-----------------------------+------+---------+---------+
       Total:                        552    0         0      
                                                             
       Stack:                        0      0         1024   
       Linker Generated:             0      104       0      
    +--+-----------------------------+------+---------+---------+
       Grand Total:                  8652   568       1914   


LINKER GENERATED COPY TABLES

__TI_cinit_table @ 000023f0 records: 3, size/record: 8, table size: 24
	.data: load addr=000023a0, load size=00000034 bytes, run addr=20000180, run size=00000040 bytes, compression=lzss
	.bss: load addr=000023e0, load size=00000008 bytes, run addr=200000e4, run size=0000009a bytes, compression=zero_init
	.vtable: load addr=000023e8, load size=00000008 bytes, run addr=20000000, run size=000000e4 bytes, compression=zero_init


LINKER GENERATED HANDLER TABLE

__TI_handler_table @ 000023d4 records: 3, size/record: 4, table size: 12
	index: 0, handler: __TI_zero_init
	index: 1, handler: __TI_decompress_lzss
	index: 2, handler: __TI_decompress_none


GLOBAL SYMBOLS: SORTED ALPHABETICALLY BY Name 

address   name                                       
-------   ----                                       
000022ab  ADC14_IRQHandler                           
000022ab  AES256_IRQHandler                          
000022ab  BusFault_Handler                           
000022b1  C$$EXIT                                    
000022ab  COMP_E0_IRQHandler                         
000022ab  COMP_E1_IRQHandler                         
00002235  CPU_basepriGet                             
00002227  CPU_basepriSet                             
00002201  CPU_cpsid                                  
00002217  CPU_cpsie                                  
0000220d  CPU_primask                                
00002223  CPU_wfi                                    
000022ab  CS_IRQHandler                              
000022ab  DMA_ERR_IRQHandler                         
000022ab  DMA_INT0_IRQHandler                        
000022ab  DMA_INT1_IRQHandler                        
000022ab  DMA_INT2_IRQHandler                        
000022ab  DMA_INT3_IRQHandler                        
000022ab  DebugMon_Handler                           
000022ab  Default_Handler                            
000022ab  EUSCIA0_IRQHandler                         
000022ab  EUSCIA1_IRQHandler                         
000022ab  EUSCIA2_IRQHandler                         
000022ab  EUSCIA3_IRQHandler                         
000022ab  EUSCIB0_IRQHandler                         
000022ab  EUSCIB1_IRQHandler                         
000022ab  EUSCIB2_IRQHandler                         
000022ab  EUSCIB3_IRQHandler                         
00000853  EUSCI_A_SPI_changeClockPhasePolarity       
00000907  EUSCI_A_SPI_clearInterruptFlag             
00000937  EUSCI_A_SPI_disable                        
000008d5  EUSCI_A_SPI_disableInterrupt               
00000921  EUSCI_A_SPI_enable                         
000008bb  EUSCI_A_SPI_enableInterrupt                
000008ef  EUSCI_A_SPI_getInterruptStatus             
0000094d  EUSCI_A_SPI_getReceiveBufferAddressForDMA  
0000095b  EUSCI_A_SPI_getTransmitBufferAddressForDMA 
00000969  EUSCI_A_SPI_isBusy                         
000007d3  EUSCI_A_SPI_masterChangeClock              
000008ab  EUSCI_A_SPI_receiveData                    
000007b3  EUSCI_A_SPI_select4PinFunctionality        
00000809  EUSCI_A_SPI_slaveInit                      
00000895  EUSCI_A_SPI_transmitData                   
00000685  EUSCI_B_SPI_changeClockPhasePolarity       
00000739  EUSCI_B_SPI_clearInterruptFlag             
00000769  EUSCI_B_SPI_disable                        
00000707  EUSCI_B_SPI_disableInterrupt               
00000753  EUSCI_B_SPI_enable                         
000006ed  EUSCI_B_SPI_enableInterrupt                
00000721  EUSCI_B_SPI_getInterruptStatus             
0000077f  EUSCI_B_SPI_getReceiveBufferAddressForDMA  
0000078d  EUSCI_B_SPI_getTransmitBufferAddressForDMA 
0000079b  EUSCI_B_SPI_isBusy                         
00000609  EUSCI_B_SPI_masterChangeClock              
000006dd  EUSCI_B_SPI_receiveData                    
000005e9  EUSCI_B_SPI_select4PinFunctionality        
0000063b  EUSCI_B_SPI_slaveInit                      
000006c7  EUSCI_B_SPI_transmitData                   
000022ab  FLCTL_IRQHandler                           
000022ab  FPU_IRQHandler                             
00000cab  GPIO_clearInterruptFlag                    
00000c6b  GPIO_disableInterrupt                      
00000c49  GPIO_enableInterrupt                       
00000d03  GPIO_getEnabledInterruptStatus             
00000c1b  GPIO_getInputPinValue                      
00000c8d  GPIO_getInterruptStatus                    
00000ccd  GPIO_interruptEdgeSelect                   
00000dc3  GPIO_registerInterrupt                     
000009c3  GPIO_setAsInputPin                         
00000b77  GPIO_setAsInputPinWithPullDownResistor     
00000bc9  GPIO_setAsInputPinWithPullUpResistor       
00000989  GPIO_setAsOutputPin                        
00000a8d  GPIO_setAsPeripheralModuleFunctionInputPin 
00000a09  GPIO_setAsPeripheralModuleFunctionOutputPin
00000d7f  GPIO_setDriveStrengthHigh                  
00000da1  GPIO_setDriveStrengthLow                   
00000b11  GPIO_setOutputHighOnPin                    
00000b33  GPIO_setOutputLowOnPin                     
00000b55  GPIO_toggleOutputOnPin                     
00000de3  GPIO_unregisterInterrupt                   
000022ab  HardFault_Handler                          
000013e7  Interrupt_disableInterrupt                 
00001237  Interrupt_disableMaster                    
000015e5  Interrupt_disableSleepOnIsrExit            
00001375  Interrupt_enableInterrupt                  
00001227  Interrupt_enableMaster                     
000015d3  Interrupt_enableSleepOnIsrExit             
0000134f  Interrupt_getPriority                      
000012c7  Interrupt_getPriorityGrouping              
000015b3  Interrupt_getPriorityMask                  
000015cd  Interrupt_getVectorTableAddress            
00001459  Interrupt_isEnabled                        
000014e5  Interrupt_pendInterrupt                    
00001247  Interrupt_registerInterrupt                
000012ff  Interrupt_setPriority                      
000012ad  Interrupt_setPriorityGrouping              
000015a3  Interrupt_setPriorityMask                  
000015bd  Interrupt_setVectorTableAddress            
00001555  Interrupt_unpendInterrupt                  
00001299  Interrupt_unregisterInterrupt              
000022ab  MemManage_Handler                          
000022ab  NMI_Handler                                
000022ab  PCM_IRQHandler                             
000022ab  PORT1_IRQHandler                           
000022ab  PORT2_IRQHandler                           
000022ab  PORT3_IRQHandler                           
000022ab  PORT4_IRQHandler                           
000022ab  PORT5_IRQHandler                           
000022ab  PORT6_IRQHandler                           
000022ab  PSS_IRQHandler                             
000022ab  PendSV_Handler                             
000022ab  RTC_C_IRQHandler                           
0000229f  Reset_Handler                              
000002a7  SPI_changeClockPhasePolarity               
00000201  SPI_changeMasterClock                      
00000459  SPI_clearInterruptFlag                     
000003db  SPI_disableInterrupt                       
00000335  SPI_disableModule                          
000003b5  SPI_enableInterrupt                        
00000319  SPI_enableModule                           
00000429  SPI_getEnabledInterruptStatus              
00000401  SPI_getInterruptStatus                     
00000351  SPI_getReceiveBufferAddressForDMA          
0000036d  SPI_getTransmitBufferAddressForDMA         
00000115  SPI_initMaster                             
00000229  SPI_initSlave                              
00000399  SPI_isBusy                                 
000002fd  SPI_receiveData                            
0000047f  SPI_registerInterrupt                      
000001db  SPI_selectFourPinFunctionality             
000002d7  SPI_transmitData                           
0000053d  SPI_unregisterInterrupt                    
000022ab  SVC_Handler                                
00001ecd  SysTick_Handler                            
00001ecd  SysTick_Handler                            
200001bc  SystemCoreClock                            
00001615  SystemCoreClockUpdate                      
0000188d  SystemInit                                 
000022ab  T32_INT1_IRQHandler                        
000022ab  T32_INT2_IRQHandler                        
000022ab  T32_INTC_IRQHandler                        
000022ab  TA0_0_IRQHandler                           
000022ab  TA0_N_IRQHandler                           
000022ab  TA1_0_IRQHandler                           
000022ab  TA1_N_IRQHandler                           
000022ab  TA2_0_IRQHandler                           
000022ab  TA2_N_IRQHandler                           
000022ab  TA3_0_IRQHandler                           
000022ab  TA3_N_IRQHandler                           
0000111d  UART_clearInterruptFlag                    
00001075  UART_disableInterrupt                      
00000f57  UART_disableModule                         
00001045  UART_enableInterrupt                       
00000f41  UART_enableModule                          
000010c1  UART_getEnabledInterruptStatus             
000010a5  UART_getInterruptStatus                    
0000100d  UART_getReceiveBufferAddressForDMA         
0000101b  UART_getTransmitBufferAddressForDMA        
00000e09  UART_initModule                            
00000f6d  UART_queryStatusFlags                      
00000f1b  UART_receiveData                           
0000113d  UART_registerInterrupt                     
00000f95  UART_resetDormant                          
00001029  UART_selectDeglitchTime                    
00000f81  UART_setDormant                            
00000fa9  UART_transmitAddress                       
00000fc7  UART_transmitBreak                         
00000ef1  UART_transmitData                          
000011b9  UART_unregisterInterrupt                   
000022ab  UsageFault_Handler                         
4000480c  WDTCTL_SYM                                 
000022ab  WDT_A_IRQHandler                           
20010000  __STACK_END                                
00000200  __STACK_SIZE                               
000023f0  __TI_CINIT_Base                            
00002408  __TI_CINIT_Limit                           
000023d4  __TI_Handler_Table_Base                    
000023e0  __TI_Handler_Table_Limit                   
000021bd  __TI_auto_init_nobinit_nopinit             
00002153  __TI_decompress_lzss                       
00002291  __TI_decompress_none                       
ffffffff  __TI_pprof_out_hndl                        
ffffffff  __TI_prof_data_size                        
ffffffff  __TI_prof_data_start                       
00000000  __TI_static_base__                         
00002275  __TI_zero_init_nomemset                    
000020d9  __aeabi_memclr                             
000020d9  __aeabi_memclr4                            
000020d9  __aeabi_memclr8                            
0000203d  __aeabi_memcpy                             
0000203d  __aeabi_memcpy4                            
0000203d  __aeabi_memcpy8                            
000020db  __aeabi_memset                             
000020db  __aeabi_memset4                            
000020db  __aeabi_memset8                            
ffffffff  __binit__                                  
ffffffff  __c_args__                                 
UNDEFED   __mpu_init                                 
2000fe00  __stack                                    
00002241  _c_int00_noargs                            
UNDEFED   _system_post_cinit                         
000022ad  _system_pre_init                           
000022b1  abort                                      
ffffffff  binit                                      
000019fb  bolt_data_available                        
0000197d  bolt_init                                  
00001ae7  bolt_read                                  
00001a07  bolt_write                                 
20000000  g_pfnRAMVectors                            
00000000  interruptVectors                           
00001fd5  main                                       
0000203d  memcpy                                     
000020e1  memset                                     
00001e63  pi_uart_get_pose                           
00001ddd  pi_uart_init                               
00001e3b  pi_uart_poll                               


GLOBAL SYMBOLS: SORTED BY Symbol Address 

address   name                                       
-------   ----                                       
00000000  __TI_static_base__                         
00000000  interruptVectors                           
00000115  SPI_initMaster                             
000001db  SPI_selectFourPinFunctionality             
00000200  __STACK_SIZE                               
00000201  SPI_changeMasterClock                      
00000229  SPI_initSlave                              
000002a7  SPI_changeClockPhasePolarity               
000002d7  SPI_transmitData                           
000002fd  SPI_receiveData                            
00000319  SPI_enableModule                           
00000335  SPI_disableModule                          
00000351  SPI_getReceiveBufferAddressForDMA          
0000036d  SPI_getTransmitBufferAddressForDMA         
00000399  SPI_isBusy                                 
000003b5  SPI_enableInterrupt                        
000003db  SPI_disableInterrupt                       
00000401  SPI_getInterruptStatus                     
00000429  SPI_getEnabledInterruptStatus              
00000459  SPI_clearInterruptFlag                     
0000047f  SPI_registerInterrupt                      
0000053d  SPI_unregisterInterrupt                    
000005e9  EUSCI_B_SPI_select4PinFunctionality        
00000609  EUSCI_B_SPI_masterChangeClock              
0000063b  EUSCI_B_SPI_slaveInit                      
00000685  EUSCI_B_SPI_changeClockPhasePolarity       
000006c7  EUSCI_B_SPI_transmitData                   
000006dd  EUSCI_B_SPI_receiveData                    
000006ed  EUSCI_B_SPI_enableInterrupt                
00000707  EUSCI_B_SPI_disableInterrupt               
00000721  EUSCI_B_SPI_getInterruptStatus             
00000739  EUSCI_B_SPI_clearInterruptFlag             
00000753  EUSCI_B_SPI_enable                         
00000769  EUSCI_B_SPI_disable                        
0000077f  EUSCI_B_SPI_getReceiveBufferAddressForDMA  
0000078d  EUSCI_B_SPI_getTransmitBufferAddressForDMA 
0000079b  EUSCI_B_SPI_isBusy                         
000007b3  EUSCI_A_SPI_select4PinFunctionality        
000007d3  EUSCI_A_SPI_masterChangeClock              
00000809  EUSCI_A_SPI_slaveInit                      
00000853  EUSCI_A_SPI_changeClockPhasePolarity       
00000895  EUSCI_A_SPI_transmitData                   
000008ab  EUSCI_A_SPI_receiveData                    
000008bb  EUSCI_A_SPI_enableInterrupt                
000008d5  EUSCI_A_SPI_disableInterrupt               
000008ef  EUSCI_A_SPI_getInterruptStatus             
00000907  EUSCI_A_SPI_clearInterruptFlag             
00000921  EUSCI_A_SPI_enable                         
00000937  EUSCI_A_SPI_disable                        
0000094d  EUSCI_A_SPI_getReceiveBufferAddressForDMA  
0000095b  EUSCI_A_SPI_getTransmitBufferAddressForDMA 
00000969  EUSCI_A_SPI_isBusy                         
00000989  GPIO_setAsOutputPin                        
000009c3  GPIO_setAsInputPin                         
00000a09  GPIO_setAsPeripheralModuleFunctionOutputPin
00000a8d  GPIO_setAsPeripheralModuleFunctionInputPin 
00000b11  GPIO_setOutputHighOnPin                    
00000b33  GPIO_setOutputLowOnPin                     
00000b55  GPIO_toggleOutputOnPin                     
00000b77  GPIO_setAsInputPinWithPullDownResistor     
00000bc9  GPIO_setAsInputPinWithPullUpResistor       
00000c1b  GPIO_getInputPinValue                      
00000c49  GPIO_enableInterrupt                       
00000c6b  GPIO_disableInterrupt                      
00000c8d  GPIO_getInterruptStatus                    
00000cab  GPIO_clearInterruptFlag                    
00000ccd  GPIO_interruptEdgeSelect                   
00000d03  GPIO_getEnabledInterruptStatus             
00000d7f  GPIO_setDriveStrengthHigh                  
00000da1  GPIO_setDriveStrengthLow                   
00000dc3  GPIO_registerInterrupt                     
00000de3  GPIO_unregisterInterrupt                   
00000e09  UART_initModule                            
00000ef1  UART_transmitData                          
00000f1b  UART_receiveData                           
00000f41  UART_enableModule                          
00000f57  UART_disableModule                         
00000f6d  UART_queryStatusFlags                      
00000f81  UART_setDormant                            
00000f95  UART_resetDormant                          
00000fa9  UART_transmitAddress                       
00000fc7  UART_transmitBreak                         
0000100d  UART_getReceiveBufferAddressForDMA         
0000101b  UART_getTransmitBufferAddressForDMA        
00001029  UART_selectDeglitchTime                    
00001045  UART_enableInterrupt                       
00001075  UART_disableInterrupt                      
000010a5  UART_getInterruptStatus                    
000010c1  UART_getEnabledInterruptStatus             
0000111d  UART_clearInterruptFlag                    
0000113d  UART_registerInterrupt                     
000011b9  UART_unregisterInterrupt                   
00001227  Interrupt_enableMaster                     
00001237  Interrupt_disableMaster                    
00001247  Interrupt_registerInterrupt                
00001299  Interrupt_unregisterInterrupt              
000012ad  Interrupt_setPriorityGrouping              
000012c7  Interrupt_getPriorityGrouping              
000012ff  Interrupt_setPriority                      
0000134f  Interrupt_getPriority                      
00001375  Interrupt_enableInterrupt                  
000013e7  Interrupt_disableInterrupt                 
00001459  Interrupt_isEnabled                        
000014e5  Interrupt_pendInterrupt                    
00001555  Interrupt_unpendInterrupt                  
000015a3  Interrupt_setPriorityMask                  
000015b3  Interrupt_getPriorityMask                  
000015bd  Interrupt_setVectorTableAddress            
000015cd  Interrupt_getVectorTableAddress            
000015d3  Interrupt_enableSleepOnIsrExit             
000015e5  Interrupt_disableSleepOnIsrExit            
00001615  SystemCoreClockUpdate                      
0000188d  SystemInit                                 
0000197d  bolt_init                                  
000019fb  bolt_data_available                        
00001a07  bolt_write                                 
00001ae7  bolt_read                                  
00001ddd  pi_uart_init                               
00001e3b  pi_uart_poll                               
00001e63  pi_uart_get_pose                           
00001ecd  SysTick_Handler                            
00001ecd  SysTick_Handler                            
00001fd5  main                                       
0000203d  __aeabi_memcpy                             
0000203d  __aeabi_memcpy4                            
0000203d  __aeabi_memcpy8                            
0000203d  memcpy                                     
000020d9  __aeabi_memclr                             
000020d9  __aeabi_memclr4                            
000020d9  __aeabi_memclr8                            
000020db  __aeabi_memset                             
000020db  __aeabi_memset4                            
000020db  __aeabi_memset8                            
000020e1  memset                                     
00002153  __TI_decompress_lzss                       
000021bd  __TI_auto_init_nobinit_nopinit             
00002201  CPU_cpsid                                  
0000220d  CPU_primask                                
00002217  CPU_cpsie                                  
00002223  CPU_wfi                                    
00002227  CPU_basepriSet                             
00002235  CPU_basepriGet                             
00002241  _c_int00_noargs                            
00002275  __TI_zero_init_nomemset                    
00002291  __TI_decompress_none                       
0000229f  Reset_Handler                              
000022ab  ADC14_IRQHandler                           
000022ab  AES256_IRQHandler                          
000022ab  BusFault_Handler                           
000022ab  COMP_E0_IRQHandler                         
000022ab  COMP_E1_IRQHandler                         
000022ab  CS_IRQHandler                              
000022ab  DMA_ERR_IRQHandler                         
000022ab  DMA_INT0_IRQHandler                        
000022ab  DMA_INT1_IRQHandler                        
000022ab  DMA_INT2_IRQHandler                        
000022ab  DMA_INT3_IRQHandler                        
000022ab  DebugMon_Handler                           
000022ab  Default_Handler                            
000022ab  EUSCIA0_IRQHandler                         
000022ab  EUSCIA1_IRQHandler                         
000022ab  EUSCIA2_IRQHandler                         
000022ab  EUSCIA3_IRQHandler                         
000022ab  EUSCIB0_IRQHandler                         
000022ab  EUSCIB1_IRQHandler                         
000022ab  EUSCIB2_IRQHandler                         
000022ab  EUSCIB3_IRQHandler                         
000022ab  FLCTL_IRQHandler                           
000022ab  FPU_IRQHandler                             
000022ab  HardFault_Handler                          
000022ab  MemManage_Handler                          
000022ab  NMI_Handler                                
000022ab  PCM_IRQHandler                             
000022ab  PORT1_IRQHandler                           
000022ab  PORT2_IRQHandler                           
000022ab  PORT3_IRQHandler                           
000022ab  PORT4_IRQHandler                           
000022ab  PORT5_IRQHandler                           
000022ab  PORT6_IRQHandler                           
000022ab  PSS_IRQHandler                             
000022ab  PendSV_Handler                             
000022ab  RTC_C_IRQHandler                           
000022ab  SVC_Handler                                
000022ab  T32_INT1_IRQHandler                        
000022ab  T32_INT2_IRQHandler                        
000022ab  T32_INTC_IRQHandler                        
000022ab  TA0_0_IRQHandler                           
000022ab  TA0_N_IRQHandler                           
000022ab  TA1_0_IRQHandler                           
000022ab  TA1_N_IRQHandler                           
000022ab  TA2_0_IRQHandler                           
000022ab  TA2_N_IRQHandler                           
000022ab  TA3_0_IRQHandler                           
000022ab  TA3_N_IRQHandler                           
000022ab  UsageFault_Handler                         
000022ab  WDT_A_IRQHandler                           
000022ad  _system_pre_init                           
000022b1  C$$EXIT                                    
000022b1  abort                                      
000023d4  __TI_Handler_Table_Base                    
000023e0  __TI_Handler_Table_Limit                   
000023f0  __TI_CINIT_Base                            
00002408  __TI_CINIT_Limit                           
20000000  g_pfnRAMVectors                            
200001bc  SystemCoreClock                            
2000fe00  __stack                                    
20010000  __STACK_END                                
4000480c  WDTCTL_SYM                                 
ffffffff  __TI_pprof_out_hndl                        
ffffffff  __TI_prof_data_size                        
ffffffff  __TI_prof_data_start                       
ffffffff  __binit__                                  
ffffffff  __c_args__                                 
ffffffff  binit                                      
UNDEFED   __mpu_init                                 
UNDEFED   _system_post_cinit                         

[216 symbols]
