<?xml version="1.0" encoding="ISO-8859-1" ?>
<link_info>
   <banner>TI ARM Linker Unix v18.12.2.LTS</banner>
   <copyright>Copyright (c) 1996-2018 Texas Instruments Incorporated</copyright>
   <link_time>0x69e6618a</link_time>
   <link_errors>0x0</link_errors>
   <output_file>Mixer_com_AP.out</output_file>
   <entry_point>
      <name>_c_int00_noargs</name>
      <address>0x2241</address>
   </entry_point>
   <input_file_list>
      <input_file id="fl-2">
         <path>./</path>
         <kind>object</kind>
         <file>startup_msp432p401r_ccs.obj</file>
         <name>startup_msp432p401r_ccs.obj</name>
      </input_file>
      <input_file id="fl-3">
         <path>./</path>
         <kind>object</kind>
         <file>system_msp432p401r.obj</file>
         <name>system_msp432p401r.obj</name>
      </input_file>
      <input_file id="fl-4">
         <path>./include/driverlib/MSP432P4xx/</path>
         <kind>object</kind>
         <file>adc14.obj</file>
         <name>adc14.obj</name>
      </input_file>
      <input_file id="fl-5">
         <path>./include/driverlib/MSP432P4xx/</path>
         <kind>object</kind>
         <file>aes256.obj</file>
         <name>aes256.obj</name>
      </input_file>
      <input_file id="fl-6">
         <path>./include/driverlib/MSP432P4xx/</path>
         <kind>object</kind>
         <file>comp_e.obj</file>
         <name>comp_e.obj</name>
      </input_file>
      <input_file id="fl-7">
         <path>./include/driverlib/MSP432P4xx/</path>
         <kind>object</kind>
         <file>cpu.obj</file>
         <name>cpu.obj</name>
      </input_file>
      <input_file id="fl-8">
         <path>./include/driverlib/MSP432P4xx/</path>
         <kind>object</kind>
         <file>crc32.obj</file>
         <name>crc32.obj</name>
      </input_file>
      <input_file id="fl-9">
         <path>./include/driverlib/MSP432P4xx/</path>
         <kind>object</kind>
         <file>cs.obj</file>
         <name>cs.obj</name>
      </input_file>
      <input_file id="fl-a">
         <path>./include/driverlib/MSP432P4xx/</path>
         <kind>object</kind>
         <file>dma.obj</file>
         <name>dma.obj</name>
      </input_file>
      <input_file id="fl-b">
         <path>./include/driverlib/MSP432P4xx/</path>
         <kind>object</kind>
         <file>flash.obj</file>
         <name>flash.obj</name>
      </input_file>
      <input_file id="fl-c">
         <path>./include/driverlib/MSP432P4xx/</path>
         <kind>object</kind>
         <file>fpu.obj</file>
         <name>fpu.obj</name>
      </input_file>
      <input_file id="fl-d">
         <path>./include/driverlib/MSP432P4xx/</path>
         <kind>object</kind>
         <file>gpio.obj</file>
         <name>gpio.obj</name>
      </input_file>
      <input_file id="fl-e">
         <path>./include/driverlib/MSP432P4xx/</path>
         <kind>object</kind>
         <file>i2c.obj</file>
         <name>i2c.obj</name>
      </input_file>
      <input_file id="fl-f">
         <path>./include/driverlib/MSP432P4xx/</path>
         <kind>object</kind>
         <file>interrupt.obj</file>
         <name>interrupt.obj</name>
      </input_file>
      <input_file id="fl-10">
         <path>./include/driverlib/MSP432P4xx/</path>
         <kind>object</kind>
         <file>mpu.obj</file>
         <name>mpu.obj</name>
      </input_file>
      <input_file id="fl-11">
         <path>./include/driverlib/MSP432P4xx/</path>
         <kind>object</kind>
         <file>pcm.obj</file>
         <name>pcm.obj</name>
      </input_file>
      <input_file id="fl-12">
         <path>./include/driverlib/MSP432P4xx/</path>
         <kind>object</kind>
         <file>pmap.obj</file>
         <name>pmap.obj</name>
      </input_file>
      <input_file id="fl-13">
         <path>./include/driverlib/MSP432P4xx/</path>
         <kind>object</kind>
         <file>pss.obj</file>
         <name>pss.obj</name>
      </input_file>
      <input_file id="fl-14">
         <path>./include/driverlib/MSP432P4xx/</path>
         <kind>object</kind>
         <file>ref_a.obj</file>
         <name>ref_a.obj</name>
      </input_file>
      <input_file id="fl-15">
         <path>./include/driverlib/MSP432P4xx/</path>
         <kind>object</kind>
         <file>reset.obj</file>
         <name>reset.obj</name>
      </input_file>
      <input_file id="fl-16">
         <path>./include/driverlib/MSP432P4xx/</path>
         <kind>object</kind>
         <file>rtc_c.obj</file>
         <name>rtc_c.obj</name>
      </input_file>
      <input_file id="fl-17">
         <path>./include/driverlib/MSP432P4xx/</path>
         <kind>object</kind>
         <file>spi.obj</file>
         <name>spi.obj</name>
      </input_file>
      <input_file id="fl-18">
         <path>./include/driverlib/MSP432P4xx/</path>
         <kind>object</kind>
         <file>sysctl.obj</file>
         <name>sysctl.obj</name>
      </input_file>
      <input_file id="fl-19">
         <path>./include/driverlib/MSP432P4xx/</path>
         <kind>object</kind>
         <file>systick.obj</file>
         <name>systick.obj</name>
      </input_file>
      <input_file id="fl-1a">
         <path>./include/driverlib/MSP432P4xx/</path>
         <kind>object</kind>
         <file>timer32.obj</file>
         <name>timer32.obj</name>
      </input_file>
      <input_file id="fl-1b">
         <path>./include/driverlib/MSP432P4xx/</path>
         <kind>object</kind>
         <file>timer_a.obj</file>
         <name>timer_a.obj</name>
      </input_file>
      <input_file id="fl-1c">
         <path>./include/driverlib/MSP432P4xx/</path>
         <kind>object</kind>
         <file>uart.obj</file>
         <name>uart.obj</name>
      </input_file>
      <input_file id="fl-1d">
         <path>./include/driverlib/MSP432P4xx/</path>
         <kind>object</kind>
         <file>wdt_a.obj</file>
         <name>wdt_a.obj</name>
      </input_file>
      <input_file id="fl-1e">
         <path>./src/</path>
         <kind>object</kind>
         <file>bolt.obj</file>
         <name>bolt.obj</name>
      </input_file>
      <input_file id="fl-1f">
         <path>./src/</path>
         <kind>object</kind>
         <file>main.obj</file>
         <name>main.obj</name>
      </input_file>
      <input_file id="fl-20">
         <path>./src/</path>
         <kind>object</kind>
         <file>pi_UART.obj</file>
         <name>pi_UART.obj</name>
      </input_file>
      <input_file id="fl-28">
         <kind>object</kind>
         <file>&lt;internal&gt;</file>
         <name>&lt;internal&gt;</name>
      </input_file>
      <input_file id="fl-de">
         <path>/home/clzhou/ti/ARMthing/lib/</path>
         <kind>archive</kind>
         <file>rtsv7M4_T_le_v4SPD16_eabi.lib</file>
         <name>memset_t2.asm.obj</name>
      </input_file>
      <input_file id="fl-df">
         <path>/home/clzhou/ti/ARMthing/lib/</path>
         <kind>archive</kind>
         <file>rtsv7M4_T_le_v4SPD16_eabi.lib</file>
         <name>memcpy_t2.asm.obj</name>
      </input_file>
      <input_file id="fl-e0">
         <path>/home/clzhou/ti/ARMthing/lib/</path>
         <kind>archive</kind>
         <file>rtsv7M4_T_le_v4SPD16_eabi.lib</file>
         <name>copy_zero_init.c.obj</name>
      </input_file>
      <input_file id="fl-e1">
         <path>/home/clzhou/ti/ARMthing/lib/</path>
         <kind>archive</kind>
         <file>rtsv7M4_T_le_v4SPD16_eabi.lib</file>
         <name>copy_decompress_none.c.obj</name>
      </input_file>
      <input_file id="fl-e2">
         <path>/home/clzhou/ti/ARMthing/lib/</path>
         <kind>archive</kind>
         <file>rtsv7M4_T_le_v4SPD16_eabi.lib</file>
         <name>copy_decompress_lzss.c.obj</name>
      </input_file>
      <input_file id="fl-e3">
         <path>/home/clzhou/ti/ARMthing/lib/</path>
         <kind>archive</kind>
         <file>rtsv7M4_T_le_v4SPD16_eabi.lib</file>
         <name>boot_cortex_m.c.obj</name>
      </input_file>
      <input_file id="fl-e4">
         <path>/home/clzhou/ti/ARMthing/lib/</path>
         <kind>archive</kind>
         <file>rtsv7M4_T_le_v4SPD16_eabi.lib</file>
         <name>autoinit.c.obj</name>
      </input_file>
      <input_file id="fl-e5">
         <path>/home/clzhou/ti/ARMthing/lib/</path>
         <kind>archive</kind>
         <file>rtsv7M4_T_le_v4SPD16_eabi.lib</file>
         <name>pre_init.c.obj</name>
      </input_file>
      <input_file id="fl-e6">
         <path>/home/clzhou/ti/ARMthing/lib/</path>
         <kind>archive</kind>
         <file>rtsv7M4_T_le_v4SPD16_eabi.lib</file>
         <name>cpy_tbl.c.obj</name>
      </input_file>
      <input_file id="fl-e7">
         <path>/home/clzhou/ti/ARMthing/lib/</path>
         <kind>archive</kind>
         <file>rtsv7M4_T_le_v4SPD16_eabi.lib</file>
         <name>exit.c.obj</name>
      </input_file>
      <input_file id="fl-e8">
         <path>/home/clzhou/ti/ARMthing/lib/</path>
         <kind>archive</kind>
         <file>rtsv7M4_T_le_v4SPD16_eabi.lib</file>
         <name>_lock.c.obj</name>
      </input_file>
      <input_file id="fl-e9">
         <path>/home/clzhou/ti/ARMthing/lib/</path>
         <kind>archive</kind>
         <file>rtsv7M4_T_le_v4SPD16_eabi.lib</file>
         <name>args_main.c.obj</name>
      </input_file>
   </input_file_list>
   <object_component_list>
      <object_component id="oc-23">
         <name>.intvecs:retain</name>
         <load_address>0x0</load_address>
         <run_address>0x0</run_address>
         <size>0xe4</size>
         <input_file_ref idref="fl-2"/>
      </object_component>
      <object_component id="oc-126">
         <name>.text</name>
         <load_address>0xe4</load_address>
         <run_address>0xe4</run_address>
         <size>0x8a4</size>
         <input_file_ref idref="fl-17"/>
      </object_component>
      <object_component id="oc-120">
         <name>.text</name>
         <load_address>0x988</load_address>
         <run_address>0x988</run_address>
         <size>0x480</size>
         <input_file_ref idref="fl-d"/>
      </object_component>
      <object_component id="oc-140">
         <name>.text</name>
         <load_address>0xe08</load_address>
         <run_address>0xe08</run_address>
         <size>0x41c</size>
         <input_file_ref idref="fl-1c"/>
      </object_component>
      <object_component id="oc-193">
         <name>.text</name>
         <load_address>0x1224</load_address>
         <run_address>0x1224</run_address>
         <size>0x3f0</size>
         <input_file_ref idref="fl-f"/>
      </object_component>
      <object_component id="oc-a2">
         <name>.text</name>
         <load_address>0x1614</load_address>
         <run_address>0x1614</run_address>
         <size>0x334</size>
         <input_file_ref idref="fl-3"/>
      </object_component>
      <object_component id="oc-a9">
         <name>.text</name>
         <load_address>0x1948</load_address>
         <run_address>0x1948</run_address>
         <size>0x2d8</size>
         <input_file_ref idref="fl-1e"/>
      </object_component>
      <object_component id="oc-af">
         <name>.text</name>
         <load_address>0x1c20</load_address>
         <run_address>0x1c20</run_address>
         <size>0x2ac</size>
         <input_file_ref idref="fl-20"/>
      </object_component>
      <object_component id="oc-6a">
         <name>.text</name>
         <load_address>0x1ecc</load_address>
         <run_address>0x1ecc</run_address>
         <size>0x170</size>
         <input_file_ref idref="fl-1f"/>
      </object_component>
      <object_component id="oc-34">
         <name>.text</name>
         <load_address>0x203c</load_address>
         <run_address>0x203c</run_address>
         <size>0x9c</size>
         <input_file_ref idref="fl-df"/>
      </object_component>
      <object_component id="oc-8a">
         <name>.text</name>
         <load_address>0x20d8</load_address>
         <run_address>0x20d8</run_address>
         <size>0x7a</size>
         <input_file_ref idref="fl-de"/>
      </object_component>
      <object_component id="oc-14">
         <name>.text:decompress:lzss:__TI_decompress_lzss</name>
         <load_address>0x2152</load_address>
         <run_address>0x2152</run_address>
         <size>0x68</size>
         <input_file_ref idref="fl-e2"/>
      </object_component>
      <object_component id="oc-ea">
         <name>.text:__TI_auto_init_nobinit_nopinit:__TI_auto_init_nobinit_nopinit</name>
         <load_address>0x21bc</load_address>
         <run_address>0x21bc</run_address>
         <size>0x44</size>
         <input_file_ref idref="fl-e4"/>
      </object_component>
      <object_component id="oc-1e3">
         <name>.text</name>
         <load_address>0x2200</load_address>
         <run_address>0x2200</run_address>
         <size>0x3e</size>
         <input_file_ref idref="fl-7"/>
      </object_component>
      <object_component id="oc-52">
         <name>.text:_c_int00_noargs:_c_int00_noargs</name>
         <load_address>0x2240</load_address>
         <run_address>0x2240</run_address>
         <size>0x34</size>
         <input_file_ref idref="fl-e3"/>
      </object_component>
      <object_component id="oc-40">
         <name>.text:decompress:ZI:__TI_zero_init_nomemset:__TI_zero_init_nomemset</name>
         <load_address>0x2274</load_address>
         <run_address>0x2274</run_address>
         <size>0x1c</size>
         <input_file_ref idref="fl-e0"/>
      </object_component>
      <object_component id="oc-1a">
         <name>.text:decompress:none:__TI_decompress_none</name>
         <load_address>0x2290</load_address>
         <run_address>0x2290</run_address>
         <size>0xe</size>
         <input_file_ref idref="fl-e1"/>
      </object_component>
      <object_component id="oc-64">
         <name>.text</name>
         <load_address>0x229e</load_address>
         <run_address>0x229e</run_address>
         <size>0xe</size>
         <input_file_ref idref="fl-2"/>
      </object_component>
      <object_component id="oc-90">
         <name>.text:_system_pre_init</name>
         <load_address>0x22ac</load_address>
         <run_address>0x22ac</run_address>
         <size>0x4</size>
         <input_file_ref idref="fl-e5"/>
      </object_component>
      <object_component id="oc-de">
         <name>.text:abort:abort</name>
         <load_address>0x22b0</load_address>
         <run_address>0x22b0</run_address>
         <size>0x4</size>
         <input_file_ref idref="fl-e7"/>
      </object_component>
      <object_component id="oc-1ef">
         <name>.const:g_pulRegs</name>
         <load_address>0x22b4</load_address>
         <run_address>0x22b4</run_address>
         <size>0x50</size>
         <input_file_ref idref="fl-f"/>
      </object_component>
      <object_component id="oc-14f">
         <name>.const:$P$T0$1</name>
         <load_address>0x2304</load_address>
         <run_address>0x2304</run_address>
         <size>0x24</size>
         <input_file_ref idref="fl-20"/>
      </object_component>
      <object_component id="oc-1ec">
         <name>.const:g_pulPriority</name>
         <load_address>0x2328</load_address>
         <run_address>0x2328</run_address>
         <size>0x20</size>
         <input_file_ref idref="fl-f"/>
      </object_component>
      <object_component id="oc-12c">
         <name>.const:$P$T0$1</name>
         <load_address>0x2348</load_address>
         <run_address>0x2348</run_address>
         <size>0x1c</size>
         <input_file_ref idref="fl-1e"/>
      </object_component>
      <object_component id="oc-199">
         <name>.const:GPIO_PORT_TO_INT</name>
         <load_address>0x2364</load_address>
         <run_address>0x2364</run_address>
         <size>0x1c</size>
         <input_file_ref idref="fl-d"/>
      </object_component>
      <object_component id="oc-1f5">
         <name>.const:g_pulDisRegs</name>
         <load_address>0x2380</load_address>
         <run_address>0x2380</run_address>
         <size>0x8</size>
         <input_file_ref idref="fl-f"/>
      </object_component>
      <object_component id="oc-1f2">
         <name>.const:g_pulEnRegs</name>
         <load_address>0x2388</load_address>
         <run_address>0x2388</run_address>
         <size>0x8</size>
         <input_file_ref idref="fl-f"/>
      </object_component>
      <object_component id="oc-1f8">
         <name>.const:g_pulPendRegs</name>
         <load_address>0x2390</load_address>
         <run_address>0x2390</run_address>
         <size>0x8</size>
         <input_file_ref idref="fl-f"/>
      </object_component>
      <object_component id="oc-1fb">
         <name>.const:g_pulUnpendRegs</name>
         <load_address>0x2398</load_address>
         <run_address>0x2398</run_address>
         <size>0x8</size>
         <input_file_ref idref="fl-f"/>
      </object_component>
      <object_component id="oc-25a">
         <name>.cinit..data.load</name>
         <load_address>0x23a0</load_address>
         <run_address>0x23a0</run_address>
         <size>0x34</size>
      </object_component>
      <object_component id="oc-257">
         <name>__TI_handler_table</name>
         <load_address>0x23d4</load_address>
         <run_address>0x23d4</run_address>
         <size>0xc</size>
      </object_component>
      <object_component id="oc-25b">
         <name>.cinit..bss.load</name>
         <load_address>0x23e0</load_address>
         <run_address>0x23e0</run_address>
         <size>0x8</size>
      </object_component>
      <object_component id="oc-259">
         <name>.cinit..vtable.load</name>
         <load_address>0x23e8</load_address>
         <run_address>0x23e8</run_address>
         <size>0x8</size>
      </object_component>
      <object_component id="oc-258">
         <name>__TI_cinit_table</name>
         <load_address>0x23f0</load_address>
         <run_address>0x23f0</run_address>
         <size>0x18</size>
      </object_component>
      <object_component id="oc-22c">
         <name>.binit</name>
         <load_address>0x0</load_address>
         <run_address>0x0</run_address>
         <size>0x0</size>
      </object_component>
      <object_component id="oc-1e9">
         <name>.vtable</name>
         <uninitialized>true</uninitialized>
         <run_address>0x20000000</run_address>
         <size>0xe4</size>
         <input_file_ref idref="fl-f"/>
      </object_component>
      <object_component id="oc-11c">
         <name>.data</name>
         <load_address>0x200001bc</load_address>
         <run_address>0x200001bc</run_address>
         <size>0x4</size>
         <input_file_ref idref="fl-3"/>
      </object_component>
      <object_component id="oc-190">
         <name>.data:GPIO_PORT_TO_BASE</name>
         <load_address>0x20000180</load_address>
         <run_address>0x20000180</run_address>
         <size>0x30</size>
         <input_file_ref idref="fl-d"/>
      </object_component>
      <object_component id="oc-b5">
         <name>.data</name>
         <load_address>0x200001b8</load_address>
         <run_address>0x200001b8</run_address>
         <size>0x4</size>
         <input_file_ref idref="fl-1f"/>
      </object_component>
      <object_component id="oc-146">
         <name>.data</name>
         <load_address>0x200001b0</load_address>
         <run_address>0x200001b0</run_address>
         <size>0x7</size>
         <input_file_ref idref="fl-20"/>
      </object_component>
      <object_component id="oc-b8">
         <name>.bss:g_poses</name>
         <uninitialized>true</uninitialized>
         <run_address>0x200000e4</run_address>
         <size>0x44</size>
         <input_file_ref idref="fl-1f"/>
      </object_component>
      <object_component id="oc-14c">
         <name>.bss:g_latest_pose</name>
         <uninitialized>true</uninitialized>
         <run_address>0x20000168</run_address>
         <size>0x16</size>
         <input_file_ref idref="fl-20"/>
      </object_component>
      <object_component id="oc-149">
         <name>.bss:g_payload</name>
         <uninitialized>true</uninitialized>
         <run_address>0x20000128</run_address>
         <size>0x40</size>
         <input_file_ref idref="fl-20"/>
      </object_component>
      <object_component id="oc-26">
         <name>.stack</name>
         <uninitialized>true</uninitialized>
         <run_address>0x2000fe00</run_address>
         <size>0x4</size>
         <input_file_ref idref="fl-e3"/>
      </object_component>
      <object_component id="oc-25c">
         <name>.stack</name>
         <uninitialized>true</uninitialized>
         <run_address>0x2000fe00</run_address>
         <size>0x0</size>
      </object_component>
      <object_component id="oc-72">
         <name>.debug_info</name>
         <load_address>0x0</load_address>
         <run_address>0x0</run_address>
         <size>0x2c6</size>
         <input_file_ref idref="fl-2"/>
      </object_component>
      <object_component id="oc-24">
         <name>.debug_info</name>
         <load_address>0x2c6</load_address>
         <run_address>0x2c6</run_address>
         <size>0xf2</size>
         <input_file_ref idref="fl-2"/>
      </object_component>
      <object_component id="oc-65">
         <name>.debug_info</name>
         <load_address>0x3b8</load_address>
         <run_address>0x3b8</run_address>
         <size>0x1b9</size>
         <input_file_ref idref="fl-2"/>
      </object_component>
      <object_component id="oc-c9">
         <name>.debug_info</name>
         <load_address>0x571</load_address>
         <run_address>0x571</run_address>
         <size>0x26b</size>
         <input_file_ref idref="fl-2"/>
      </object_component>
      <object_component id="oc-2f">
         <name>.debug_info</name>
         <load_address>0x7dc</load_address>
         <run_address>0x7dc</run_address>
         <size>0x84</size>
         <input_file_ref idref="fl-2"/>
      </object_component>
      <object_component id="oc-15d">
         <name>.debug_info</name>
         <load_address>0x860</load_address>
         <run_address>0x860</run_address>
         <size>0x297</size>
         <input_file_ref idref="fl-2"/>
      </object_component>
      <object_component id="oc-130">
         <name>.debug_info</name>
         <load_address>0xaf7</load_address>
         <run_address>0xaf7</run_address>
         <size>0xef</size>
         <input_file_ref idref="fl-2"/>
      </object_component>
      <object_component id="oc-bc">
         <name>.debug_info</name>
         <load_address>0xbe6</load_address>
         <run_address>0xbe6</run_address>
         <size>0xbb</size>
         <input_file_ref idref="fl-2"/>
      </object_component>
      <object_component id="oc-1bf">
         <name>.debug_info</name>
         <load_address>0xca1</load_address>
         <run_address>0xca1</run_address>
         <size>0x534</size>
         <input_file_ref idref="fl-3"/>
      </object_component>
      <object_component id="oc-11d">
         <name>.debug_info</name>
         <load_address>0x11d5</load_address>
         <run_address>0x11d5</run_address>
         <size>0xeb</size>
         <input_file_ref idref="fl-3"/>
      </object_component>
      <object_component id="oc-a3">
         <name>.debug_info</name>
         <load_address>0x12c0</load_address>
         <run_address>0x12c0</run_address>
         <size>0x25d</size>
         <input_file_ref idref="fl-3"/>
      </object_component>
      <object_component id="oc-164">
         <name>.debug_info</name>
         <load_address>0x151d</load_address>
         <run_address>0x151d</run_address>
         <size>0x37e2</size>
         <input_file_ref idref="fl-3"/>
      </object_component>
      <object_component id="oc-169">
         <name>.debug_info</name>
         <load_address>0x4cff</load_address>
         <run_address>0x4cff</run_address>
         <size>0x1055</size>
         <input_file_ref idref="fl-3"/>
      </object_component>
      <object_component id="oc-135">
         <name>.debug_info</name>
         <load_address>0x5d54</load_address>
         <run_address>0x5d54</run_address>
         <size>0x8b</size>
         <input_file_ref idref="fl-4"/>
      </object_component>
      <object_component id="oc-1e4">
         <name>.debug_info</name>
         <load_address>0x5ddf</load_address>
         <run_address>0x5ddf</run_address>
         <size>0x429</size>
         <input_file_ref idref="fl-7"/>
      </object_component>
      <object_component id="oc-19d">
         <name>.debug_info</name>
         <load_address>0x6208</load_address>
         <run_address>0x6208</run_address>
         <size>0x691</size>
         <input_file_ref idref="fl-d"/>
      </object_component>
      <object_component id="oc-19a">
         <name>.debug_info</name>
         <load_address>0x6899</load_address>
         <run_address>0x6899</run_address>
         <size>0xfb</size>
         <input_file_ref idref="fl-d"/>
      </object_component>
      <object_component id="oc-191">
         <name>.debug_info</name>
         <load_address>0x6994</load_address>
         <run_address>0x6994</run_address>
         <size>0xfd</size>
         <input_file_ref idref="fl-d"/>
      </object_component>
      <object_component id="oc-121">
         <name>.debug_info</name>
         <load_address>0x6a91</load_address>
         <run_address>0x6a91</run_address>
         <size>0x1b3e</size>
         <input_file_ref idref="fl-d"/>
      </object_component>
      <object_component id="oc-1ff">
         <name>.debug_info</name>
         <load_address>0x85cf</load_address>
         <run_address>0x85cf</run_address>
         <size>0x61f</size>
         <input_file_ref idref="fl-f"/>
      </object_component>
      <object_component id="oc-1ed">
         <name>.debug_info</name>
         <load_address>0x8bee</load_address>
         <run_address>0x8bee</run_address>
         <size>0xfa</size>
         <input_file_ref idref="fl-f"/>
      </object_component>
      <object_component id="oc-1f0">
         <name>.debug_info</name>
         <load_address>0x8ce8</load_address>
         <run_address>0x8ce8</run_address>
         <size>0xf2</size>
         <input_file_ref idref="fl-f"/>
      </object_component>
      <object_component id="oc-1f3">
         <name>.debug_info</name>
         <load_address>0x8dda</load_address>
         <run_address>0x8dda</run_address>
         <size>0xf6</size>
         <input_file_ref idref="fl-f"/>
      </object_component>
      <object_component id="oc-1f6">
         <name>.debug_info</name>
         <load_address>0x8ed0</load_address>
         <run_address>0x8ed0</run_address>
         <size>0xf8</size>
         <input_file_ref idref="fl-f"/>
      </object_component>
      <object_component id="oc-1f9">
         <name>.debug_info</name>
         <load_address>0x8fc8</load_address>
         <run_address>0x8fc8</run_address>
         <size>0xfa</size>
         <input_file_ref idref="fl-f"/>
      </object_component>
      <object_component id="oc-1fc">
         <name>.debug_info</name>
         <load_address>0x90c2</load_address>
         <run_address>0x90c2</run_address>
         <size>0xfe</size>
         <input_file_ref idref="fl-f"/>
      </object_component>
      <object_component id="oc-1ea">
         <name>.debug_info</name>
         <load_address>0x91c0</load_address>
         <run_address>0x91c0</run_address>
         <size>0xff</size>
         <input_file_ref idref="fl-f"/>
      </object_component>
      <object_component id="oc-194">
         <name>.debug_info</name>
         <load_address>0x92bf</load_address>
         <run_address>0x92bf</run_address>
         <size>0x12e2</size>
         <input_file_ref idref="fl-f"/>
      </object_component>
      <object_component id="oc-19f">
         <name>.debug_info</name>
         <load_address>0xa5a1</load_address>
         <run_address>0xa5a1</run_address>
         <size>0x685</size>
         <input_file_ref idref="fl-17"/>
      </object_component>
      <object_component id="oc-127">
         <name>.debug_info</name>
         <load_address>0xac26</load_address>
         <run_address>0xac26</run_address>
         <size>0x408a</size>
         <input_file_ref idref="fl-17"/>
      </object_component>
      <object_component id="oc-13a">
         <name>.debug_info</name>
         <load_address>0xecb0</load_address>
         <run_address>0xecb0</run_address>
         <size>0x131</size>
         <input_file_ref idref="fl-17"/>
      </object_component>
      <object_component id="oc-1aa">
         <name>.debug_info</name>
         <load_address>0xede1</load_address>
         <run_address>0xede1</run_address>
         <size>0x67b</size>
         <input_file_ref idref="fl-1c"/>
      </object_component>
      <object_component id="oc-141">
         <name>.debug_info</name>
         <load_address>0xf45c</load_address>
         <run_address>0xf45c</run_address>
         <size>0x1760</size>
         <input_file_ref idref="fl-1c"/>
      </object_component>
      <object_component id="oc-1ba">
         <name>.debug_info</name>
         <load_address>0x10bbc</load_address>
         <run_address>0x10bbc</run_address>
         <size>0xee</size>
         <input_file_ref idref="fl-1c"/>
      </object_component>
      <object_component id="oc-13f">
         <name>.debug_info</name>
         <load_address>0x10caa</load_address>
         <run_address>0x10caa</run_address>
         <size>0x8ff</size>
         <input_file_ref idref="fl-1e"/>
      </object_component>
      <object_component id="oc-12d">
         <name>.debug_info</name>
         <load_address>0x115a9</load_address>
         <run_address>0x115a9</run_address>
         <size>0xd0</size>
         <input_file_ref idref="fl-1e"/>
      </object_component>
      <object_component id="oc-aa">
         <name>.debug_info</name>
         <load_address>0x11679</load_address>
         <run_address>0x11679</run_address>
         <size>0x836</size>
         <input_file_ref idref="fl-1e"/>
      </object_component>
      <object_component id="oc-1a4">
         <name>.debug_info</name>
         <load_address>0x11eaf</load_address>
         <run_address>0x11eaf</run_address>
         <size>0x37e2</size>
         <input_file_ref idref="fl-1e"/>
      </object_component>
      <object_component id="oc-c2">
         <name>.debug_info</name>
         <load_address>0x15691</load_address>
         <run_address>0x15691</run_address>
         <size>0xc2</size>
         <input_file_ref idref="fl-1e"/>
      </object_component>
      <object_component id="oc-c1">
         <name>.debug_info</name>
         <load_address>0x15753</load_address>
         <run_address>0x15753</run_address>
         <size>0x688</size>
         <input_file_ref idref="fl-1f"/>
      </object_component>
      <object_component id="oc-b6">
         <name>.debug_info</name>
         <load_address>0x15ddb</load_address>
         <run_address>0x15ddb</run_address>
         <size>0xd4</size>
         <input_file_ref idref="fl-1f"/>
      </object_component>
      <object_component id="oc-b9">
         <name>.debug_info</name>
         <load_address>0x15eaf</load_address>
         <run_address>0x15eaf</run_address>
         <size>0xd0</size>
         <input_file_ref idref="fl-1f"/>
      </object_component>
      <object_component id="oc-6b">
         <name>.debug_info</name>
         <load_address>0x15f7f</load_address>
         <run_address>0x15f7f</run_address>
         <size>0x51a</size>
         <input_file_ref idref="fl-1f"/>
      </object_component>
      <object_component id="oc-153">
         <name>.debug_info</name>
         <load_address>0x16499</load_address>
         <run_address>0x16499</run_address>
         <size>0x86</size>
         <input_file_ref idref="fl-1f"/>
      </object_component>
      <object_component id="oc-d5">
         <name>.debug_info</name>
         <load_address>0x1651f</load_address>
         <run_address>0x1651f</run_address>
         <size>0x2c</size>
         <input_file_ref idref="fl-1f"/>
      </object_component>
      <object_component id="oc-158">
         <name>.debug_info</name>
         <load_address>0x1654b</load_address>
         <run_address>0x1654b</run_address>
         <size>0x74b</size>
         <input_file_ref idref="fl-20"/>
      </object_component>
      <object_component id="oc-14d">
         <name>.debug_info</name>
         <load_address>0x16c96</load_address>
         <run_address>0x16c96</run_address>
         <size>0xdf</size>
         <input_file_ref idref="fl-20"/>
      </object_component>
      <object_component id="oc-147">
         <name>.debug_info</name>
         <load_address>0x16d75</load_address>
         <run_address>0x16d75</run_address>
         <size>0x1ad</size>
         <input_file_ref idref="fl-20"/>
      </object_component>
      <object_component id="oc-14a">
         <name>.debug_info</name>
         <load_address>0x16f22</load_address>
         <run_address>0x16f22</run_address>
         <size>0xd7</size>
         <input_file_ref idref="fl-20"/>
      </object_component>
      <object_component id="oc-150">
         <name>.debug_info</name>
         <load_address>0x16ff9</load_address>
         <run_address>0x16ff9</run_address>
         <size>0xd3</size>
         <input_file_ref idref="fl-20"/>
      </object_component>
      <object_component id="oc-b0">
         <name>.debug_info</name>
         <load_address>0x170cc</load_address>
         <run_address>0x170cc</run_address>
         <size>0x5b1</size>
         <input_file_ref idref="fl-20"/>
      </object_component>
      <object_component id="oc-1ad">
         <name>.debug_info</name>
         <load_address>0x1767d</load_address>
         <run_address>0x1767d</run_address>
         <size>0x6c</size>
         <input_file_ref idref="fl-20"/>
      </object_component>
      <object_component id="oc-8d">
         <name>.debug_info</name>
         <load_address>0x176e9</load_address>
         <run_address>0x176e9</run_address>
         <size>0x148</size>
         <input_file_ref idref="fl-de"/>
      </object_component>
      <object_component id="oc-37">
         <name>.debug_info</name>
         <load_address>0x17831</load_address>
         <run_address>0x17831</run_address>
         <size>0x11a</size>
         <input_file_ref idref="fl-df"/>
      </object_component>
      <object_component id="oc-89">
         <name>.debug_info</name>
         <load_address>0x1794b</load_address>
         <run_address>0x1794b</run_address>
         <size>0x2d5</size>
         <input_file_ref idref="fl-e0"/>
      </object_component>
      <object_component id="oc-41">
         <name>.debug_info</name>
         <load_address>0x17c20</load_address>
         <run_address>0x17c20</run_address>
         <size>0x1d3</size>
         <input_file_ref idref="fl-e0"/>
      </object_component>
      <object_component id="oc-84">
         <name>.debug_info</name>
         <load_address>0x17df3</load_address>
         <run_address>0x17df3</run_address>
         <size>0x46</size>
         <input_file_ref idref="fl-e0"/>
      </object_component>
      <object_component id="oc-3f">
         <name>.debug_info</name>
         <load_address>0x17e39</load_address>
         <run_address>0x17e39</run_address>
         <size>0x2a9</size>
         <input_file_ref idref="fl-e1"/>
      </object_component>
      <object_component id="oc-1b">
         <name>.debug_info</name>
         <load_address>0x180e2</load_address>
         <run_address>0x180e2</run_address>
         <size>0x1eb</size>
         <input_file_ref idref="fl-e1"/>
      </object_component>
      <object_component id="oc-3a">
         <name>.debug_info</name>
         <load_address>0x182cd</load_address>
         <run_address>0x182cd</run_address>
         <size>0x46</size>
         <input_file_ref idref="fl-e1"/>
      </object_component>
      <object_component id="oc-7c">
         <name>.debug_info</name>
         <load_address>0x18313</load_address>
         <run_address>0x18313</run_address>
         <size>0x2c</size>
         <input_file_ref idref="fl-e1"/>
      </object_component>
      <object_component id="oc-7a">
         <name>.debug_info</name>
         <load_address>0x1833f</load_address>
         <run_address>0x1833f</run_address>
         <size>0x29f</size>
         <input_file_ref idref="fl-e2"/>
      </object_component>
      <object_component id="oc-15">
         <name>.debug_info</name>
         <load_address>0x185de</load_address>
         <run_address>0x185de</run_address>
         <size>0x251</size>
         <input_file_ref idref="fl-e2"/>
      </object_component>
      <object_component id="oc-2a">
         <name>.debug_info</name>
         <load_address>0x1882f</load_address>
         <run_address>0x1882f</run_address>
         <size>0x60</size>
         <input_file_ref idref="fl-e2"/>
      </object_component>
      <object_component id="oc-ce">
         <name>.debug_info</name>
         <load_address>0x1888f</load_address>
         <run_address>0x1888f</run_address>
         <size>0x46</size>
         <input_file_ref idref="fl-e2"/>
      </object_component>
      <object_component id="oc-75">
         <name>.debug_info</name>
         <load_address>0x188d5</load_address>
         <run_address>0x188d5</run_address>
         <size>0x39</size>
         <input_file_ref idref="fl-e2"/>
      </object_component>
      <object_component id="oc-27">
         <name>.debug_info</name>
         <load_address>0x1890e</load_address>
         <run_address>0x1890e</run_address>
         <size>0x10c</size>
         <input_file_ref idref="fl-e3"/>
      </object_component>
      <object_component id="oc-53">
         <name>.debug_info</name>
         <load_address>0x18a1a</load_address>
         <run_address>0x18a1a</run_address>
         <size>0x1aa</size>
         <input_file_ref idref="fl-e3"/>
      </object_component>
      <object_component id="oc-179">
         <name>.debug_info</name>
         <load_address>0x18bc4</load_address>
         <run_address>0x18bc4</run_address>
         <size>0x4b4</size>
         <input_file_ref idref="fl-e4"/>
      </object_component>
      <object_component id="oc-eb">
         <name>.debug_info</name>
         <load_address>0x19078</load_address>
         <run_address>0x19078</run_address>
         <size>0x1a7</size>
         <input_file_ref idref="fl-e4"/>
      </object_component>
      <object_component id="oc-1d0">
         <name>.debug_info</name>
         <load_address>0x1921f</load_address>
         <run_address>0x1921f</run_address>
         <size>0x39</size>
         <input_file_ref idref="fl-e4"/>
      </object_component>
      <object_component id="oc-20d">
         <name>.debug_info</name>
         <load_address>0x19258</load_address>
         <run_address>0x19258</run_address>
         <size>0x39</size>
         <input_file_ref idref="fl-e4"/>
      </object_component>
      <object_component id="oc-1d5">
         <name>.debug_info</name>
         <load_address>0x19291</load_address>
         <run_address>0x19291</run_address>
         <size>0x39</size>
         <input_file_ref idref="fl-e4"/>
      </object_component>
      <object_component id="oc-1da">
         <name>.debug_info</name>
         <load_address>0x192ca</load_address>
         <run_address>0x192ca</run_address>
         <size>0xcd</size>
         <input_file_ref idref="fl-e4"/>
      </object_component>
      <object_component id="oc-91">
         <name>.debug_info</name>
         <load_address>0x19397</load_address>
         <run_address>0x19397</run_address>
         <size>0x154</size>
         <input_file_ref idref="fl-e5"/>
      </object_component>
      <object_component id="oc-df">
         <name>.debug_info</name>
         <load_address>0x194eb</load_address>
         <run_address>0x194eb</run_address>
         <size>0x123</size>
         <input_file_ref idref="fl-e7"/>
      </object_component>
      <object_component id="oc-25d">
         <name>.debug_info</name>
         <load_address>0x1960e</load_address>
         <run_address>0x1960e</run_address>
         <size>0x9e</size>
      </object_component>
      <object_component id="oc-c8">
         <name>.debug_line</name>
         <load_address>0x0</load_address>
         <run_address>0x0</run_address>
         <size>0x40</size>
         <input_file_ref idref="fl-2"/>
      </object_component>
      <object_component id="oc-71">
         <name>.debug_line</name>
         <load_address>0x40</load_address>
         <run_address>0x40</run_address>
         <size>0x40</size>
         <input_file_ref idref="fl-2"/>
      </object_component>
      <object_component id="oc-68">
         <name>.debug_line</name>
         <load_address>0x80</load_address>
         <run_address>0x80</run_address>
         <size>0x71</size>
         <input_file_ref idref="fl-2"/>
      </object_component>
      <object_component id="oc-cc">
         <name>.debug_line</name>
         <load_address>0xf1</load_address>
         <run_address>0xf1</run_address>
         <size>0x51</size>
         <input_file_ref idref="fl-2"/>
      </object_component>
      <object_component id="oc-32">
         <name>.debug_line</name>
         <load_address>0x142</load_address>
         <run_address>0x142</run_address>
         <size>0x20</size>
         <input_file_ref idref="fl-2"/>
      </object_component>
      <object_component id="oc-160">
         <name>.debug_line</name>
         <load_address>0x162</load_address>
         <run_address>0x162</run_address>
         <size>0x55</size>
         <input_file_ref idref="fl-2"/>
      </object_component>
      <object_component id="oc-133">
         <name>.debug_line</name>
         <load_address>0x1b7</load_address>
         <run_address>0x1b7</run_address>
         <size>0x51</size>
         <input_file_ref idref="fl-2"/>
      </object_component>
      <object_component id="oc-bf">
         <name>.debug_line</name>
         <load_address>0x208</load_address>
         <run_address>0x208</run_address>
         <size>0x52</size>
         <input_file_ref idref="fl-2"/>
      </object_component>
      <object_component id="oc-209">
         <name>.debug_line</name>
         <load_address>0x25a</load_address>
         <run_address>0x25a</run_address>
         <size>0x20</size>
         <input_file_ref idref="fl-3"/>
      </object_component>
      <object_component id="oc-18f">
         <name>.debug_line</name>
         <load_address>0x27a</load_address>
         <run_address>0x27a</run_address>
         <size>0x3b</size>
         <input_file_ref idref="fl-3"/>
      </object_component>
      <object_component id="oc-a6">
         <name>.debug_line</name>
         <load_address>0x2b5</load_address>
         <run_address>0x2b5</run_address>
         <size>0x159</size>
         <input_file_ref idref="fl-3"/>
      </object_component>
      <object_component id="oc-167">
         <name>.debug_line</name>
         <load_address>0x40e</load_address>
         <run_address>0x40e</run_address>
         <size>0x62</size>
         <input_file_ref idref="fl-3"/>
      </object_component>
      <object_component id="oc-16c">
         <name>.debug_line</name>
         <load_address>0x470</load_address>
         <run_address>0x470</run_address>
         <size>0x65</size>
         <input_file_ref idref="fl-3"/>
      </object_component>
      <object_component id="oc-138">
         <name>.debug_line</name>
         <load_address>0x4d5</load_address>
         <run_address>0x4d5</run_address>
         <size>0x20</size>
         <input_file_ref idref="fl-4"/>
      </object_component>
      <object_component id="oc-1e7">
         <name>.debug_line</name>
         <load_address>0x4f5</load_address>
         <run_address>0x4f5</run_address>
         <size>0xec</size>
         <input_file_ref idref="fl-7"/>
      </object_component>
      <object_component id="oc-203">
         <name>.debug_line</name>
         <load_address>0x5e1</load_address>
         <run_address>0x5e1</run_address>
         <size>0x73</size>
         <input_file_ref idref="fl-d"/>
      </object_component>
      <object_component id="oc-201">
         <name>.debug_line</name>
         <load_address>0x654</load_address>
         <run_address>0x654</run_address>
         <size>0x4a</size>
         <input_file_ref idref="fl-d"/>
      </object_component>
      <object_component id="oc-1e2">
         <name>.debug_line</name>
         <load_address>0x69e</load_address>
         <run_address>0x69e</run_address>
         <size>0x4a</size>
         <input_file_ref idref="fl-d"/>
      </object_component>
      <object_component id="oc-124">
         <name>.debug_line</name>
         <load_address>0x6e8</load_address>
         <run_address>0x6e8</run_address>
         <size>0x2d9</size>
         <input_file_ref idref="fl-d"/>
      </object_component>
      <object_component id="oc-229">
         <name>.debug_line</name>
         <load_address>0x9c1</load_address>
         <run_address>0x9c1</run_address>
         <size>0x6d</size>
         <input_file_ref idref="fl-f"/>
      </object_component>
      <object_component id="oc-21d">
         <name>.debug_line</name>
         <load_address>0xa2e</load_address>
         <run_address>0xa2e</run_address>
         <size>0x4f</size>
         <input_file_ref idref="fl-f"/>
      </object_component>
      <object_component id="oc-21f">
         <name>.debug_line</name>
         <load_address>0xa7d</load_address>
         <run_address>0xa7d</run_address>
         <size>0x4f</size>
         <input_file_ref idref="fl-f"/>
      </object_component>
      <object_component id="oc-221">
         <name>.debug_line</name>
         <load_address>0xacc</load_address>
         <run_address>0xacc</run_address>
         <size>0x4f</size>
         <input_file_ref idref="fl-f"/>
      </object_component>
      <object_component id="oc-223">
         <name>.debug_line</name>
         <load_address>0xb1b</load_address>
         <run_address>0xb1b</run_address>
         <size>0x4f</size>
         <input_file_ref idref="fl-f"/>
      </object_component>
      <object_component id="oc-225">
         <name>.debug_line</name>
         <load_address>0xb6a</load_address>
         <run_address>0xb6a</run_address>
         <size>0x4f</size>
         <input_file_ref idref="fl-f"/>
      </object_component>
      <object_component id="oc-227">
         <name>.debug_line</name>
         <load_address>0xbb9</load_address>
         <run_address>0xbb9</run_address>
         <size>0x4f</size>
         <input_file_ref idref="fl-f"/>
      </object_component>
      <object_component id="oc-21b">
         <name>.debug_line</name>
         <load_address>0xc08</load_address>
         <run_address>0xc08</run_address>
         <size>0x4f</size>
         <input_file_ref idref="fl-f"/>
      </object_component>
      <object_component id="oc-197">
         <name>.debug_line</name>
         <load_address>0xc57</load_address>
         <run_address>0xc57</run_address>
         <size>0x351</size>
         <input_file_ref idref="fl-f"/>
      </object_component>
      <object_component id="oc-205">
         <name>.debug_line</name>
         <load_address>0xfa8</load_address>
         <run_address>0xfa8</run_address>
         <size>0x73</size>
         <input_file_ref idref="fl-17"/>
      </object_component>
      <object_component id="oc-12a">
         <name>.debug_line</name>
         <load_address>0x101b</load_address>
         <run_address>0x101b</run_address>
         <size>0x6ba</size>
         <input_file_ref idref="fl-17"/>
      </object_component>
      <object_component id="oc-13d">
         <name>.debug_line</name>
         <load_address>0x16d5</load_address>
         <run_address>0x16d5</run_address>
         <size>0x6d</size>
         <input_file_ref idref="fl-17"/>
      </object_component>
      <object_component id="oc-207">
         <name>.debug_line</name>
         <load_address>0x1742</load_address>
         <run_address>0x1742</run_address>
         <size>0x73</size>
         <input_file_ref idref="fl-1c"/>
      </object_component>
      <object_component id="oc-144">
         <name>.debug_line</name>
         <load_address>0x17b5</load_address>
         <run_address>0x17b5</run_address>
         <size>0x2f8</size>
         <input_file_ref idref="fl-1c"/>
      </object_component>
      <object_component id="oc-1bd">
         <name>.debug_line</name>
         <load_address>0x1aad</load_address>
         <run_address>0x1aad</run_address>
         <size>0x6e</size>
         <input_file_ref idref="fl-1c"/>
      </object_component>
      <object_component id="oc-1a3">
         <name>.debug_line</name>
         <load_address>0x1b1b</load_address>
         <run_address>0x1b1b</run_address>
         <size>0xbb</size>
         <input_file_ref idref="fl-1e"/>
      </object_component>
      <object_component id="oc-1a1">
         <name>.debug_line</name>
         <load_address>0x1bd6</load_address>
         <run_address>0x1bd6</run_address>
         <size>0x31</size>
         <input_file_ref idref="fl-1e"/>
      </object_component>
      <object_component id="oc-ad">
         <name>.debug_line</name>
         <load_address>0x1c07</load_address>
         <run_address>0x1c07</run_address>
         <size>0x17f</size>
         <input_file_ref idref="fl-1e"/>
      </object_component>
      <object_component id="oc-1a7">
         <name>.debug_line</name>
         <load_address>0x1d86</load_address>
         <run_address>0x1d86</run_address>
         <size>0x62</size>
         <input_file_ref idref="fl-1e"/>
      </object_component>
      <object_component id="oc-c5">
         <name>.debug_line</name>
         <load_address>0x1de8</load_address>
         <run_address>0x1de8</run_address>
         <size>0x5c</size>
         <input_file_ref idref="fl-1e"/>
      </object_component>
      <object_component id="oc-163">
         <name>.debug_line</name>
         <load_address>0x1e44</load_address>
         <run_address>0x1e44</run_address>
         <size>0x5b</size>
         <input_file_ref idref="fl-1f"/>
      </object_component>
      <object_component id="oc-15a">
         <name>.debug_line</name>
         <load_address>0x1e9f</load_address>
         <run_address>0x1e9f</run_address>
         <size>0x31</size>
         <input_file_ref idref="fl-1f"/>
      </object_component>
      <object_component id="oc-15c">
         <name>.debug_line</name>
         <load_address>0x1ed0</load_address>
         <run_address>0x1ed0</run_address>
         <size>0x31</size>
         <input_file_ref idref="fl-1f"/>
      </object_component>
      <object_component id="oc-6e">
         <name>.debug_line</name>
         <load_address>0x1f01</load_address>
         <run_address>0x1f01</run_address>
         <size>0x13d</size>
         <input_file_ref idref="fl-1f"/>
      </object_component>
      <object_component id="oc-156">
         <name>.debug_line</name>
         <load_address>0x203e</load_address>
         <run_address>0x203e</run_address>
         <size>0x3f</size>
         <input_file_ref idref="fl-1f"/>
      </object_component>
      <object_component id="oc-d8">
         <name>.debug_line</name>
         <load_address>0x207d</load_address>
         <run_address>0x207d</run_address>
         <size>0x4d</size>
         <input_file_ref idref="fl-1f"/>
      </object_component>
      <object_component id="oc-1b9">
         <name>.debug_line</name>
         <load_address>0x20ca</load_address>
         <run_address>0x20ca</run_address>
         <size>0xe9</size>
         <input_file_ref idref="fl-20"/>
      </object_component>
      <object_component id="oc-1b5">
         <name>.debug_line</name>
         <load_address>0x21b3</load_address>
         <run_address>0x21b3</run_address>
         <size>0x34</size>
         <input_file_ref idref="fl-20"/>
      </object_component>
      <object_component id="oc-1ac">
         <name>.debug_line</name>
         <load_address>0x21e7</load_address>
         <run_address>0x21e7</run_address>
         <size>0x34</size>
         <input_file_ref idref="fl-20"/>
      </object_component>
      <object_component id="oc-1b3">
         <name>.debug_line</name>
         <load_address>0x221b</load_address>
         <run_address>0x221b</run_address>
         <size>0x34</size>
         <input_file_ref idref="fl-20"/>
      </object_component>
      <object_component id="oc-1b7">
         <name>.debug_line</name>
         <load_address>0x224f</load_address>
         <run_address>0x224f</run_address>
         <size>0x34</size>
         <input_file_ref idref="fl-20"/>
      </object_component>
      <object_component id="oc-b3">
         <name>.debug_line</name>
         <load_address>0x2283</load_address>
         <run_address>0x2283</run_address>
         <size>0x14c</size>
         <input_file_ref idref="fl-20"/>
      </object_component>
      <object_component id="oc-1b0">
         <name>.debug_line</name>
         <load_address>0x23cf</load_address>
         <run_address>0x23cf</run_address>
         <size>0x34</size>
         <input_file_ref idref="fl-20"/>
      </object_component>
      <object_component id="oc-8b">
         <name>.debug_line</name>
         <load_address>0x2403</load_address>
         <run_address>0x2403</run_address>
         <size>0x79</size>
         <input_file_ref idref="fl-de"/>
      </object_component>
      <object_component id="oc-36">
         <name>.debug_line</name>
         <load_address>0x247c</load_address>
         <run_address>0x247c</run_address>
         <size>0x88</size>
         <input_file_ref idref="fl-df"/>
      </object_component>
      <object_component id="oc-db">
         <name>.debug_line</name>
         <load_address>0x2504</load_address>
         <run_address>0x2504</run_address>
         <size>0x92</size>
         <input_file_ref idref="fl-e0"/>
      </object_component>
      <object_component id="oc-44">
         <name>.debug_line</name>
         <load_address>0x2596</load_address>
         <run_address>0x2596</run_address>
         <size>0x56</size>
         <input_file_ref idref="fl-e0"/>
      </object_component>
      <object_component id="oc-87">
         <name>.debug_line</name>
         <load_address>0x25ec</load_address>
         <run_address>0x25ec</run_address>
         <size>0x34</size>
         <input_file_ref idref="fl-e0"/>
      </object_component>
      <object_component id="oc-82">
         <name>.debug_line</name>
         <load_address>0x2620</load_address>
         <run_address>0x2620</run_address>
         <size>0x20</size>
         <input_file_ref idref="fl-e1"/>
      </object_component>
      <object_component id="oc-1e">
         <name>.debug_line</name>
         <load_address>0x2640</load_address>
         <run_address>0x2640</run_address>
         <size>0x55</size>
         <input_file_ref idref="fl-e1"/>
      </object_component>
      <object_component id="oc-3d">
         <name>.debug_line</name>
         <load_address>0x2695</load_address>
         <run_address>0x2695</run_address>
         <size>0x3a</size>
         <input_file_ref idref="fl-e1"/>
      </object_component>
      <object_component id="oc-7f">
         <name>.debug_line</name>
         <load_address>0x26cf</load_address>
         <run_address>0x26cf</run_address>
         <size>0x92</size>
         <input_file_ref idref="fl-e1"/>
      </object_component>
      <object_component id="oc-d4">
         <name>.debug_line</name>
         <load_address>0x2761</load_address>
         <run_address>0x2761</run_address>
         <size>0x20</size>
         <input_file_ref idref="fl-e2"/>
      </object_component>
      <object_component id="oc-18">
         <name>.debug_line</name>
         <load_address>0x2781</load_address>
         <run_address>0x2781</run_address>
         <size>0xa9</size>
         <input_file_ref idref="fl-e2"/>
      </object_component>
      <object_component id="oc-2d">
         <name>.debug_line</name>
         <load_address>0x282a</load_address>
         <run_address>0x282a</run_address>
         <size>0x3a</size>
         <input_file_ref idref="fl-e2"/>
      </object_component>
      <object_component id="oc-d1">
         <name>.debug_line</name>
         <load_address>0x2864</load_address>
         <run_address>0x2864</run_address>
         <size>0x9a</size>
         <input_file_ref idref="fl-e2"/>
      </object_component>
      <object_component id="oc-78">
         <name>.debug_line</name>
         <load_address>0x28fe</load_address>
         <run_address>0x28fe</run_address>
         <size>0x96</size>
         <input_file_ref idref="fl-e2"/>
      </object_component>
      <object_component id="oc-74">
         <name>.debug_line</name>
         <load_address>0x2994</load_address>
         <run_address>0x2994</run_address>
         <size>0x33</size>
         <input_file_ref idref="fl-e3"/>
      </object_component>
      <object_component id="oc-56">
         <name>.debug_line</name>
         <load_address>0x29c7</load_address>
         <run_address>0x29c7</run_address>
         <size>0x45</size>
         <input_file_ref idref="fl-e3"/>
      </object_component>
      <object_component id="oc-1cf">
         <name>.debug_line</name>
         <load_address>0x2a0c</load_address>
         <run_address>0x2a0c</run_address>
         <size>0xbf</size>
         <input_file_ref idref="fl-e4"/>
      </object_component>
      <object_component id="oc-ee">
         <name>.debug_line</name>
         <load_address>0x2acb</load_address>
         <run_address>0x2acb</run_address>
         <size>0x6f</size>
         <input_file_ref idref="fl-e4"/>
      </object_component>
      <object_component id="oc-1d3">
         <name>.debug_line</name>
         <load_address>0x2b3a</load_address>
         <run_address>0x2b3a</run_address>
         <size>0x2e</size>
         <input_file_ref idref="fl-e4"/>
      </object_component>
      <object_component id="oc-210">
         <name>.debug_line</name>
         <load_address>0x2b68</load_address>
         <run_address>0x2b68</run_address>
         <size>0x9a</size>
         <input_file_ref idref="fl-e4"/>
      </object_component>
      <object_component id="oc-1d8">
         <name>.debug_line</name>
         <load_address>0x2c02</load_address>
         <run_address>0x2c02</run_address>
         <size>0x97</size>
         <input_file_ref idref="fl-e4"/>
      </object_component>
      <object_component id="oc-1dd">
         <name>.debug_line</name>
         <load_address>0x2c99</load_address>
         <run_address>0x2c99</run_address>
         <size>0x93</size>
         <input_file_ref idref="fl-e4"/>
      </object_component>
      <object_component id="oc-94">
         <name>.debug_line</name>
         <load_address>0x2d2c</load_address>
         <run_address>0x2d2c</run_address>
         <size>0x40</size>
         <input_file_ref idref="fl-e5"/>
      </object_component>
      <object_component id="oc-e2">
         <name>.debug_line</name>
         <load_address>0x2d6c</load_address>
         <run_address>0x2d6c</run_address>
         <size>0x3c</size>
         <input_file_ref idref="fl-e7"/>
      </object_component>
      <object_component id="oc-69">
         <name>.debug_frame</name>
         <load_address>0x0</load_address>
         <run_address>0x0</run_address>
         <size>0x6c</size>
         <input_file_ref idref="fl-2"/>
      </object_component>
      <object_component id="oc-a7">
         <name>.debug_frame</name>
         <load_address>0x6c</load_address>
         <run_address>0x6c</run_address>
         <size>0x70</size>
         <input_file_ref idref="fl-3"/>
      </object_component>
      <object_component id="oc-1e8">
         <name>.debug_frame</name>
         <load_address>0xdc</load_address>
         <run_address>0xdc</run_address>
         <size>0xbc</size>
         <input_file_ref idref="fl-7"/>
      </object_component>
      <object_component id="oc-125">
         <name>.debug_frame</name>
         <load_address>0x198</load_address>
         <run_address>0x198</run_address>
         <size>0x22c</size>
         <input_file_ref idref="fl-d"/>
      </object_component>
      <object_component id="oc-198">
         <name>.debug_frame</name>
         <load_address>0x3c4</load_address>
         <run_address>0x3c4</run_address>
         <size>0x210</size>
         <input_file_ref idref="fl-f"/>
      </object_component>
      <object_component id="oc-12b">
         <name>.debug_frame</name>
         <load_address>0x5d4</load_address>
         <run_address>0x5d4</run_address>
         <size>0x548</size>
         <input_file_ref idref="fl-17"/>
      </object_component>
      <object_component id="oc-145">
         <name>.debug_frame</name>
         <load_address>0xb1c</load_address>
         <run_address>0xb1c</run_address>
         <size>0x228</size>
         <input_file_ref idref="fl-1c"/>
      </object_component>
      <object_component id="oc-ae">
         <name>.debug_frame</name>
         <load_address>0xd44</load_address>
         <run_address>0xd44</run_address>
         <size>0xf0</size>
         <input_file_ref idref="fl-1e"/>
      </object_component>
      <object_component id="oc-6f">
         <name>.debug_frame</name>
         <load_address>0xe34</load_address>
         <run_address>0xe34</run_address>
         <size>0xe8</size>
         <input_file_ref idref="fl-1f"/>
      </object_component>
      <object_component id="oc-b4">
         <name>.debug_frame</name>
         <load_address>0xf1c</load_address>
         <run_address>0xf1c</run_address>
         <size>0xe8</size>
         <input_file_ref idref="fl-20"/>
      </object_component>
      <object_component id="oc-45">
         <name>.debug_frame</name>
         <load_address>0x1004</load_address>
         <run_address>0x1004</run_address>
         <size>0x54</size>
         <input_file_ref idref="fl-e0"/>
      </object_component>
      <object_component id="oc-1f">
         <name>.debug_frame</name>
         <load_address>0x1058</load_address>
         <run_address>0x1058</run_address>
         <size>0x54</size>
         <input_file_ref idref="fl-e1"/>
      </object_component>
      <object_component id="oc-19">
         <name>.debug_frame</name>
         <load_address>0x10ac</load_address>
         <run_address>0x10ac</run_address>
         <size>0x60</size>
         <input_file_ref idref="fl-e2"/>
      </object_component>
      <object_component id="oc-57">
         <name>.debug_frame</name>
         <load_address>0x110c</load_address>
         <run_address>0x110c</run_address>
         <size>0x50</size>
         <input_file_ref idref="fl-e3"/>
      </object_component>
      <object_component id="oc-ef">
         <name>.debug_frame</name>
         <load_address>0x115c</load_address>
         <run_address>0x115c</run_address>
         <size>0x5c</size>
         <input_file_ref idref="fl-e4"/>
      </object_component>
      <object_component id="oc-95">
         <name>.debug_frame</name>
         <load_address>0x11b8</load_address>
         <run_address>0x11b8</run_address>
         <size>0x54</size>
         <input_file_ref idref="fl-e5"/>
      </object_component>
      <object_component id="oc-e3">
         <name>.debug_frame</name>
         <load_address>0x120c</load_address>
         <run_address>0x120c</run_address>
         <size>0x54</size>
         <input_file_ref idref="fl-e7"/>
      </object_component>
      <object_component id="oc-c7">
         <name>.debug_abbrev</name>
         <load_address>0x0</load_address>
         <run_address>0x0</run_address>
         <size>0x7c</size>
         <input_file_ref idref="fl-2"/>
      </object_component>
      <object_component id="oc-70">
         <name>.debug_abbrev</name>
         <load_address>0x7c</load_address>
         <run_address>0x7c</run_address>
         <size>0x29</size>
         <input_file_ref idref="fl-2"/>
      </object_component>
      <object_component id="oc-a8">
         <name>.debug_abbrev</name>
         <load_address>0xa5</load_address>
         <run_address>0xa5</run_address>
         <size>0x89</size>
         <input_file_ref idref="fl-2"/>
      </object_component>
      <object_component id="oc-cb">
         <name>.debug_abbrev</name>
         <load_address>0x12e</load_address>
         <run_address>0x12e</run_address>
         <size>0x69</size>
         <input_file_ref idref="fl-2"/>
      </object_component>
      <object_component id="oc-31">
         <name>.debug_abbrev</name>
         <load_address>0x197</load_address>
         <run_address>0x197</run_address>
         <size>0x1f</size>
         <input_file_ref idref="fl-2"/>
      </object_component>
      <object_component id="oc-15f">
         <name>.debug_abbrev</name>
         <load_address>0x1b6</load_address>
         <run_address>0x1b6</run_address>
         <size>0x5c</size>
         <input_file_ref idref="fl-2"/>
      </object_component>
      <object_component id="oc-132">
         <name>.debug_abbrev</name>
         <load_address>0x212</load_address>
         <run_address>0x212</run_address>
         <size>0x24</size>
         <input_file_ref idref="fl-2"/>
      </object_component>
      <object_component id="oc-be">
         <name>.debug_abbrev</name>
         <load_address>0x236</load_address>
         <run_address>0x236</run_address>
         <size>0x24</size>
         <input_file_ref idref="fl-2"/>
      </object_component>
      <object_component id="oc-208">
         <name>.debug_abbrev</name>
         <load_address>0x25a</load_address>
         <run_address>0x25a</run_address>
         <size>0x71</size>
         <input_file_ref idref="fl-3"/>
      </object_component>
      <object_component id="oc-18e">
         <name>.debug_abbrev</name>
         <load_address>0x2cb</load_address>
         <run_address>0x2cb</run_address>
         <size>0x29</size>
         <input_file_ref idref="fl-3"/>
      </object_component>
      <object_component id="oc-11f">
         <name>.debug_abbrev</name>
         <load_address>0x2f4</load_address>
         <run_address>0x2f4</run_address>
         <size>0x8b</size>
         <input_file_ref idref="fl-3"/>
      </object_component>
      <object_component id="oc-166">
         <name>.debug_abbrev</name>
         <load_address>0x37f</load_address>
         <run_address>0x37f</run_address>
         <size>0xbd</size>
         <input_file_ref idref="fl-3"/>
      </object_component>
      <object_component id="oc-16b">
         <name>.debug_abbrev</name>
         <load_address>0x43c</load_address>
         <run_address>0x43c</run_address>
         <size>0x97</size>
         <input_file_ref idref="fl-3"/>
      </object_component>
      <object_component id="oc-137">
         <name>.debug_abbrev</name>
         <load_address>0x4d3</load_address>
         <run_address>0x4d3</run_address>
         <size>0x1f</size>
         <input_file_ref idref="fl-4"/>
      </object_component>
      <object_component id="oc-219">
         <name>.debug_abbrev</name>
         <load_address>0x4f2</load_address>
         <run_address>0x4f2</run_address>
         <size>0xf9</size>
         <input_file_ref idref="fl-7"/>
      </object_component>
      <object_component id="oc-202">
         <name>.debug_abbrev</name>
         <load_address>0x5eb</load_address>
         <run_address>0x5eb</run_address>
         <size>0xbb</size>
         <input_file_ref idref="fl-d"/>
      </object_component>
      <object_component id="oc-200">
         <name>.debug_abbrev</name>
         <load_address>0x6a6</load_address>
         <run_address>0x6a6</run_address>
         <size>0x27</size>
         <input_file_ref idref="fl-d"/>
      </object_component>
      <object_component id="oc-1e1">
         <name>.debug_abbrev</name>
         <load_address>0x6cd</load_address>
         <run_address>0x6cd</run_address>
         <size>0x27</size>
         <input_file_ref idref="fl-d"/>
      </object_component>
      <object_component id="oc-19c">
         <name>.debug_abbrev</name>
         <load_address>0x6f4</load_address>
         <run_address>0x6f4</run_address>
         <size>0x105</size>
         <input_file_ref idref="fl-d"/>
      </object_component>
      <object_component id="oc-228">
         <name>.debug_abbrev</name>
         <load_address>0x7f9</load_address>
         <run_address>0x7f9</run_address>
         <size>0xb4</size>
         <input_file_ref idref="fl-f"/>
      </object_component>
      <object_component id="oc-21c">
         <name>.debug_abbrev</name>
         <load_address>0x8ad</load_address>
         <run_address>0x8ad</run_address>
         <size>0x27</size>
         <input_file_ref idref="fl-f"/>
      </object_component>
      <object_component id="oc-21e">
         <name>.debug_abbrev</name>
         <load_address>0x8d4</load_address>
         <run_address>0x8d4</run_address>
         <size>0x27</size>
         <input_file_ref idref="fl-f"/>
      </object_component>
      <object_component id="oc-220">
         <name>.debug_abbrev</name>
         <load_address>0x8fb</load_address>
         <run_address>0x8fb</run_address>
         <size>0x27</size>
         <input_file_ref idref="fl-f"/>
      </object_component>
      <object_component id="oc-222">
         <name>.debug_abbrev</name>
         <load_address>0x922</load_address>
         <run_address>0x922</run_address>
         <size>0x27</size>
         <input_file_ref idref="fl-f"/>
      </object_component>
      <object_component id="oc-224">
         <name>.debug_abbrev</name>
         <load_address>0x949</load_address>
         <run_address>0x949</run_address>
         <size>0x27</size>
         <input_file_ref idref="fl-f"/>
      </object_component>
      <object_component id="oc-226">
         <name>.debug_abbrev</name>
         <load_address>0x970</load_address>
         <run_address>0x970</run_address>
         <size>0x27</size>
         <input_file_ref idref="fl-f"/>
      </object_component>
      <object_component id="oc-21a">
         <name>.debug_abbrev</name>
         <load_address>0x997</load_address>
         <run_address>0x997</run_address>
         <size>0x29</size>
         <input_file_ref idref="fl-f"/>
      </object_component>
      <object_component id="oc-1fe">
         <name>.debug_abbrev</name>
         <load_address>0x9c0</load_address>
         <run_address>0x9c0</run_address>
         <size>0x15d</size>
         <input_file_ref idref="fl-f"/>
      </object_component>
      <object_component id="oc-204">
         <name>.debug_abbrev</name>
         <load_address>0xb1d</load_address>
         <run_address>0xb1d</run_address>
         <size>0xbb</size>
         <input_file_ref idref="fl-17"/>
      </object_component>
      <object_component id="oc-19e">
         <name>.debug_abbrev</name>
         <load_address>0xbd8</load_address>
         <run_address>0xbd8</run_address>
         <size>0x161</size>
         <input_file_ref idref="fl-17"/>
      </object_component>
      <object_component id="oc-13c">
         <name>.debug_abbrev</name>
         <load_address>0xd39</load_address>
         <run_address>0xd39</run_address>
         <size>0x4b</size>
         <input_file_ref idref="fl-17"/>
      </object_component>
      <object_component id="oc-206">
         <name>.debug_abbrev</name>
         <load_address>0xd84</load_address>
         <run_address>0xd84</run_address>
         <size>0xbb</size>
         <input_file_ref idref="fl-1c"/>
      </object_component>
      <object_component id="oc-1a9">
         <name>.debug_abbrev</name>
         <load_address>0xe3f</load_address>
         <run_address>0xe3f</run_address>
         <size>0x132</size>
         <input_file_ref idref="fl-1c"/>
      </object_component>
      <object_component id="oc-1bc">
         <name>.debug_abbrev</name>
         <load_address>0xf71</load_address>
         <run_address>0xf71</run_address>
         <size>0x4b</size>
         <input_file_ref idref="fl-1c"/>
      </object_component>
      <object_component id="oc-1a2">
         <name>.debug_abbrev</name>
         <load_address>0xfbc</load_address>
         <run_address>0xfbc</run_address>
         <size>0xe4</size>
         <input_file_ref idref="fl-1e"/>
      </object_component>
      <object_component id="oc-1a0">
         <name>.debug_abbrev</name>
         <load_address>0x10a0</load_address>
         <run_address>0x10a0</run_address>
         <size>0x27</size>
         <input_file_ref idref="fl-1e"/>
      </object_component>
      <object_component id="oc-12f">
         <name>.debug_abbrev</name>
         <load_address>0x10c7</load_address>
         <run_address>0x10c7</run_address>
         <size>0xd4</size>
         <input_file_ref idref="fl-1e"/>
      </object_component>
      <object_component id="oc-1a6">
         <name>.debug_abbrev</name>
         <load_address>0x119b</load_address>
         <run_address>0x119b</run_address>
         <size>0xbd</size>
         <input_file_ref idref="fl-1e"/>
      </object_component>
      <object_component id="oc-c4">
         <name>.debug_abbrev</name>
         <load_address>0x1258</load_address>
         <run_address>0x1258</run_address>
         <size>0x49</size>
         <input_file_ref idref="fl-1e"/>
      </object_component>
      <object_component id="oc-162">
         <name>.debug_abbrev</name>
         <load_address>0x12a1</load_address>
         <run_address>0x12a1</run_address>
         <size>0xc3</size>
         <input_file_ref idref="fl-1f"/>
      </object_component>
      <object_component id="oc-159">
         <name>.debug_abbrev</name>
         <load_address>0x1364</load_address>
         <run_address>0x1364</run_address>
         <size>0x27</size>
         <input_file_ref idref="fl-1f"/>
      </object_component>
      <object_component id="oc-15b">
         <name>.debug_abbrev</name>
         <load_address>0x138b</load_address>
         <run_address>0x138b</run_address>
         <size>0x27</size>
         <input_file_ref idref="fl-1f"/>
      </object_component>
      <object_component id="oc-bb">
         <name>.debug_abbrev</name>
         <load_address>0x13b2</load_address>
         <run_address>0x13b2</run_address>
         <size>0x10c</size>
         <input_file_ref idref="fl-1f"/>
      </object_component>
      <object_component id="oc-155">
         <name>.debug_abbrev</name>
         <load_address>0x14be</load_address>
         <run_address>0x14be</run_address>
         <size>0x49</size>
         <input_file_ref idref="fl-1f"/>
      </object_component>
      <object_component id="oc-d7">
         <name>.debug_abbrev</name>
         <load_address>0x1507</load_address>
         <run_address>0x1507</run_address>
         <size>0x24</size>
         <input_file_ref idref="fl-1f"/>
      </object_component>
      <object_component id="oc-1b8">
         <name>.debug_abbrev</name>
         <load_address>0x152b</load_address>
         <run_address>0x152b</run_address>
         <size>0xe6</size>
         <input_file_ref idref="fl-20"/>
      </object_component>
      <object_component id="oc-1b4">
         <name>.debug_abbrev</name>
         <load_address>0x1611</load_address>
         <run_address>0x1611</run_address>
         <size>0x27</size>
         <input_file_ref idref="fl-20"/>
      </object_component>
      <object_component id="oc-1ab">
         <name>.debug_abbrev</name>
         <load_address>0x1638</load_address>
         <run_address>0x1638</run_address>
         <size>0x27</size>
         <input_file_ref idref="fl-20"/>
      </object_component>
      <object_component id="oc-1b2">
         <name>.debug_abbrev</name>
         <load_address>0x165f</load_address>
         <run_address>0x165f</run_address>
         <size>0x27</size>
         <input_file_ref idref="fl-20"/>
      </object_component>
      <object_component id="oc-1b6">
         <name>.debug_abbrev</name>
         <load_address>0x1686</load_address>
         <run_address>0x1686</run_address>
         <size>0x27</size>
         <input_file_ref idref="fl-20"/>
      </object_component>
      <object_component id="oc-152">
         <name>.debug_abbrev</name>
         <load_address>0x16ad</load_address>
         <run_address>0x16ad</run_address>
         <size>0xdf</size>
         <input_file_ref idref="fl-20"/>
      </object_component>
      <object_component id="oc-1af">
         <name>.debug_abbrev</name>
         <load_address>0x178c</load_address>
         <run_address>0x178c</run_address>
         <size>0x42</size>
         <input_file_ref idref="fl-20"/>
      </object_component>
      <object_component id="oc-dc">
         <name>.debug_abbrev</name>
         <load_address>0x17ce</load_address>
         <run_address>0x17ce</run_address>
         <size>0x4f</size>
         <input_file_ref idref="fl-de"/>
      </object_component>
      <object_component id="oc-7b">
         <name>.debug_abbrev</name>
         <load_address>0x181d</load_address>
         <run_address>0x181d</run_address>
         <size>0x3e</size>
         <input_file_ref idref="fl-df"/>
      </object_component>
      <object_component id="oc-da">
         <name>.debug_abbrev</name>
         <load_address>0x185b</load_address>
         <run_address>0x185b</run_address>
         <size>0x5d</size>
         <input_file_ref idref="fl-e0"/>
      </object_component>
      <object_component id="oc-83">
         <name>.debug_abbrev</name>
         <load_address>0x18b8</load_address>
         <run_address>0x18b8</run_address>
         <size>0x6f</size>
         <input_file_ref idref="fl-e0"/>
      </object_component>
      <object_component id="oc-86">
         <name>.debug_abbrev</name>
         <load_address>0x1927</load_address>
         <run_address>0x1927</run_address>
         <size>0x24</size>
         <input_file_ref idref="fl-e0"/>
      </object_component>
      <object_component id="oc-81">
         <name>.debug_abbrev</name>
         <load_address>0x194b</load_address>
         <run_address>0x194b</run_address>
         <size>0x37</size>
         <input_file_ref idref="fl-e1"/>
      </object_component>
      <object_component id="oc-39">
         <name>.debug_abbrev</name>
         <load_address>0x1982</load_address>
         <run_address>0x1982</run_address>
         <size>0x74</size>
         <input_file_ref idref="fl-e1"/>
      </object_component>
      <object_component id="oc-3c">
         <name>.debug_abbrev</name>
         <load_address>0x19f6</load_address>
         <run_address>0x19f6</run_address>
         <size>0x24</size>
         <input_file_ref idref="fl-e1"/>
      </object_component>
      <object_component id="oc-7e">
         <name>.debug_abbrev</name>
         <load_address>0x1a1a</load_address>
         <run_address>0x1a1a</run_address>
         <size>0x24</size>
         <input_file_ref idref="fl-e1"/>
      </object_component>
      <object_component id="oc-d3">
         <name>.debug_abbrev</name>
         <load_address>0x1a3e</load_address>
         <run_address>0x1a3e</run_address>
         <size>0x37</size>
         <input_file_ref idref="fl-e2"/>
      </object_component>
      <object_component id="oc-29">
         <name>.debug_abbrev</name>
         <load_address>0x1a75</load_address>
         <run_address>0x1a75</run_address>
         <size>0x6f</size>
         <input_file_ref idref="fl-e2"/>
      </object_component>
      <object_component id="oc-2c">
         <name>.debug_abbrev</name>
         <load_address>0x1ae4</load_address>
         <run_address>0x1ae4</run_address>
         <size>0x24</size>
         <input_file_ref idref="fl-e2"/>
      </object_component>
      <object_component id="oc-d0">
         <name>.debug_abbrev</name>
         <load_address>0x1b08</load_address>
         <run_address>0x1b08</run_address>
         <size>0x35</size>
         <input_file_ref idref="fl-e2"/>
      </object_component>
[...]
         <name>EUSCI_B_SPI_enable</name>
         <value>0x753</value>
         <object_component_ref idref="oc-126"/>
      </symbol>
      <symbol id="sm-262">
         <name>SPI_enableModule</name>
         <value>0x319</value>
         <object_component_ref idref="oc-126"/>
      </symbol>
      <symbol id="sm-263">
         <name>EUSCI_A_SPI_receiveData</name>
         <value>0x8ab</value>
         <object_component_ref idref="oc-126"/>
      </symbol>
      <symbol id="sm-264">
         <name>EUSCI_A_SPI_transmitData</name>
         <value>0x895</value>
         <object_component_ref idref="oc-126"/>
      </symbol>
      <symbol id="sm-265">
         <name>SPI_disableModule</name>
         <value>0x335</value>
         <object_component_ref idref="oc-126"/>
      </symbol>
      <symbol id="sm-266">
         <name>EUSCI_B_SPI_getReceiveBufferAddressForDMA</name>
         <value>0x77f</value>
         <object_component_ref idref="oc-126"/>
      </symbol>
      <symbol id="sm-267">
         <name>SPI_changeMasterClock</name>
         <value>0x201</value>
         <object_component_ref idref="oc-126"/>
      </symbol>
      <symbol id="sm-268">
         <name>EUSCI_B_SPI_disableInterrupt</name>
         <value>0x707</value>
         <object_component_ref idref="oc-126"/>
      </symbol>
      <symbol id="sm-269">
         <name>EUSCI_B_SPI_disable</name>
         <value>0x769</value>
         <object_component_ref idref="oc-126"/>
      </symbol>
      <symbol id="sm-26a">
         <name>SPI_selectFourPinFunctionality</name>
         <value>0x1db</value>
         <object_component_ref idref="oc-126"/>
      </symbol>
      <symbol id="sm-26b">
         <name>SPI_clearInterruptFlag</name>
         <value>0x459</value>
         <object_component_ref idref="oc-126"/>
      </symbol>
      <symbol id="sm-26c">
         <name>SPI_registerInterrupt</name>
         <value>0x47f</value>
         <object_component_ref idref="oc-126"/>
      </symbol>
      <symbol id="sm-26d">
         <name>EUSCI_B_SPI_changeClockPhasePolarity</name>
         <value>0x685</value>
         <object_component_ref idref="oc-126"/>
      </symbol>
      <symbol id="sm-26e">
         <name>EUSCI_B_SPI_transmitData</name>
         <value>0x6c7</value>
         <object_component_ref idref="oc-126"/>
      </symbol>
      <symbol id="sm-26f">
         <name>SPI_isBusy</name>
         <value>0x399</value>
         <object_component_ref idref="oc-126"/>
      </symbol>
      <symbol id="sm-270">
         <name>EUSCI_B_SPI_clearInterruptFlag</name>
         <value>0x739</value>
         <object_component_ref idref="oc-126"/>
      </symbol>
      <symbol id="sm-271">
         <name>EUSCI_A_SPI_clearInterruptFlag</name>
         <value>0x907</value>
         <object_component_ref idref="oc-126"/>
      </symbol>
      <symbol id="sm-272">
         <name>SPI_transmitData</name>
         <value>0x2d7</value>
         <object_component_ref idref="oc-126"/>
      </symbol>
      <symbol id="sm-273">
         <name>SPI_getReceiveBufferAddressForDMA</name>
         <value>0x351</value>
         <object_component_ref idref="oc-126"/>
      </symbol>
      <symbol id="sm-274">
         <name>SPI_getTransmitBufferAddressForDMA</name>
         <value>0x36d</value>
         <object_component_ref idref="oc-126"/>
      </symbol>
      <symbol id="sm-275">
         <name>EUSCI_A_SPI_enable</name>
         <value>0x921</value>
         <object_component_ref idref="oc-126"/>
      </symbol>
      <symbol id="sm-276">
         <name>EUSCI_B_SPI_enableInterrupt</name>
         <value>0x6ed</value>
         <object_component_ref idref="oc-126"/>
      </symbol>
      <symbol id="sm-277">
         <name>SPI_receiveData</name>
         <value>0x2fd</value>
         <object_component_ref idref="oc-126"/>
      </symbol>
      <symbol id="sm-278">
         <name>EUSCI_A_SPI_getReceiveBufferAddressForDMA</name>
         <value>0x94d</value>
         <object_component_ref idref="oc-126"/>
      </symbol>
      <symbol id="sm-279">
         <name>SPI_getInterruptStatus</name>
         <value>0x401</value>
         <object_component_ref idref="oc-126"/>
      </symbol>
      <symbol id="sm-27a">
         <name>EUSCI_A_SPI_slaveInit</name>
         <value>0x809</value>
         <object_component_ref idref="oc-126"/>
      </symbol>
      <symbol id="sm-27b">
         <name>EUSCI_B_SPI_slaveInit</name>
         <value>0x63b</value>
         <object_component_ref idref="oc-126"/>
      </symbol>
      <symbol id="sm-27c">
         <name>SPI_initMaster</name>
         <value>0x115</value>
         <object_component_ref idref="oc-126"/>
      </symbol>
      <symbol id="sm-27d">
         <name>SPI_getEnabledInterruptStatus</name>
         <value>0x429</value>
         <object_component_ref idref="oc-126"/>
      </symbol>
      <symbol id="sm-27e">
         <name>EUSCI_B_SPI_getTransmitBufferAddressForDMA</name>
         <value>0x78d</value>
         <object_component_ref idref="oc-126"/>
      </symbol>
      <symbol id="sm-27f">
         <name>EUSCI_A_SPI_disableInterrupt</name>
         <value>0x8d5</value>
         <object_component_ref idref="oc-126"/>
      </symbol>
      <symbol id="sm-280">
         <name>SPI_unregisterInterrupt</name>
         <value>0x53d</value>
         <object_component_ref idref="oc-126"/>
      </symbol>
      <symbol id="sm-281">
         <name>EUSCI_A_SPI_masterChangeClock</name>
         <value>0x7d3</value>
         <object_component_ref idref="oc-126"/>
      </symbol>
      <symbol id="sm-282">
         <name>EUSCI_A_SPI_isBusy</name>
         <value>0x969</value>
         <object_component_ref idref="oc-126"/>
      </symbol>
      <symbol id="sm-283">
         <name>SPI_enableInterrupt</name>
         <value>0x3b5</value>
         <object_component_ref idref="oc-126"/>
      </symbol>
      <symbol id="sm-284">
         <name>SPI_disableInterrupt</name>
         <value>0x3db</value>
         <object_component_ref idref="oc-126"/>
      </symbol>
      <symbol id="sm-2df">
         <name>UART_unregisterInterrupt</name>
         <value>0x11b9</value>
         <object_component_ref idref="oc-140"/>
      </symbol>
      <symbol id="sm-2e0">
         <name>UART_enableInterrupt</name>
         <value>0x1045</value>
         <object_component_ref idref="oc-140"/>
      </symbol>
      <symbol id="sm-2e1">
         <name>UART_receiveData</name>
         <value>0xf1b</value>
         <object_component_ref idref="oc-140"/>
      </symbol>
      <symbol id="sm-2e2">
         <name>UART_enableModule</name>
         <value>0xf41</value>
         <object_component_ref idref="oc-140"/>
      </symbol>
      <symbol id="sm-2e3">
         <name>UART_disableModule</name>
         <value>0xf57</value>
         <object_component_ref idref="oc-140"/>
      </symbol>
      <symbol id="sm-2e4">
         <name>UART_getEnabledInterruptStatus</name>
         <value>0x10c1</value>
         <object_component_ref idref="oc-140"/>
      </symbol>
      <symbol id="sm-2e5">
         <name>UART_transmitData</name>
         <value>0xef1</value>
         <object_component_ref idref="oc-140"/>
      </symbol>
      <symbol id="sm-2e6">
         <name>UART_transmitBreak</name>
         <value>0xfc7</value>
         <object_component_ref idref="oc-140"/>
      </symbol>
      <symbol id="sm-2e7">
         <name>UART_registerInterrupt</name>
         <value>0x113d</value>
         <object_component_ref idref="oc-140"/>
      </symbol>
      <symbol id="sm-2e8">
         <name>UART_selectDeglitchTime</name>
         <value>0x1029</value>
         <object_component_ref idref="oc-140"/>
      </symbol>
      <symbol id="sm-2e9">
         <name>UART_getInterruptStatus</name>
         <value>0x10a5</value>
         <object_component_ref idref="oc-140"/>
      </symbol>
      <symbol id="sm-2ea">
         <name>UART_getReceiveBufferAddressForDMA</name>
         <value>0x100d</value>
         <object_component_ref idref="oc-140"/>
      </symbol>
      <symbol id="sm-2eb">
         <name>UART_getTransmitBufferAddressForDMA</name>
         <value>0x101b</value>
         <object_component_ref idref="oc-140"/>
      </symbol>
      <symbol id="sm-2ec">
         <name>UART_initModule</name>
         <value>0xe09</value>
         <object_component_ref idref="oc-140"/>
      </symbol>
      <symbol id="sm-2ed">
         <name>UART_transmitAddress</name>
         <value>0xfa9</value>
         <object_component_ref idref="oc-140"/>
      </symbol>
      <symbol id="sm-2ee">
         <name>UART_clearInterruptFlag</name>
         <value>0x111d</value>
         <object_component_ref idref="oc-140"/>
      </symbol>
      <symbol id="sm-2ef">
         <name>UART_queryStatusFlags</name>
         <value>0xf6d</value>
         <object_component_ref idref="oc-140"/>
      </symbol>
      <symbol id="sm-2f0">
         <name>UART_disableInterrupt</name>
         <value>0x1075</value>
         <object_component_ref idref="oc-140"/>
      </symbol>
      <symbol id="sm-2f1">
         <name>UART_setDormant</name>
         <value>0xf81</value>
         <object_component_ref idref="oc-140"/>
      </symbol>
      <symbol id="sm-2f2">
         <name>UART_resetDormant</name>
         <value>0xf95</value>
         <object_component_ref idref="oc-140"/>
      </symbol>
      <symbol id="sm-332">
         <name>bolt_data_available</name>
         <value>0x19fb</value>
         <object_component_ref idref="oc-a9"/>
      </symbol>
      <symbol id="sm-333">
         <name>bolt_write</name>
         <value>0x1a07</value>
         <object_component_ref idref="oc-a9"/>
      </symbol>
      <symbol id="sm-334">
         <name>bolt_init</name>
         <value>0x197d</value>
         <object_component_ref idref="oc-a9"/>
      </symbol>
      <symbol id="sm-335">
         <name>bolt_read</name>
         <value>0x1ae7</value>
         <object_component_ref idref="oc-a9"/>
      </symbol>
      <symbol id="sm-373">
         <name>SysTick_Handler</name>
         <value>0x1ecd</value>
         <object_component_ref idref="oc-6a"/>
      </symbol>
      <symbol id="sm-374">
         <name>main</name>
         <value>0x1fd5</value>
         <object_component_ref idref="oc-6a"/>
      </symbol>
      <symbol id="sm-3da">
         <name>pi_uart_get_pose</name>
         <value>0x1e63</value>
         <object_component_ref idref="oc-af"/>
      </symbol>
      <symbol id="sm-3db">
         <name>pi_uart_init</name>
         <value>0x1ddd</value>
         <object_component_ref idref="oc-af"/>
      </symbol>
      <symbol id="sm-3dc">
         <name>pi_uart_poll</name>
         <value>0x1e3b</value>
         <object_component_ref idref="oc-af"/>
      </symbol>
      <symbol id="sm-3eb">
         <name>__aeabi_memset</name>
         <value>0x20db</value>
         <object_component_ref idref="oc-8a"/>
      </symbol>
      <symbol id="sm-3ec">
         <name>memset</name>
         <value>0x20e1</value>
         <object_component_ref idref="oc-8a"/>
      </symbol>
      <symbol id="sm-3ed">
         <name>__aeabi_memset8</name>
         <value>0x20db</value>
         <object_component_ref idref="oc-8a"/>
      </symbol>
      <symbol id="sm-3ee">
         <name>__aeabi_memset4</name>
         <value>0x20db</value>
         <object_component_ref idref="oc-8a"/>
      </symbol>
      <symbol id="sm-3ef">
         <name>__aeabi_memclr8</name>
         <value>0x20d9</value>
         <object_component_ref idref="oc-8a"/>
      </symbol>
      <symbol id="sm-3f0">
         <name>__aeabi_memclr4</name>
         <value>0x20d9</value>
         <object_component_ref idref="oc-8a"/>
      </symbol>
      <symbol id="sm-3f1">
         <name>__aeabi_memclr</name>
         <value>0x20d9</value>
         <object_component_ref idref="oc-8a"/>
      </symbol>
      <symbol id="sm-40c">
         <name>memcpy</name>
         <value>0x203d</value>
         <object_component_ref idref="oc-34"/>
      </symbol>
      <symbol id="sm-40d">
         <name>__aeabi_memcpy</name>
         <value>0x203d</value>
         <object_component_ref idref="oc-34"/>
      </symbol>
      <symbol id="sm-40e">
         <name>__aeabi_memcpy8</name>
         <value>0x203d</value>
         <object_component_ref idref="oc-34"/>
      </symbol>
      <symbol id="sm-40f">
         <name>__aeabi_memcpy4</name>
         <value>0x203d</value>
         <object_component_ref idref="oc-34"/>
      </symbol>
      <symbol id="sm-423">
         <name>__TI_zero_init_nomemset</name>
         <value>0x2275</value>
         <object_component_ref idref="oc-40"/>
      </symbol>
      <symbol id="sm-43a">
         <name>__TI_decompress_none</name>
         <value>0x2291</value>
         <object_component_ref idref="oc-1a"/>
      </symbol>
      <symbol id="sm-45d">
         <name>__TI_decompress_lzss</name>
         <value>0x2153</value>
         <object_component_ref idref="oc-14"/>
      </symbol>
      <symbol id="sm-470">
         <name>__stack</name>
         <value>0x2000fe00</value>
         <object_component_ref idref="oc-26"/>
      </symbol>
      <symbol id="sm-471">
         <name>_c_int00_noargs</name>
         <value>0x2241</value>
         <object_component_ref idref="oc-52"/>
      </symbol>
      <symbol id="sm-499">
         <name>__TI_auto_init_nobinit_nopinit</name>
         <value>0x21bd</value>
         <object_component_ref idref="oc-ea"/>
      </symbol>
      <symbol id="sm-4a3">
         <name>_system_pre_init</name>
         <value>0x22ad</value>
         <object_component_ref idref="oc-90"/>
      </symbol>
      <symbol id="sm-4af">
         <name>C$$EXIT</name>
         <value>0x22b1</value>
         <object_component_ref idref="oc-de"/>
      </symbol>
      <symbol id="sm-4b0">
         <name>abort</name>
         <value>0x22b1</value>
         <object_component_ref idref="oc-de"/>
      </symbol>
      <symbol id="sm-4b3">
         <name>__TI_static_base__</name>
         <value>0x0</value>
      </symbol>
      <symbol id="sm-4b6">
         <name>__mpu_init</name>
         <value>0x0</value>
      </symbol>
      <symbol id="sm-4b7">
         <name>_system_post_cinit</name>
         <value>0x0</value>
      </symbol>
      <symbol id="sm-4b8">
         <name>NMI_Handler</name>
         <value>0x22ab</value>
      </symbol>
      <symbol id="sm-4b9">
         <name>HardFault_Handler</name>
         <value>0x22ab</value>
      </symbol>
      <symbol id="sm-4ba">
         <name>MemManage_Handler</name>
         <value>0x22ab</value>
      </symbol>
      <symbol id="sm-4bb">
         <name>BusFault_Handler</name>
         <value>0x22ab</value>
      </symbol>
      <symbol id="sm-4bc">
         <name>UsageFault_Handler</name>
         <value>0x22ab</value>
      </symbol>
      <symbol id="sm-4bd">
         <name>SVC_Handler</name>
         <value>0x22ab</value>
      </symbol>
      <symbol id="sm-4be">
         <name>DebugMon_Handler</name>
         <value>0x22ab</value>
      </symbol>
      <symbol id="sm-4bf">
         <name>PendSV_Handler</name>
         <value>0x22ab</value>
      </symbol>
      <symbol id="sm-4c0">
         <name>SysTick_Handler</name>
         <value>0x1ecd</value>
      </symbol>
      <symbol id="sm-4c1">
         <name>PSS_IRQHandler</name>
         <value>0x22ab</value>
      </symbol>
      <symbol id="sm-4c2">
         <name>CS_IRQHandler</name>
         <value>0x22ab</value>
      </symbol>
      <symbol id="sm-4c3">
         <name>PCM_IRQHandler</name>
         <value>0x22ab</value>
      </symbol>
      <symbol id="sm-4c4">
         <name>WDT_A_IRQHandler</name>
         <value>0x22ab</value>
      </symbol>
      <symbol id="sm-4c5">
         <name>FPU_IRQHandler</name>
         <value>0x22ab</value>
      </symbol>
      <symbol id="sm-4c6">
         <name>FLCTL_IRQHandler</name>
         <value>0x22ab</value>
      </symbol>
      <symbol id="sm-4c7">
         <name>COMP_E0_IRQHandler</name>
         <value>0x22ab</value>
      </symbol>
      <symbol id="sm-4c8">
         <name>COMP_E1_IRQHandler</name>
         <value>0x22ab</value>
      </symbol>
      <symbol id="sm-4c9">
         <name>TA0_0_IRQHandler</name>
         <value>0x22ab</value>
      </symbol>
      <symbol id="sm-4ca">
         <name>TA0_N_IRQHandler</name>
         <value>0x22ab</value>
      </symbol>
      <symbol id="sm-4cb">
         <name>TA1_0_IRQHandler</name>
         <value>0x22ab</value>
      </symbol>
      <symbol id="sm-4cc">
         <name>TA1_N_IRQHandler</name>
         <value>0x22ab</value>
      </symbol>
      <symbol id="sm-4cd">
         <name>TA2_0_IRQHandler</name>
         <value>0x22ab</value>
      </symbol>
      <symbol id="sm-4ce">
         <name>TA2_N_IRQHandler</name>
         <value>0x22ab</value>
      </symbol>
      <symbol id="sm-4cf">
         <name>TA3_0_IRQHandler</name>
         <value>0x22ab</value>
      </symbol>
      <symbol id="sm-4d0">
         <name>TA3_N_IRQHandler</name>
         <value>0x22ab</value>
      </symbol>
      <symbol id="sm-4d1">
         <name>EUSCIA0_IRQHandler</name>
         <value>0x22ab</value>
      </symbol>
      <symbol id="sm-4d2">
         <name>EUSCIA1_IRQHandler</name>
         <value>0x22ab</value>
      </symbol>
      <symbol id="sm-4d3">
         <name>EUSCIA2_IRQHandler</name>
         <value>0x22ab</value>
      </symbol>
      <symbol id="sm-4d4">
         <name>EUSCIA3_IRQHandler</name>
         <value>0x22ab</value>
      </symbol>
      <symbol id="sm-4d5">
         <name>EUSCIB0_IRQHandler</name>
         <value>0x22ab</value>
      </symbol>
      <symbol id="sm-4d6">
         <name>EUSCIB1_IRQHandler</name>
         <value>0x22ab</value>
      </symbol>
      <symbol id="sm-4d7">
         <name>EUSCIB2_IRQHandler</name>
         <value>0x22ab</value>
      </symbol>
      <symbol id="sm-4d8">
         <name>EUSCIB3_IRQHandler</name>
         <value>0x22ab</value>
      </symbol>
      <symbol id="sm-4d9">
         <name>ADC14_IRQHandler</name>
         <value>0x22ab</value>
      </symbol>
      <symbol id="sm-4da">
         <name>T32_INT1_IRQHandler</name>
         <value>0x22ab</value>
      </symbol>
      <symbol id="sm-4db">
         <name>T32_INT2_IRQHandler</name>
         <value>0x22ab</value>
      </symbol>
      <symbol id="sm-4dc">
         <name>T32_INTC_IRQHandler</name>
         <value>0x22ab</value>
      </symbol>
      <symbol id="sm-4dd">
         <name>AES256_IRQHandler</name>
         <value>0x22ab</value>
      </symbol>
      <symbol id="sm-4de">
         <name>RTC_C_IRQHandler</name>
         <value>0x22ab</value>
      </symbol>
      <symbol id="sm-4df">
         <name>DMA_ERR_IRQHandler</name>
         <value>0x22ab</value>
      </symbol>
      <symbol id="sm-4e0">
         <name>DMA_INT3_IRQHandler</name>
         <value>0x22ab</value>
      </symbol>
      <symbol id="sm-4e1">
         <name>DMA_INT2_IRQHandler</name>
         <value>0x22ab</value>
      </symbol>
      <symbol id="sm-4e2">
         <name>DMA_INT1_IRQHandler</name>
         <value>0x22ab</value>
      </symbol>
      <symbol id="sm-4e3">
         <name>DMA_INT0_IRQHandler</name>
         <value>0x22ab</value>
      </symbol>
      <symbol id="sm-4e4">
         <name>PORT1_IRQHandler</name>
         <value>0x22ab</value>
      </symbol>
      <symbol id="sm-4e5">
         <name>PORT2_IRQHandler</name>
         <value>0x22ab</value>
      </symbol>
      <symbol id="sm-4e6">
         <name>PORT3_IRQHandler</name>
         <value>0x22ab</value>
      </symbol>
      <symbol id="sm-4e7">
         <name>PORT4_IRQHandler</name>
         <value>0x22ab</value>
      </symbol>
      <symbol id="sm-4e8">
         <name>PORT5_IRQHandler</name>
         <value>0x22ab</value>
      </symbol>
      <symbol id="sm-4e9">
         <name>PORT6_IRQHandler</name>
         <value>0x22ab</value>
      </symbol>
   </symbol_table>
   <title>Link successful</title>
</link_info>
