Archive member included to satisfy reference by file (symbol)

/usr/share/segger_embedded_studio_for_arm_5.20/lib/libc_v7em_fpv4_sp_d16_hard_t_le_eabi.a(libc2.o)
                              Output/Debug/Obj/mixer_predictive_triggering/main.o (printf)
/usr/share/segger_embedded_studio_for_arm_5.20/lib/libc_v7em_fpv4_sp_d16_hard_t_le_eabi.a(libc2_asm.o)
                              Output/Debug/Obj/mixer_predictive_triggering/main.o (memcpy)
/usr/share/segger_embedded_studio_for_arm_5.20/lib/libc_v7em_fpv4_sp_d16_hard_t_le_eabi.a(libvfprintf.o)
                              (__vfprintf_long)
/usr/share/segger_embedded_studio_for_arm_5.20/lib/libc_v7em_fpv4_sp_d16_hard_t_le_eabi.a(libvfscanf.o)
                              (__vfscanf_long)
/usr/share/segger_embedded_studio_for_arm_5.20/lib/libc_v7em_fpv4_sp_d16_hard_t_le_eabi.a(libc.o)
                              /usr/share/segger_embedded_studio_for_arm_5.20/lib/libc_v7em_fpv4_sp_d16_hard_t_le_eabi.a(libc2.o) (__heap_lock)
/usr/share/segger_embedded_studio_for_arm_5.20/lib/libc_v7em_fpv4_sp_d16_hard_t_le_eabi.a(libc_asm.o)
                              /usr/share/segger_embedded_studio_for_arm_5.20/lib/libc_v7em_fpv4_sp_d16_hard_t_le_eabi.a(libc2.o) (__aeabi_uldivmod)
/usr/share/segger_embedded_studio_for_arm_5.20/lib/libdebugio_v7em_fpv4_sp_d16_hard_t_le_eabi.a(libdebugio.o)
                              Output/Debug/Obj/mixer_predictive_triggering/thumb_crt0.o (debug_fopen)
/usr/share/segger_embedded_studio_for_arm_5.20/lib/libdebugio_v7em_fpv4_sp_d16_hard_t_le_eabi.a(do_nv_debug_operation.o)
                              /usr/share/segger_embedded_studio_for_arm_5.20/lib/libdebugio_v7em_fpv4_sp_d16_hard_t_le_eabi.a(libdebugio.o) (__do_nvdebug_operation)
/usr/share/segger_embedded_studio_for_arm_5.20/lib/libdebugio_v7em_fpv4_sp_d16_hard_t_le_eabi.a(mempoll_debug_operations.o)
                              (__do_debug_operation_mempoll)
/usr/share/segger_embedded_studio_for_arm_5.20/lib/libm_v7em_fpv4_sp_d16_hard_t_le_eabi.a(libm_asm.o)
                              /usr/share/segger_embedded_studio_for_arm_5.20/lib/libc_v7em_fpv4_sp_d16_hard_t_le_eabi.a(libc2.o) (__aeabi_dadd)
/usr/share/segger_embedded_studio_for_arm_5.20/lib/libm_v7em_fpv4_sp_d16_hard_t_le_eabi.a(libm2.o)
                              /usr/share/segger_embedded_studio_for_arm_5.20/lib/libc_v7em_fpv4_sp_d16_hard_t_le_eabi.a(libvfprintf.o) (frexp)

Discarded input sections

 .group         0x0000000000000000        0xc Output/Debug/Obj/mixer_predictive_triggering/system_nrf52840.o
 .group         0x0000000000000000        0xc Output/Debug/Obj/mixer_predictive_triggering/system_nrf52840.o
 .group         0x0000000000000000        0xc Output/Debug/Obj/mixer_predictive_triggering/system_nrf52840.o
 .group         0x0000000000000000        0xc Output/Debug/Obj/mixer_predictive_triggering/system_nrf52840.o
 .group         0x0000000000000000        0xc Output/Debug/Obj/mixer_predictive_triggering/system_nrf52840.o
 .group         0x0000000000000000        0xc Output/Debug/Obj/mixer_predictive_triggering/system_nrf52840.o
 .group         0x0000000000000000        0xc Output/Debug/Obj/mixer_predictive_triggering/system_nrf52840.o
 .group         0x0000000000000000        0xc Output/Debug/Obj/mixer_predictive_triggering/system_nrf52840.o
 .group         0x0000000000000000        0xc Output/Debug/Obj/mixer_predictive_triggering/system_nrf52840.o
 .group         0x0000000000000000        0xc Output/Debug/Obj/mixer_predictive_triggering/system_nrf52840.o
 .group         0x0000000000000000        0xc Output/Debug/Obj/mixer_predictive_triggering/system_nrf52840.o
 .group         0x0000000000000000        0xc Output/Debug/Obj/mixer_predictive_triggering/system_nrf52840.o
 .group         0x0000000000000000        0xc Output/Debug/Obj/mixer_predictive_triggering/system_nrf52840.o
 .text          0x0000000000000000        0x0 Output/Debug/Obj/mixer_predictive_triggering/system_nrf52840.o
 .data          0x0000000000000000        0x0 Output/Debug/Obj/mixer_predictive_triggering/system_nrf52840.o
 .bss           0x0000000000000000        0x0 Output/Debug/Obj/mixer_predictive_triggering/system_nrf52840.o
 .init          0x0000000000000000        0x0 Output/Debug/Obj/mixer_predictive_triggering/system_nrf52840.o
 .init.SystemCoreClockUpdate
                0x0000000000000000       0x10 Output/Debug/Obj/mixer_predictive_triggering/system_nrf52840.o
 .group         0x0000000000000000        0xc Output/Debug/Obj/mixer_predictive_triggering/main.o
 .group         0x0000000000000000        0xc Output/Debug/Obj/mixer_predictive_triggering/main.o
 .group         0x0000000000000000        0xc Output/Debug/Obj/mixer_predictive_triggering/main.o
 .group         0x0000000000000000        0xc Output/Debug/Obj/mixer_predictive_triggering/main.o
 .group         0x0000000000000000        0xc Output/Debug/Obj/mixer_predictive_triggering/main.o
[...]
Memory Configuration

Name             Origin             Length             Attributes
UNPLACED_SECTIONS 0x0000000100000000 0x0000000000000000 xw
RAM              0x0000000020000000 0x0000000000040000 xw
FLASH            0x0000000000000000 0x0000000000100000 xr
*default*        0x0000000000000000 0xffffffffffffffff

Linker script and memory map

                0x0000000000000000                __do_debug_operation = __do_debug_operation_mempoll
                0x0000000000005274                __vfprintf = __vfprintf_long
                0x0000000000000000                __vfscanf = __vfscanf_long
                0x0000000020000000                __RAM_segment_start__ = 0x20000000
                0x0000000020040000                __RAM_segment_end__ = 0x20040000
                0x0000000000040000                __RAM_segment_size__ = 0x40000
                0x0000000000000000                __FLASH_segment_start__ = 0x0
                0x0000000000100000                __FLASH_segment_end__ = 0x100000
                0x0000000000100000                __FLASH_segment_size__ = 0x100000
                0x0000000000000100                __HEAPSIZE__ = 0x100
                0x0000000000000000                __STACKSIZE_PROCESS__ = 0x0
                0x0000000000000100                __STACKSIZE__ = 0x100
                0x0000000020000000                __vectors_ram_load_start__ = ALIGN (__RAM_segment_start__, 0x100)

.vectors_ram    0x0000000020000000        0x0
                0x0000000020000000                __vectors_ram_start__ = .
 *(.vectors_ram .vectors_ram.*)
                0x0000000020000000                __vectors_ram_end__ = (__vectors_ram_start__ + SIZEOF (.vectors_ram))
                0x0000000000000000                __vectors_ram_size__ = SIZEOF (.vectors_ram)
                0x0000000020000000                __vectors_ram_load_end__ = __vectors_ram_end__
                0x0000000000000001                . = ASSERT (((__vectors_ram_start__ == __vectors_ram_end__) || ((__vectors_ram_end__ - __RAM_segment_start__) <= __RAM_segment_size__)), error: .vectors_ram is too large to fit in RAM memory segment)
                0x0000000000000000                __vectors_load_start__ = ALIGN (__FLASH_segment_start__, 0x100)

.vectors        0x0000000000000000       0xf8
                0x0000000000000000                __vectors_start__ = .
 *(.vectors .vectors.*)
 .vectors       0x0000000000000000       0xf8 Output/Debug/Obj/mixer_predictive_triggering/ses_nrf52840_Vectors.o
                0x0000000000000000                _vectors
                0x00000000000000f8                __vectors_end__ = (__vectors_start__ + SIZEOF (.vectors))
                0x00000000000000f8                __vectors_size__ = SIZEOF (.vectors)
                0x00000000000000f8                __vectors_load_end__ = __vectors_end__
                0x0000000000000001                . = ASSERT (((__vectors_start__ == __vectors_end__) || ((__vectors_end__ - __FLASH_segment_start__) <= __FLASH_segment_size__)), error: .vectors is too large to fit in FLASH memory segment)
                0x00000000000000f8                __init_load_start__ = ALIGN (__vectors_end__, 0x4)

.init           0x00000000000000f8      0x43c
                0x00000000000000f8                __init_start__ = .
 *(.init .init.*)
 .init.SystemInit
                0x00000000000000f8      0x23c Output/Debug/Obj/mixer_predictive_triggering/system_nrf52840.o
                0x00000000000000f8                SystemInit
 .init          0x0000000000000334      0x154 Output/Debug/Obj/mixer_predictive_triggering/thumb_crt0.o
                0x0000000000000334                _start
                0x00000000000003e4                exit
 .init          0x0000000000000488       0x40 Output/Debug/Obj/mixer_predictive_triggering/ses_nRF_Startup.o
                0x0000000000000488                Reset_Handler
 .init          0x00000000000004c8       0x6c Output/Debug/Obj/mixer_predictive_triggering/ses_nrf52840_Vectors.o
                0x00000000000004c8                NMI_Handler
                0x00000000000004ca                HardFault_Handler
                0x00000000000004cc                MemoryManagement_Handler
                0x00000000000004ce                BusFault_Handler
                0x00000000000004d0                UsageFault_Handler
                0x00000000000004d2                SVC_Handler
                0x00000000000004d4                DebugMon_Handler
                0x00000000000004d6                PendSV_Handler
                0x00000000000004d8                SysTick_Handler
                0x00000000000004dc                POWER_CLOCK_IRQHandler
                0x00000000000004e0                UARTE0_UART0_IRQHandler
                0x00000000000004e2                SPIM0_SPIS0_TWIM0_TWIS0_SPI0_TWI0_IRQHandler
                0x00000000000004e4                SPIM1_SPIS1_TWIM1_TWIS1_SPI1_TWI1_IRQHandler
                0x00000000000004e6                NFCT_IRQHandler
                0x00000000000004e8                GPIOTE_IRQHandler
                0x00000000000004ea                SAADC_IRQHandler
                0x00000000000004ee                TIMER1_IRQHandler
                0x00000000000004f0                TIMER2_IRQHandler
                0x00000000000004f2                RTC0_IRQHandler
                0x00000000000004f4                TEMP_IRQHandler
                0x00000000000004f6                RNG_IRQHandler
                0x00000000000004f8                ECB_IRQHandler
                0x00000000000004fa                CCM_AAR_IRQHandler
                0x00000000000004fc                WDT_IRQHandler
                0x00000000000004fe                RTC1_IRQHandler
                0x0000000000000500                QDEC_IRQHandler
                0x0000000000000502                COMP_LPCOMP_IRQHandler
                0x0000000000000504                SWI0_EGU0_IRQHandler
                0x0000000000000506                SWI1_EGU1_IRQHandler
                0x0000000000000508                SWI2_EGU2_IRQHandler
                0x000000000000050a                SWI3_EGU3_IRQHandler
                0x000000000000050c                SWI4_EGU4_IRQHandler
                0x000000000000050e                SWI5_EGU5_IRQHandler
                0x0000000000000510                TIMER3_IRQHandler
                0x0000000000000512                TIMER4_IRQHandler
                0x0000000000000514                PWM0_IRQHandler
                0x0000000000000516                PDM_IRQHandler
                0x0000000000000518                MWU_IRQHandler
                0x000000000000051a                PWM1_IRQHandler
                0x000000000000051c                PWM2_IRQHandler
                0x000000000000051e                SPIM2_SPIS2_SPI2_IRQHandler
                0x0000000000000520                RTC2_IRQHandler
                0x0000000000000522                I2S_IRQHandler
                0x0000000000000524                FPU_IRQHandler
                0x0000000000000526                USBD_IRQHandler
                0x0000000000000528                UARTE1_IRQHandler
                0x000000000000052a                QSPI_IRQHandler
                0x000000000000052c                CRYPTOCELL_IRQHandler
                0x000000000000052e                SPIM3_IRQHandler
                0x0000000000000530                PWM3_IRQHandler
                0x0000000000000534                __init_end__ = (__init_start__ + SIZEOF (.init))
                0x000000000000043c                __init_size__ = SIZEOF (.init)
                0x0000000000000534                __init_load_end__ = __init_end__
                0x0000000000000001                . = ASSERT (((__init_start__ == __init_end__) || ((__init_end__ - __FLASH_segment_start__) <= __FLASH_segment_size__)), error: .init is too large to fit in FLASH memory segment)
                0x0000000000000534                __init_rodata_load_start__ = ALIGN (__init_end__, 0x4)

.init_rodata    0x0000000000000534        0x0
                0x0000000000000534                __init_rodata_start__ = .
 *(.init_rodata .init_rodata.*)
                0x0000000000000534                __init_rodata_end__ = (__init_rodata_start__ + SIZEOF (.init_rodata))
                0x0000000000000000                __init_rodata_size__ = SIZEOF (.init_rodata)
                0x0000000000000534                __init_rodata_load_end__ = __init_rodata_end__
                0x0000000000000001                . = ASSERT (((__init_rodata_start__ == __init_rodata_end__) || ((__init_rodata_end__ - __FLASH_segment_start__) <= __FLASH_segment_size__)), error: .init_rodata is too large to fit in FLASH memory segment)
                0x0000000000000534                __text_load_start__ = ALIGN (__init_rodata_end__, 0x4)

.text           0x0000000000000534     0x5384
                0x0000000000000534                __text_start__ = .
 *(.text .text.* .glue_7t .glue_7 .gnu.linkonce.t.* .gcc_except_table .ARM.extab* .gnu.linkonce.armextab.*)
 .glue_7        0x0000000000000534        0x0 linker stubs
 .glue_7t       0x0000000000000534        0x0 linker stubs
 .text.agg_rx_cb
                0x0000000000000534      0x170 Output/Debug/Obj/mixer_predictive_triggering/main.o
 .text.all_flags_set
                0x00000000000006a4       0x1a Output/Debug/Obj/mixer_predictive_triggering/main.o
                0x00000000000006a4                all_flags_set
 *fill*         0x00000000000006be        0x2 
 .text.main     0x00000000000006c0      0xa2c Output/Debug/Obj/mixer_predictive_triggering/main.o
                0x00000000000006c0                main
 .text.bolt_acquire
                0x00000000000010ec       0xe4 Output/Debug/Obj/mixer_predictive_triggering/bolt.o
                0x00000000000010ec                bolt_acquire
 .text.bolt_release
                0x00000000000011d0       0x30 Output/Debug/Obj/mixer_predictive_triggering/bolt.o
                0x00000000000011d0                bolt_release
 .text.bolt_read
                0x0000000000001200       0xa0 Output/Debug/Obj/mixer_predictive_triggering/bolt.o
                0x0000000000001200                bolt_read
 .text.bolt_write
                0x00000000000012a0       0xc8 Output/Debug/Obj/mixer_predictive_triggering/bolt.o
                0x00000000000012a0                bolt_write
 .text.bolt_status
                0x0000000000001368       0x18 Output/Debug/Obj/mixer_predictive_triggering/bolt.o
                0x0000000000001368                bolt_status
 .text.bolt_init
                0x0000000000001380       0x80 Output/Debug/Obj/mixer_predictive_triggering/bolt.o
                0x0000000000001380                bolt_init
 .text.bolt_flush
                0x0000000000001400       0x2c Output/Debug/Obj/mixer_predictive_triggering/bolt.o
                0x0000000000001400                bolt_flush
 .text.gpi_milli_sleep
                0x000000000000142c       0x28 Output/Debug/Obj/mixer_predictive_triggering/gpi.o
                0x000000000000142c                gpi_milli_sleep
 .text.gpi_micro_sleep
                0x0000000000001454       0x24 Output/Debug/Obj/mixer_predictive_triggering/gpi.o
                0x0000000000001454                gpi_micro_sleep
 .text.gpi_radio_get_mode
                0x0000000000001478       0x40 Output/Debug/Obj/mixer_predictive_triggering/gpi.o
                0x0000000000001478                gpi_radio_get_mode
 .text.gpi_radio_dbm_to_power_level
                0x00000000000014b8       0x90 Output/Debug/Obj/mixer_predictive_triggering/gpi.o
                0x00000000000014b8                gpi_radio_dbm_to_power_level
 .text.gpi_radio_set_tx_power
                0x0000000000001548       0x10 Output/Debug/Obj/mixer_predictive_triggering/gpi.o
                0x0000000000001548                gpi_radio_set_tx_power
 .text.gpi_radio_set_channel
                0x0000000000001558       0xd0 Output/Debug/Obj/mixer_predictive_triggering/gpi.o
                0x0000000000001558                gpi_radio_set_channel
 .text.gpi_radio_ble_set_access_address
                0x0000000000001628       0x14 Output/Debug/Obj/mixer_predictive_triggering/gpi.o
                0x0000000000001628                gpi_radio_ble_set_access_address
 .text.gpi_radio_init
                0x000000000000163c      0x154 Output/Debug/Obj/mixer_predictive_triggering/gpi.o
                0x000000000000163c                gpi_radio_init
 .text.gpi_platform_init
                0x0000000000001790      0x200 Output/Debug/Obj/mixer_predictive_triggering/gpi.o
                0x0000000000001790                gpi_platform_init
 .text.gpi_sleep
                0x0000000000001990       0x18 Output/Debug/Obj/mixer_predictive_triggering/gpi.o
                0x0000000000001990                gpi_sleep
 .text.gpi_nrf_uicr_erase
                0x00000000000019a8       0x50 Output/Debug/Obj/mixer_predictive_triggering/gpi.o
                0x00000000000019a8                gpi_nrf_uicr_erase
 .text.gpi_nrf_uicr_write
                0x00000000000019f8       0xb4 Output/Debug/Obj/mixer_predictive_triggering/gpi.o
                0x00000000000019f8                gpi_nrf_uicr_write
 .text.debug_putchar
                0x0000000000001aac       0x48 Output/Debug/Obj/mixer_predictive_triggering/gpi.o
                0x0000000000001aac                debug_putchar
                0x0000000000001aac                __putchar
 .text.gpi_stdin_flush
                0x0000000000001af4       0x2c Output/Debug/Obj/mixer_predictive_triggering/gpi.o
                0x0000000000001af4                gpi_stdin_flush
 .text.getchar  0x0000000000001b20       0x30 Output/Debug/Obj/mixer_predictive_triggering/gpi.o
                0x0000000000001b20                getchar
 .text.getsn    0x0000000000001b50       0x74 Output/Debug/Obj/mixer_predictive_triggering/gpi.o
                0x0000000000001b50                getsn
 .text.mixer_init
                0x0000000000001bc4      0x148 Output/Debug/Obj/mixer_predictive_triggering/mixer.o
                0x0000000000001bc4                mixer_init
 .text.mixer_init_agg
                0x0000000000001d0c        0xc Output/Debug/Obj/mixer_predictive_triggering/mixer.o
                0x0000000000001d0c                mixer_init_agg
 .text.mixer_write_agg
                0x0000000000001d18       0x1c Output/Debug/Obj/mixer_predictive_triggering/mixer.o
                0x0000000000001d18                mixer_write_agg
 .text.mixer_read_agg
                0x0000000000001d34        0x8 Output/Debug/Obj/mixer_predictive_triggering/mixer.o
                0x0000000000001d34                mixer_read_agg
 .text.mixer_print_config
                0x0000000000001d3c      0x15c Output/Debug/Obj/mixer_predictive_triggering/mixer.o
                0x0000000000001d3c                mixer_print_config
 .text.mixer_set_weak_release_slot
                0x0000000000001e98        0xc Output/Debug/Obj/mixer_predictive_triggering/mixer.o
                0x0000000000001e98                mixer_set_weak_release_slot
 .text.mixer_set_weak_return_msg
                0x0000000000001ea4        0xc Output/Debug/Obj/mixer_predictive_triggering/mixer.o
                0x0000000000001ea4                mixer_set_weak_return_msg
 .text.mixer_write
                0x0000000000001eb0      0x154 Output/Debug/Obj/mixer_predictive_triggering/mixer.o
                0x0000000000001eb0                mixer_write
 .text.mixer_arm
                0x0000000000002004       0xa4 Output/Debug/Obj/mixer_predictive_triggering/mixer.o
                0x0000000000002004                mixer_arm
 .text.mixer_start
                0x00000000000020a8       0xc0 Output/Debug/Obj/mixer_predictive_triggering/mixer.o
                0x00000000000020a8                mixer_start
 .text.mixer_read
                0x0000000000002168       0xc4 Output/Debug/Obj/mixer_predictive_triggering/mixer.o
                0x0000000000002168                mixer_read
 .text.mixer_stat_slot
                0x000000000000222c       0x68 Output/Debug/Obj/mixer_predictive_triggering/mixer.o
                0x000000000000222c                mixer_stat_slot
 .text.mixer_statistics
                0x0000000000002294        0x8 Output/Debug/Obj/mixer_predictive_triggering/mixer.o
                0x0000000000002294                mixer_statistics
 .text.append_node
                0x000000000000229c       0x44 Output/Debug/Obj/mixer_predictive_triggering/mixer_history.o
 .text.unlink_node
                0x00000000000022e0       0x74 Output/Debug/Obj/mixer_predictive_triggering/mixer_history.o
 .text.mx_init_history
                0x0000000000002354      0x100 Output/Debug/Obj/mixer_predictive_triggering/mixer_history.o
                0x0000000000002354                mx_init_history
 .text.mx_update_history
                0x0000000000002454       0x78 Output/Debug/Obj/mixer_predictive_triggering/mixer_history.o
                0x0000000000002454                mx_update_history
 .text.mx_purge_history
                0x00000000000024cc       0xa0 Output/Debug/Obj/mixer_predictive_triggering/mixer_history.o
                0x00000000000024cc                mx_purge_history
 .text.mx_clear_full_rank_map
                0x000000000000256c       0x18 Output/Debug/Obj/mixer_predictive_triggering/mixer_processing.o
                0x000000000000256c                mx_clear_full_rank_map
 .text.update_full_rank_map
                0x0000000000002584      0x160 Output/Debug/Obj/mixer_predictive_triggering/mixer_processing.o
 .text.mixer_update_slot
                0x00000000000026e4      0xa00 Output/Debug/Obj/mixer_predictive_triggering/mixer_processing.o
                0x00000000000026e4                mixer_update_slot
 .text.mixer_decode
                0x00000000000030e4      0x274 Output/Debug/Obj/mixer_predictive_triggering/mixer_processing.o
                0x00000000000030e4                mixer_decode
 .text.mixer_process_rx_data
                0x0000000000003358      0x5e0 Output/Debug/Obj/mixer_predictive_triggering/mixer_processing.o
                0x0000000000003358                mixer_process_rx_data
 .text.mixer_maintenance
                0x0000000000003938      0x108 Output/Debug/Obj/mixer_predictive_triggering/mixer_processing.o
                0x0000000000003938                mixer_maintenance
 .text.mixer_rand_seed
                0x0000000000003a40        0xc Output/Debug/Obj/mixer_predictive_triggering/mixer_rand.o
                0x0000000000003a40                mixer_rand_seed
 .text.mixer_rand
                0x0000000000003a4c       0x1c Output/Debug/Obj/mixer_predictive_triggering/mixer_rand.o
                0x0000000000003a4c                mixer_rand
 .text.mx_request_clear
                0x0000000000003a68       0x38 Output/Debug/Obj/mixer_predictive_triggering/mixer_request.o
                0x0000000000003a68                mx_request_clear
 .text.mx_update_request
                0x0000000000003aa0      0x13c Output/Debug/Obj/mixer_predictive_triggering/mixer_request.o
                0x0000000000003aa0                mx_update_request
 .text.mx_get_leading_index
                0x0000000000003bdc       0x24 Output/Debug/Obj/mixer_predictive_triggering/mixer_internal.o
                0x0000000000003bdc                mx_get_leading_index
 .text.start_grid_timer
                0x0000000000003c00       0x84 Output/Debug/Obj/mixer_predictive_triggering/mixer_transport_ble.o
 .text.RADIO_IRQHandler_
                0x0000000000003c84      0x3d4 Output/Debug/Obj/mixer_predictive_triggering/mixer_transport_ble.o
                0x0000000000003c84                RADIO_IRQHandler_
 .text.RADIO_IRQHandler
                0x0000000000004058       0x30 Output/Debug/Obj/mixer_predictive_triggering/mixer_transport_ble.o
                0x0000000000004058                RADIO_IRQHandler
 .text.TIMER0_IRQHandler
                0x0000000000004088       0x20 Output/Debug/Obj/mixer_predictive_triggering/mixer_transport_ble.o
                0x0000000000004088                TIMER0_IRQHandler
 .text.timeout_isr_
                0x00000000000040a8      0x154 Output/Debug/Obj/mixer_predictive_triggering/mixer_transport_ble.o
                0x00000000000040a8                timeout_isr_
 .text.timeout_isr
                0x00000000000041fc       0x30 Output/Debug/Obj/mixer_predictive_triggering/mixer_transport_ble.o
                0x00000000000041fc                timeout_isr
 .text.grid_timer_isr_
                0x000000000000422c      0x84c Output/Debug/Obj/mixer_predictive_triggering/mixer_transport_ble.o
                0x000000000000422c                grid_timer_isr_
 .text.grid_timer_isr
                0x0000000000004a78       0x30 Output/Debug/Obj/mixer_predictive_triggering/mixer_transport_ble.o
                0x0000000000004a78                grid_timer_isr
 .text.mixer_transport_init
                0x0000000000004aa8       0xa0 Output/Debug/Obj/mixer_predictive_triggering/mixer_transport_ble.o
                0x0000000000004aa8                mixer_transport_init
 .text.mixer_transport_print_config
                0x0000000000004b48      0x10c Output/Debug/Obj/mixer_predictive_triggering/mixer_transport_ble.o
                0x0000000000004b48                mixer_transport_print_config
 .text.mixer_transport_arm_initiator
                0x0000000000004c54       0x1c Output/Debug/Obj/mixer_predictive_triggering/mixer_transport_ble.o
                0x0000000000004c54                mixer_transport_arm_initiator
 .text.mixer_transport_start
                0x0000000000004c70       0xbc Output/Debug/Obj/mixer_predictive_triggering/mixer_transport_ble.o
                0x0000000000004c70                mixer_transport_start
 .text.mixer_transport_set_next_slot_task
                0x0000000000004d2c       0x84 Output/Debug/Obj/mixer_predictive_triggering/mixer_transport_ble.o
                0x0000000000004d2c                mixer_transport_set_next_slot_task
 .text.mixer_transport_get_next_slot_task
                0x0000000000004db0        0xc Output/Debug/Obj/mixer_predictive_triggering/mixer_transport_ble.o
                0x0000000000004db0                mixer_transport_get_next_slot_task
 .text.__aeabi_read_tp
                0x0000000000004dbc        0x8 Output/Debug/Obj/mixer_predictive_triggering/thumb_crt0.o
                0x0000000000004dbc                __aeabi_read_tp
 .text.__assert
                0x0000000000004dc4        0x2 Output/Debug/Obj/mixer_predictive_triggering/thumb_crt0.o
                0x0000000000004dc4                __assert
 *fill*         0x0000000000004dc6        0x2 
 .text.libc.__RAL_ascii_isctype
                0x0000000000004dc8       0x1c /usr/share/segger_embedded_studio_for_arm_5.20/lib/libc_v7em_fpv4_sp_d16_hard_t_le_eabi.a(libc2.o)
 .text.libc.__RAL_ascii_toupper
                0x0000000000004de4        0xc /usr/share/segger_embedded_studio_for_arm_5.20/lib/libc_v7em_fpv4_sp_d16_hard_t_le_eabi.a(libc2.o)
 .text.libc.__RAL_ascii_tolower
                0x0000000000004df0        0xc /usr/share/segger_embedded_studio_for_arm_5.20/lib/libc_v7em_fpv4_sp_d16_hard_t_le_eabi.a(libc2.o)
 .text.libc.__RAL_ascii_iswctype
                0x0000000000004dfc       0x1c /usr/share/segger_embedded_studio_for_arm_5.20/lib/libc_v7em_fpv4_sp_d16_hard_t_le_eabi.a(libc2.o)
 .text.libc.__RAL_ascii_towupper
                0x0000000000004e18        0xc /usr/share/segger_embedded_studio_for_arm_5.20/lib/libc_v7em_fpv4_sp_d16_hard_t_le_eabi.a(libc2.o)
 .text.libc.__RAL_ascii_towlower
                0x0000000000004e24        0xc /usr/share/segger_embedded_studio_for_arm_5.20/lib/libc_v7em_fpv4_sp_d16_hard_t_le_eabi.a(libc2.o)
 .text.libc.__RAL_ascii_wctomb
                0x0000000000004e30        0xe /usr/share/segger_embedded_studio_for_arm_5.20/lib/libc_v7em_fpv4_sp_d16_hard_t_le_eabi.a(libc2.o)
                0x0000000000004e30                __RAL_ascii_wctomb
 .text.libc.__RAL_ascii_mbtowc
                0x0000000000004e3e       0x24 /usr/share/segger_embedded_studio_for_arm_5.20/lib/libc_v7em_fpv4_sp_d16_hard_t_le_eabi.a(libc2.o)
                0x0000000000004e3e                __RAL_ascii_mbtowc
 .text.libc.__putc
                0x0000000000004e62       0x34 /usr/share/segger_embedded_studio_for_arm_5.20/lib/libc_v7em_fpv4_sp_d16_hard_t_le_eabi.a(libc2.o)
                0x0000000000004e62                __putc
 .text.libc.__RAL_print_padding
                0x0000000000004e96       0x1c /usr/share/segger_embedded_studio_for_arm_5.20/lib/libc_v7em_fpv4_sp_d16_hard_t_le_eabi.a(libc2.o)
                0x0000000000004e96                __RAL_print_padding
 .text.libc.__RAL_pre_padding
                0x0000000000004eb2       0x1a /usr/share/segger_embedded_studio_for_arm_5.20/lib/libc_v7em_fpv4_sp_d16_hard_t_le_eabi.a(libc2.o)
                0x0000000000004eb2                __RAL_pre_padding
 .text.libc.__RAL_isctype
                0x0000000000004ecc       0x14 /usr/share/segger_embedded_studio_for_arm_5.20/lib/libc_v7em_fpv4_sp_d16_hard_t_le_eabi.a(libc2.o)
                0x0000000000004ecc                __RAL_isctype
 .text.libc.isupper
                0x0000000000004ee0        0xa /usr/share/segger_embedded_studio_for_arm_5.20/lib/libc_v7em_fpv4_sp_d16_hard_t_le_eabi.a(libc2.o)
                0x0000000000004ee0                isupper
 .text.libc.islower
                0x0000000000004eea        0xa /usr/share/segger_embedded_studio_for_arm_5.20/lib/libc_v7em_fpv4_sp_d16_hard_t_le_eabi.a(libc2.o)
                0x0000000000004eea                islower
 .text.libc.isdigit
                0x0000000000004ef4        0xa /usr/share/segger_embedded_studio_for_arm_5.20/lib/libc_v7em_fpv4_sp_d16_hard_t_le_eabi.a(libc2.o)
                0x0000000000004ef4                isdigit
 .text.libc.__digit
                0x0000000000004efe       0x3c /usr/share/segger_embedded_studio_for_arm_5.20/lib/libc_v7em_fpv4_sp_d16_hard_t_le_eabi.a(libc2.o)
                0x0000000000004efe                __digit
 .text.libc.isspace
                0x0000000000004f3a        0xa /usr/share/segger_embedded_studio_for_arm_5.20/lib/libc_v7em_fpv4_sp_d16_hard_t_le_eabi.a(libc2.o)
                0x0000000000004f3a                isspace
 .text.libc.__aeabi_errno_addr
                0x0000000000004f44       0x14 /usr/share/segger_embedded_studio_for_arm_5.20/lib/libc_v7em_fpv4_sp_d16_hard_t_le_eabi.a(libc2.o)
                0x0000000000004f44                __aeabi_errno_addr
 .text.libc.__strtoul
                0x0000000000004f58       0xdc /usr/share/segger_embedded_studio_for_arm_5.20/lib/libc_v7em_fpv4_sp_d16_hard_t_le_eabi.a(libc2.o)
                0x0000000000004f58                __strtoul
 .text.libc.printf
                0x0000000000005034       0x40 /usr/share/segger_embedded_studio_for_arm_5.20/lib/libc_v7em_fpv4_sp_d16_hard_t_le_eabi.a(libc2.o)
                0x0000000000005034                printf
 .text.libc.strnlen
                0x0000000000005074       0x22 /usr/share/segger_embedded_studio_for_arm_5.20/lib/libc_v7em_fpv4_sp_d16_hard_t_le_eabi.a(libc2.o)
                0x0000000000005074                strnlen
 .text.libc.strtol
                0x0000000000005096       0xa6 /usr/share/segger_embedded_studio_for_arm_5.20/lib/libc_v7em_fpv4_sp_d16_hard_t_le_eabi.a(libc2.o)
                0x0000000000005096                strtol
 .text.libc.atoi
                0x000000000000513c       0x20 /usr/share/segger_embedded_studio_for_arm_5.20/lib/libc_v7em_fpv4_sp_d16_hard_t_le_eabi.a(libc2.o)
                0x000000000000513c                atoi
 .text.libc.memcpy
                0x000000000000515c       0x52 /usr/share/segger_embedded_studio_for_arm_5.20/lib/libc_v7em_fpv4_sp_d16_hard_t_le_eabi.a(libc2_asm.o)
                0x000000000000515c                memcpy
                0x000000000000515c                __aeabi_memcpy
                0x0000000000005168                __aeabi_memcpy4
                0x0000000000005168                __aeabi_memcpy8
 .text.libc.memset
                0x00000000000051ae       0x66 /usr/share/segger_embedded_studio_for_arm_5.20/lib/libc_v7em_fpv4_sp_d16_hard_t_le_eabi.a(libc2_asm.o)
                0x00000000000051ae                memset
 .text.libc.strlen
                0x0000000000005214       0x60 /usr/share/segger_embedded_studio_for_arm_5.20/lib/libc_v7em_fpv4_sp_d16_hard_t_le_eabi.a(libc2_asm.o)
                0x0000000000005214                strlen
 .text.libc.__vfprintf_long
                0x0000000000005274      0x634 /usr/share/segger_embedded_studio_for_arm_5.20/lib/libc_v7em_fpv4_sp_d16_hard_t_le_eabi.a(libvfprintf.o)
                0x0000000000005274                __vfprintf_long
 .text.libc.__printf_lock
                0x00000000000058a8        0x2 /usr/share/segger_embedded_studio_for_arm_5.20/lib/libc_v7em_fpv4_sp_d16_hard_t_le_eabi.a(libc.o)
                0x00000000000058a8                __printf_lock
 .text.libc.__printf_unlock
                0x00000000000058aa        0x2 /usr/share/segger_embedded_studio_for_arm_5.20/lib/libc_v7em_fpv4_sp_d16_hard_t_le_eabi.a(libc.o)
                0x00000000000058aa                __printf_unlock
 *fill*         0x00000000000058ac        0x4 
 .text.libc.__printf_unlock.__stub
                0x00000000000058b0        0x8 linker stubs
                0x00000000000058b8                __text_end__ = (__text_start__ + SIZEOF (.text))
                0x0000000000005384                __text_size__ = SIZEOF (.text)
                0x00000000000058b8                __text_load_end__ = __text_end__

.vfp11_veneer   0x0000000100000000        0x0
 .vfp11_veneer  0x0000000100000000        0x0 linker stubs

.v4_bx          0x0000000100000000        0x0
 .v4_bx         0x0000000100000000        0x0 linker stubs

.iplt           0x0000000100000000        0x0
 .iplt          0x0000000100000000        0x0 Output/Debug/Obj/mixer_predictive_triggering/system_nrf52840.o
                0x0000000000000001                . = ASSERT (((__text_start__ == __text_end__) || ((__text_end__ - __FLASH_segment_start__) <= __FLASH_segment_size__)), error: .text is too large to fit in FLASH memory segment)
                0x00000000000058b8                __dtors_load_start__ = ALIGN (__text_end__, 0x4)

.dtors          0x00000000000058b8        0x0
                0x00000000000058b8                __dtors_start__ = .
 *(SORT_BY_NAME(.dtors.*))
 *(.dtors)
 *(.fini_array)
 *(SORT_BY_NAME(.fini_array.*))
                0x00000000000058b8                __dtors_end__ = (__dtors_start__ + SIZEOF (.dtors))
                0x0000000000000000                __dtors_size__ = SIZEOF (.dtors)
                0x00000000000058b8                __dtors_load_end__ = __dtors_end__
                0x0000000000000001                . = ASSERT (((__dtors_start__ == __dtors_end__) || ((__dtors_end__ - __FLASH_segment_start__) <= __FLASH_segment_size__)), error: .dtors is too large to fit in FLASH memory segment)
                0x00000000000058b8                __ctors_load_start__ = ALIGN (__dtors_end__, 0x4)

.ctors          0x00000000000058b8        0x0
                0x00000000000058b8                __ctors_start__ = .
 *(SORT_BY_NAME(.ctors.*))
 *(.ctors)
 *(.init_array)
 *(SORT_BY_NAME(.init_array.*))
                0x00000000000058b8                __ctors_end__ = (__ctors_start__ + SIZEOF (.ctors))
                0x0000000000000000                __ctors_size__ = SIZEOF (.ctors)
                0x00000000000058b8                __ctors_load_end__ = __ctors_end__
                0x0000000000000001                . = ASSERT (((__ctors_start__ == __ctors_end__) || ((__ctors_end__ - __FLASH_segment_start__) <= __FLASH_segment_size__)), error: .ctors is too large to fit in FLASH memory segment)
                0x00000000000058b8                __rodata_load_start__ = ALIGN (__ctors_end__, 0x4)

.rodata         0x00000000000058b8     0x10bf
                0x00000000000058b8                __rodata_start__ = .
 *(.rodata .rodata.* .gnu.linkonce.r.*)
 .rodata.main.str1.4
                0x00000000000058b8      0x2bd Output/Debug/Obj/mixer_predictive_triggering/main.o
 *fill*         0x0000000000005b75        0x3 
 .rodata        0x0000000000005b78      0x100 Output/Debug/Obj/mixer_predictive_triggering/main.o
 .rodata.bolt_init.str1.4
                0x0000000000005c78       0x26 Output/Debug/Obj/mixer_predictive_triggering/bolt.o
 *fill*         0x0000000000005c9e        0x2 
 .rodata.gpi_radio_set_channel.str1.4
                0x0000000000005ca0       0x9e Output/Debug/Obj/mixer_predictive_triggering/gpi.o
 *fill*         0x0000000000005d3e        0x2 
 .rodata.getsn.str1.4
                0x0000000000005d40       0x59 Output/Debug/Obj/mixer_predictive_triggering/gpi.o
 *fill*         0x0000000000005d99        0x3 
 .rodata.gpi_popcnt_lut
                0x0000000000005d9c      0x100 Output/Debug/Obj/mixer_predictive_triggering/gpi.o
                0x0000000000005d9c                gpi_popcnt_lut
 .rodata.mixer_init.str1.4
                0x0000000000005e9c      0x131 Output/Debug/Obj/mixer_predictive_triggering/mixer.o
 *fill*         0x0000000000005fcd        0x3 
 .rodata.mixer_print_config.str1.4
                0x0000000000005fd0      0x20c Output/Debug/Obj/mixer_predictive_triggering/mixer.o
 .rodata.mixer_write.str1.4
                0x00000000000061dc      0x10d Output/Debug/Obj/mixer_predictive_triggering/mixer.o
 *fill*         0x00000000000062e9        0x3 
 .rodata.mixer_arm.str1.4
                0x00000000000062ec       0x16 Output/Debug/Obj/mixer_predictive_triggering/mixer.o
 *fill*         0x0000000000006302        0x2 
 .rodata.MX_DISCOVERY_EXIT_SLOT_LUT_3
                0x0000000000006304        0x4 Output/Debug/Obj/mixer_predictive_triggering/mixer_discovery.o
                0x0000000000006304                MX_DISCOVERY_EXIT_SLOT_LUT_3
 .rodata.unlink_node.str1.4
                0x0000000000006308       0x85 Output/Debug/Obj/mixer_predictive_triggering/mixer_history.o
 *fill*         0x000000000000638d        0x3 
 .rodata.mixer_update_slot.str1.4
                0x0000000000006390      0x100 Output/Debug/Obj/mixer_predictive_triggering/mixer_processing.o
 .rodata.mixer_process_rx_data.str1.4
                0x0000000000006490       0x42 Output/Debug/Obj/mixer_predictive_triggering/mixer_processing.o
 *fill*         0x00000000000064d2        0x2 
 .rodata.LUT.12008
                0x00000000000064d4       0x20 Output/Debug/Obj/mixer_predictive_triggering/mixer_processing.o
 .rodata.grid_timer_isr_.str1.4
                0x00000000000064f4       0x6f Output/Debug/Obj/mixer_predictive_triggering/mixer_transport_ble.o
                                         0x72 (size before relaxing)
 *fill*         0x0000000000006563        0x1 
 .rodata.mixer_transport_init.str1.4
                0x0000000000006564       0x24 Output/Debug/Obj/mixer_predictive_triggering/mixer_transport_ble.o
 .rodata.mixer_transport_print_config.str1.4
                0x0000000000006588      0x161 Output/Debug/Obj/mixer_predictive_triggering/mixer_transport_ble.o
                                        0x16d (size before relaxing)
 *fill*         0x00000000000066e9        0x3 
 .rodata.LUT1.11235
                0x00000000000066ec       0x1b Output/Debug/Obj/mixer_predictive_triggering/mixer_transport_ble.o
 *fill*         0x0000000000006707        0x1 
 .rodata.LUT2.11236
                0x0000000000006708        0x7 Output/Debug/Obj/mixer_predictive_triggering/mixer_transport_ble.o
 *fill*         0x000000000000670f        0x1 
 .rodata.libc.__RAL_find_locale.str1.4
                0x0000000000006710        0xa /usr/share/segger_embedded_studio_for_arm_5.20/lib/libc_v7em_fpv4_sp_d16_hard_t_le_eabi.a(libc2.o)
 *fill*         0x000000000000671a        0x2 
 .rodata.libc.__RAL_ascii_ctype_map
                0x000000000000671c       0x80 /usr/share/segger_embedded_studio_for_arm_5.20/lib/libc_v7em_fpv4_sp_d16_hard_t_le_eabi.a(libc2.o)
                0x000000000000671c                __RAL_ascii_ctype_map
 .rodata.libc.__RAL_ascii_ctype_mask
                0x000000000000679c        0xd /usr/share/segger_embedded_studio_for_arm_5.20/lib/libc_v7em_fpv4_sp_d16_hard_t_le_eabi.a(libc2.o)
 *fill*         0x00000000000067a9        0x3 
 .rodata.libc.__RAL_c_locale
                0x00000000000067ac        0xc /usr/share/segger_embedded_studio_for_arm_5.20/lib/libc_v7em_fpv4_sp_d16_hard_t_le_eabi.a(libc2.o)
                0x00000000000067ac                __RAL_c_locale
 .rodata.libc.__RAL_c_locale_abbrev_day_names
                0x00000000000067b8       0x1d /usr/share/segger_embedded_studio_for_arm_5.20/lib/libc_v7em_fpv4_sp_d16_hard_t_le_eabi.a(libc2.o)
                0x00000000000067b8                __RAL_c_locale_abbrev_day_names
 *fill*         0x00000000000067d5        0x3 
 .rodata.libc.__RAL_c_locale_abbrev_month_names
                0x00000000000067d8       0x31 /usr/share/segger_embedded_studio_for_arm_5.20/lib/libc_v7em_fpv4_sp_d16_hard_t_le_eabi.a(libc2.o)
                0x00000000000067d8                __RAL_c_locale_abbrev_month_names
 *fill*         0x0000000000006809        0x3 
 .rodata.libc.__RAL_c_locale_am_pm_indicator
                0x000000000000680c        0x7 /usr/share/segger_embedded_studio_for_arm_5.20/lib/libc_v7em_fpv4_sp_d16_hard_t_le_eabi.a(libc2.o)
                0x000000000000680c                __RAL_c_locale_am_pm_indicator
 *fill*         0x0000000000006813        0x1 
 .rodata.libc.__RAL_c_locale_data
                0x0000000000006814       0x58 /usr/share/segger_embedded_studio_for_arm_5.20/lib/libc_v7em_fpv4_sp_d16_hard_t_le_eabi.a(libc2.o)
                0x0000000000006814                __RAL_c_locale_data
 .rodata.libc.__RAL_c_locale_date_format
                0x000000000000686c        0x9 /usr/share/segger_embedded_studio_for_arm_5.20/lib/libc_v7em_fpv4_sp_d16_hard_t_le_eabi.a(libc2.o)
                0x000000000000686c                __RAL_c_locale_date_format
 *fill*         0x0000000000006875        0x3 
 .rodata.libc.__RAL_c_locale_date_time_format
                0x0000000000006878        0xf /usr/share/segger_embedded_studio_for_arm_5.20/lib/libc_v7em_fpv4_sp_d16_hard_t_le_eabi.a(libc2.o)
                0x0000000000006878                __RAL_c_locale_date_time_format
 *fill*         0x0000000000006887        0x1 
 .rodata.libc.__RAL_c_locale_day_names
                0x0000000000006888       0x3a /usr/share/segger_embedded_studio_for_arm_5.20/lib/libc_v7em_fpv4_sp_d16_hard_t_le_eabi.a(libc2.o)
                0x0000000000006888                __RAL_c_locale_day_names
 *fill*         0x00000000000068c2        0x2 
 .rodata.libc.__RAL_c_locale_month_names
                0x00000000000068c4       0x57 /usr/share/segger_embedded_studio_for_arm_5.20/lib/libc_v7em_fpv4_sp_d16_hard_t_le_eabi.a(libc2.o)
                0x00000000000068c4                __RAL_c_locale_month_names
 *fill*         0x000000000000691b        0x1 
 .rodata.libc.__RAL_c_locale_time_format
                0x000000000000691c        0x9 /usr/share/segger_embedded_studio_for_arm_5.20/lib/libc_v7em_fpv4_sp_d16_hard_t_le_eabi.a(libc2.o)
                0x000000000000691c                __RAL_c_locale_time_format
 *fill*         0x0000000000006925        0x3 
 .rodata.libc.__RAL_codeset_ascii
                0x0000000000006928       0x20 /usr/share/segger_embedded_studio_for_arm_5.20/lib/libc_v7em_fpv4_sp_d16_hard_t_le_eabi.a(libc2.o)
                0x0000000000006928                __RAL_codeset_ascii
 .rodata.libc.__RAL_data_empty_string
                0x0000000000006948        0x1 /usr/share/segger_embedded_studio_for_arm_5.20/lib/libc_v7em_fpv4_sp_d16_hard_t_le_eabi.a(libc2.o)
                0x0000000000006948                __RAL_data_empty_string
 *fill*         0x0000000000006949        0x3 
 .rodata.libc.__RAL_data_utf8_period
                0x000000000000694c        0x2 /usr/share/segger_embedded_studio_for_arm_5.20/lib/libc_v7em_fpv4_sp_d16_hard_t_le_eabi.a(libc2.o)
                0x000000000000694c                __RAL_data_utf8_period
 *fill*         0x000000000000694e        0x2 
 .rodata.libc.__RAL_hex_lc
                0x0000000000006950       0x10 /usr/share/segger_embedded_studio_for_arm_5.20/lib/libc_v7em_fpv4_sp_d16_hard_t_le_eabi.a(libc2.o)
                0x0000000000006950                __RAL_hex_lc
 .rodata.libc.__RAL_hex_uc
                0x0000000000006960       0x10 /usr/share/segger_embedded_studio_for_arm_5.20/lib/libc_v7em_fpv4_sp_d16_hard_t_le_eabi.a(libc2.o)
                0x0000000000006960                __RAL_hex_uc
 .rodata.libc.__vfprintf_int.str1.4
                0x0000000000006970        0x7 /usr/share/segger_embedded_studio_for_arm_5.20/lib/libc_v7em_fpv4_sp_d16_hard_t_le_eabi.a(libvfprintf.o)
                0x0000000000006977                __rodata_end__ = (__rodata_start__ + SIZEOF (.rodata))
                0x00000000000010bf                __rodata_size__ = SIZEOF (.rodata)
                0x0000000000006977                __rodata_load_end__ = __rodata_end__
                0x0000000000000001                . = ASSERT (((__rodata_start__ == __rodata_end__) || ((__rodata_end__ - __FLASH_segment_start__) <= __FLASH_segment_size__)), error: .rodata is too large to fit in FLASH memory segment)
                0x0000000000006978                __gpi_profile_info_load_start__ = ALIGN (__rodata_end__, 0x4)

.rel.dyn        0x0000000000000000        0x0
 .rel.iplt      0x0000000000000000        0x0 Output/Debug/Obj/mixer_predictive_triggering/system_nrf52840.o

gpi_profile_info
                0x0000000000006978        0xc
                0x0000000000006978                __gpi_profile_info_start__ = .
 *(gpi_profile_info gpi_profile_info.*)
 gpi_profile_info
                0x0000000000006978        0xc Output/Debug/Obj/mixer_predictive_triggering/gpi.o
                0x0000000000006984                __gpi_profile_info_end__ = (__gpi_profile_info_start__ + SIZEOF (gpi_profile_info))
                0x000000000000000c                __gpi_profile_info_size__ = SIZEOF (gpi_profile_info)
                0x0000000000006984                __gpi_profile_info_load_end__ = __gpi_profile_info_end__
                0x0000000000000001                . = ASSERT (((__gpi_profile_info_start__ == __gpi_profile_info_end__) || ((__gpi_profile_info_end__ - __FLASH_segment_start__) <= __FLASH_segment_size__)), error: gpi_profile_info is too large to fit in FLASH memory segment)
                0x0000000000006984                __ARM.exidx_load_start__ = ALIGN (__gpi_profile_info_end__, 0x4)

.ARM.exidx      0x0000000000006984        0x0
                0x0000000000006984                __ARM.exidx_start__ = .
                0x0000000000006984                __exidx_start = __ARM.exidx_start__
 *(.ARM.exidx .ARM.exidx.*)
                0x0000000000006984                __ARM.exidx_end__ = (__ARM.exidx_start__ + SIZEOF (.ARM.exidx))
                0x0000000000000000                __ARM.exidx_size__ = SIZEOF (.ARM.exidx)
                0x0000000000006984                __exidx_end = __ARM.exidx_end__
                0x0000000000006984                __ARM.exidx_load_end__ = __ARM.exidx_end__
                0x0000000000000001                . = ASSERT (((__ARM.exidx_start__ == __ARM.exidx_end__) || ((__ARM.exidx_end__ - __FLASH_segment_start__) <= __FLASH_segment_size__)), error: .ARM.exidx is too large to fit in FLASH memory segment)
                0x0000000000006984                __fast_load_start__ = ALIGN (__ARM.exidx_end__, 0x4)

.fast           0x0000000020000000        0x0 load address 0x0000000000006984
                0x0000000020000000                __fast_start__ = .
 *(.fast .fast.*)
                0x0000000020000000                __fast_end__ = (__fast_start__ + SIZEOF (.fast))
                0x0000000000000000                __fast_size__ = SIZEOF (.fast)
                0x0000000000006984                __fast_load_end__ = (__fast_load_start__ + SIZEOF (.fast))
                0x0000000000000001                . = ASSERT (((__fast_load_start__ == __fast_load_end__) || ((__fast_load_end__ - __FLASH_segment_start__) <= __FLASH_segment_size__)), error: .fast is too large to fit in FLASH memory segment)

.fast_run       0x0000000020000000        0x0
                0x0000000020000000                __fast_run_start__ = .
                0x0000000020000000                . = MAX ((__fast_run_start__ + SIZEOF (.fast)), .)
                0x0000000020000000                __fast_run_end__ = (__fast_run_start__ + SIZEOF (.fast_run))
                0x0000000000000000                __fast_run_size__ = SIZEOF (.fast_run)
                0x0000000020000000                __fast_run_load_end__ = __fast_run_end__
                0x0000000000000001                . = ASSERT (((__fast_run_start__ == __fast_run_end__) || ((__fast_run_end__ - __RAM_segment_start__) <= __RAM_segment_size__)), error: .fast_run is too large to fit in RAM memory segment)
                0x0000000000006984                __data_load_start__ = ALIGN ((__fast_load_start__ + SIZEOF (.fast)), 0x4)

.data           0x0000000020000000       0xa0 load address 0x0000000000006984
                0x0000000020000000                __data_start__ = .
 *(.data .data.* .gnu.linkonce.d.*)
 .data.SystemCoreClock
                0x0000000020000000        0x4 Output/Debug/Obj/mixer_predictive_triggering/system_nrf52840.o
                0x0000000020000000                SystemCoreClock
 .data          0x0000000020000004        0x2 Output/Debug/Obj/mixer_predictive_triggering/main.o
                0x0000000020000004                TOS_NODE_ID
 *fill*         0x0000000020000006        0x2 
 .data.bolt_agg_pkt
                0x0000000020000008       0x21 Output/Debug/Obj/mixer_predictive_triggering/main.o
 .data.bolt_state
                0x0000000020000029        0x1 Output/Debug/Obj/mixer_predictive_triggering/bolt.o
 .data          0x000000002000002a       0x5e Output/Debug/Obj/mixer_predictive_triggering/memxor.o
                0x000000002000002a                memxor_block_core
 .data.rand_state
                0x0000000020000088        0x4 Output/Debug/Obj/mixer_predictive_triggering/mixer_rand.o
 .data.libc.__RAL_global_locale
                0x000000002000008c       0x14 /usr/share/segger_embedded_studio_for_arm_5.20/lib/libc_v7em_fpv4_sp_d16_hard_t_le_eabi.a(libc2.o)
                0x000000002000008c                __RAL_global_locale
                0x00000000200000a0                __data_end__ = (__data_start__ + SIZEOF (.data))
                0x00000000000000a0                __data_size__ = SIZEOF (.data)
                0x0000000000006a24                __data_load_end__ = (__data_load_start__ + SIZEOF (.data))

.igot.plt       0x0000000100000000        0x0
 .igot.plt      0x0000000100000000        0x0 Output/Debug/Obj/mixer_predictive_triggering/system_nrf52840.o
                0x0000000000000001                . = ASSERT (((__data_load_start__ == __data_load_end__) || ((__data_load_end__ - __FLASH_segment_start__) <= __FLASH_segment_size__)), error: .data is too large to fit in FLASH memory segment)

.data_run       0x0000000020000000       0xa0 load address 0x0000000000006984
                0x0000000020000000                __data_run_start__ = .
                0x00000000200000a0                . = MAX ((__data_run_start__ + SIZEOF (.data)), .)
 *fill*         0x0000000020000000       0xa0 
                0x00000000200000a0                __data_run_end__ = (__data_run_start__ + SIZEOF (.data_run))
                0x00000000000000a0                __data_run_size__ = SIZEOF (.data_run)
                0x00000000200000a0                __data_run_load_end__ = __data_run_end__
                0x0000000000000001                . = ASSERT (((__data_run_start__ == __data_run_end__) || ((__data_run_end__ - __RAM_segment_start__) <= __RAM_segment_size__)), error: .data_run is too large to fit in RAM memory segment)
                0x00000000200000a0                __bss_load_start__ = ALIGN (__data_run_end__, 0x4)

.bss            0x00000000200000a0      0x3fc
                0x00000000200000a0                __bss_start__ = .
 *(.bss .bss.* .gnu.linkonce.b.*)
 .bss.agg_input
                0x00000000200000a0        0x6 Output/Debug/Obj/mixer_predictive_triggering/main.o
 *fill*         0x00000000200000a6        0x2 
 .bss.all_currTrigger
                0x00000000200000a8        0x3 Output/Debug/Obj/mixer_predictive_triggering/main.o
 *fill*         0x00000000200000ab        0x1 
 .bss.all_priorities
                0x00000000200000ac        0x3 Output/Debug/Obj/mixer_predictive_triggering/main.o
 *fill*         0x00000000200000af        0x1 
 .bss.all_radio_on_time
                0x00000000200000b0        0xc Output/Debug/Obj/mixer_predictive_triggering/main.o
 .bss.all_ranks
                0x00000000200000bc        0x3 Output/Debug/Obj/mixer_predictive_triggering/main.o
 *fill*         0x00000000200000bf        0x1 
 .bss.all_slot_full_rank
                0x00000000200000c0        0x3 Output/Debug/Obj/mixer_predictive_triggering/main.o
 *fill*         0x00000000200000c3        0x1 
 .bss.all_versions
                0x00000000200000c4        0x3 Output/Debug/Obj/mixer_predictive_triggering/main.o
 *fill*         0x00000000200000c7        0x1 
 .bss.control_msg_decoded
                0x00000000200000c8        0x4 Output/Debug/Obj/mixer_predictive_triggering/main.o
 .bss.hash      0x00000000200000cc        0x1 Output/Debug/Obj/mixer_predictive_triggering/main.o
 *fill*         0x00000000200000cd        0x3 
 .bss.initiator_msg_decoded
                0x00000000200000d0        0x4 Output/Debug/Obj/mixer_predictive_triggering/main.o
 .bss.msgs_not_decoded
                0x00000000200000d4        0x4 Output/Debug/Obj/mixer_predictive_triggering/main.o
 .bss.msgs_weak
                0x00000000200000d8        0x4 Output/Debug/Obj/mixer_predictive_triggering/main.o
 .bss.msgs_weak_fake
                0x00000000200000dc        0x4 Output/Debug/Obj/mixer_predictive_triggering/main.o
 .bss.node_id   0x00000000200000e0        0x1 Output/Debug/Obj/mixer_predictive_triggering/main.o
 *fill*         0x00000000200000e1        0x3 
 .bss.prio_msg_decoded
                0x00000000200000e4        0x4 Output/Debug/Obj/mixer_predictive_triggering/main.o
 .bss.radio_on_time
                0x00000000200000e8        0x4 Output/Debug/Obj/mixer_predictive_triggering/main.o
 .bss.rank      0x00000000200000ec        0x1 Output/Debug/Obj/mixer_predictive_triggering/main.o
 *fill*         0x00000000200000ed        0x3 
 .bss.round     0x00000000200000f0        0x4 Output/Debug/Obj/mixer_predictive_triggering/main.o
 .bss.slot_full_rank
                0x00000000200000f4        0x1 Output/Debug/Obj/mixer_predictive_triggering/main.o
 *fill*         0x00000000200000f5        0x3 
 .bss.rx_buffer
                0x00000000200000f8       0x40 Output/Debug/Obj/mixer_predictive_triggering/bolt.o
 .bss.tx_buffer
                0x0000000020000138       0x40 Output/Debug/Obj/mixer_predictive_triggering/bolt.o
 .bss.gpi_wakeup_event
                0x0000000020000178        0x4 Output/Debug/Obj/mixer_predictive_triggering/gpi.o
                0x0000000020000178                gpi_wakeup_event
 .bss.mx        0x000000002000017c      0x2a0 Output/Debug/Obj/mixer_predictive_triggering/mixer.o
                0x000000002000017c                mx
 .bss.met_nodes
                0x000000002000041c        0x3 Output/Debug/Obj/mixer_predictive_triggering/mixer_history.o
 *fill*         0x000000002000041f        0x1 
 .bss.i.12201   0x0000000020000420        0x4 Output/Debug/Obj/mixer_predictive_triggering/mixer_processing.o
 .bss.last_owner_update.11815
                0x0000000020000424        0x2 Output/Debug/Obj/mixer_predictive_triggering/mixer_processing.o
 .bss.owner.11814
                0x0000000020000426        0x2 Output/Debug/Obj/mixer_predictive_triggering/mixer_processing.o
 .bss.owner_forecast.11816
                0x0000000020000428        0x2 Output/Debug/Obj/mixer_predictive_triggering/mixer_processing.o
 *fill*         0x000000002000042a        0x2 
 .bss.p.12098   0x000000002000042c        0x4 Output/Debug/Obj/mixer_predictive_triggering/mixer_processing.o
 .bss.pt_data   0x0000000020000430        0x6 Output/Debug/Obj/mixer_predictive_triggering/mixer_processing.o
                0x0000000020000430                pt_data
 *fill*         0x0000000020000436        0x2 
 .bss.pt_decode.12171
                0x0000000020000438        0x2 Output/Debug/Obj/mixer_predictive_triggering/mixer_processing.o
 *fill*         0x000000002000043a        0x2 
 .bss.rx_queue_num_read_update
                0x000000002000043c        0x4 Output/Debug/Obj/mixer_predictive_triggering/mixer_processing.o
 .bss.s         0x0000000020000440       0x58 Output/Debug/Obj/mixer_predictive_triggering/mixer_transport_ble.o
 .bss.libc.__user_format_extender
                0x0000000020000498        0x4 /usr/share/segger_embedded_studio_for_arm_5.20/lib/libc_v7em_fpv4_sp_d16_hard_t_le_eabi.a(libc2.o)
                0x0000000020000498                __user_format_extender
 *(COMMON)
                0x000000002000049c                __bss_end__ = (__bss_start__ + SIZEOF (.bss))
                0x00000000000003fc                __bss_size__ = SIZEOF (.bss)
                0x000000002000049c                __bss_load_end__ = __bss_end__
                0x0000000000000001                . = ASSERT (((__bss_start__ == __bss_end__) || ((__bss_end__ - __RAM_segment_start__) <= __RAM_segment_size__)), error: .bss is too large to fit in RAM memory segment)
                0x000000002000049c                __tbss_load_start__ = ALIGN (__bss_end__, 0x4)

.tbss           0x000000002000049c        0x4
                0x000000002000049c                __tbss_start__ = .
 *(.tbss .tbss.*)
 .tbss.errno_val
                0x000000002000049c        0x4 /usr/share/segger_embedded_studio_for_arm_5.20/lib/libc_v7em_fpv4_sp_d16_hard_t_le_eabi.a(libc2.o)
                0x00000000200004a0                __tbss_end__ = (__tbss_start__ + SIZEOF (.tbss))
                0x0000000000000004                __tbss_size__ = SIZEOF (.tbss)
                0x00000000200004a0                __tbss_load_end__ = __tbss_end__
                0x0000000000000001                . = ASSERT (((__tbss_start__ == __tbss_end__) || ((__tbss_end__ - __RAM_segment_start__) <= __RAM_segment_size__)), error: .tbss is too large to fit in RAM memory segment)
                0x0000000000006a24                __tdata_load_start__ = ALIGN ((__data_load_start__ + SIZEOF (.data)), 0x4)

.tdata          0x00000000200004a0        0x0 load address 0x0000000000006a24
                0x00000000200004a0                __tdata_start__ = .
 *(.tdata .tdata.*)
                0x00000000200004a0                __tdata_end__ = (__tdata_start__ + SIZEOF (.tdata))
                0x0000000000000000                __tdata_size__ = SIZEOF (.tdata)
                0x0000000000006a24                __tdata_load_end__ = (__tdata_load_start__ + SIZEOF (.tdata))
                0x0000000000006a24                __FLASH_segment_used_end__ = (ALIGN ((__data_load_start__ + SIZEOF (.data)), 0x4) + SIZEOF (.tdata))
                0x0000000000006a24                __FLASH_segment_used_size__ = (__FLASH_segment_used_end__ - __FLASH_segment_start__)
                0x0000000000000001                . = ASSERT (((__tdata_load_start__ == __tdata_load_end__) || ((__tdata_load_end__ - __FLASH_segment_start__) <= __FLASH_segment_size__)), error: .tdata is too large to fit in FLASH memory segment)

.tdata_run      0x00000000200004a0        0x0
                0x00000000200004a0                __tdata_run_start__ = .
                0x00000000200004a0                . = MAX ((__tdata_run_start__ + SIZEOF (.tdata)), .)
                0x00000000200004a0                __tdata_run_end__ = (__tdata_run_start__ + SIZEOF (.tdata_run))
                0x0000000000000000                __tdata_run_size__ = SIZEOF (.tdata_run)
                0x00000000200004a0                __tdata_run_load_end__ = __tdata_run_end__
                0x0000000000000001                . = ASSERT (((__tdata_run_start__ == __tdata_run_end__) || ((__tdata_run_end__ - __RAM_segment_start__) <= __RAM_segment_size__)), error: .tdata_run is too large to fit in RAM memory segment)
                0x00000000200004a0                __non_init_load_start__ = ALIGN (__tdata_run_end__, 0x4)

.non_init       0x00000000200004a0        0x0
                0x00000000200004a0                __non_init_start__ = .
 *(.non_init .non_init.*)
                0x00000000200004a0                __non_init_end__ = (__non_init_start__ + SIZEOF (.non_init))
                0x0000000000000000                __non_init_size__ = SIZEOF (.non_init)
                0x00000000200004a0                __non_init_load_end__ = __non_init_end__
                0x0000000000000001                . = ASSERT (((__non_init_start__ == __non_init_end__) || ((__non_init_end__ - __RAM_segment_start__) <= __RAM_segment_size__)), error: .non_init is too large to fit in RAM memory segment)
                0x00000000200004a0                __heap_load_start__ = ALIGN (__non_init_end__, 0x4)

.heap           0x00000000200004a0      0x100
                0x00000000200004a0                __heap_start__ = .
 *(.heap .heap.*)
                0x00000000200005a0                . = ALIGN (MAX ((__heap_start__ + __HEAPSIZE__), .), 0x4)
 *fill*         0x00000000200004a0      0x100 
                0x00000000200005a0                __heap_end__ = (__heap_start__ + SIZEOF (.heap))
                0x0000000000000100                __heap_size__ = SIZEOF (.heap)
                0x00000000200005a0                __heap_load_end__ = __heap_end__
                0x0000000000000001                . = ASSERT (((__heap_start__ == __heap_end__) || ((__heap_end__ - __RAM_segment_start__) <= __RAM_segment_size__)), error: .heap is too large to fit in RAM memory segment)
                0x000000002003ff00                __stack_load_start__ = (__RAM_segment_start__ + (__RAM_segment_size__ - 0x100))

.stack          0x000000002003ff00      0x100
                0x000000002003ff00                __stack_start__ = .
 *(.stack .stack.*)
                0x0000000020040000                . = ALIGN (MAX ((__stack_start__ + __STACKSIZE__), .), 0x8)
 *fill*         0x000000002003ff00      0x100 
                0x0000000020040000                __stack_end__ = (__stack_start__ + SIZEOF (.stack))
                0x0000000000000100                __stack_size__ = SIZEOF (.stack)
                0x0000000020040000                __stack_load_end__ = __stack_end__
                0x0000000000000001                . = ASSERT (((__stack_start__ == __stack_end__) || ((__stack_end__ - __RAM_segment_start__) <= __RAM_segment_size__)), error: .stack is too large to fit in RAM memory segment)
                0x0000000000000001                . = ASSERT ((__heap_end__ <= __stack_start__), error: section .heap overlaps absolute placed section .stack)
                0x0000000020040000                __stack_process_load_start__ = ALIGN (__stack_end__, 0x8)

.stack_process  0x0000000020040000        0x0
                0x0000000020040000                __stack_process_start__ = .
 *(.stack_process .stack_process.*)
                0x0000000020040000                . = ALIGN (MAX ((__stack_process_start__ + __STACKSIZE_PROCESS__), .), 0x8)
                0x0000000020040000                __stack_process_end__ = (__stack_process_start__ + SIZEOF (.stack_process))
                0x0000000000000000                __stack_process_size__ = SIZEOF (.stack_process)
                0x0000000020040000                __stack_process_load_end__ = __stack_process_end__
                0x0000000020040000                __RAM_segment_used_end__ = (ALIGN (__stack_end__, 0x8) + SIZEOF (.stack_process))
                0x0000000000040000                __RAM_segment_used_size__ = (__RAM_segment_used_end__ - __RAM_segment_start__)
                0x0000000000000001                . = ASSERT (((__stack_process_start__ == __stack_process_end__) || ((__stack_process_end__ - __RAM_segment_start__) <= __RAM_segment_size__)), error: .stack_process is too large to fit in RAM memory segment)
START GROUP
LOAD Output/Debug/Obj/mixer_predictive_triggering/system_nrf52840.o
LOAD Output/Debug/Obj/mixer_predictive_triggering/main.o
LOAD Output/Debug/Obj/mixer_predictive_triggering/bolt.o
LOAD Output/Debug/Obj/mixer_predictive_triggering/gpi.o
LOAD Output/Debug/Obj/mixer_predictive_triggering/memxor.o
LOAD Output/Debug/Obj/mixer_predictive_triggering/mixer.o
LOAD Output/Debug/Obj/mixer_predictive_triggering/mixer_discovery.o
LOAD Output/Debug/Obj/mixer_predictive_triggering/mixer_history.o
LOAD Output/Debug/Obj/mixer_predictive_triggering/mixer_processing.o
LOAD Output/Debug/Obj/mixer_predictive_triggering/mixer_rand.o
LOAD Output/Debug/Obj/mixer_predictive_triggering/mixer_request.o
LOAD Output/Debug/Obj/mixer_predictive_triggering/mixer_internal.o
LOAD Output/Debug/Obj/mixer_predictive_triggering/mixer_transport_ble.o
LOAD Output/Debug/Obj/mixer_predictive_triggering/thumb_crt0.o
LOAD Output/Debug/Obj/mixer_predictive_triggering/ses_nRF_Startup.o
LOAD Output/Debug/Obj/mixer_predictive_triggering/ses_nrf52840_Vectors.o
LOAD /usr/share/segger_embedded_studio_for_arm_5.20/lib/libm_v7em_fpv4_sp_d16_hard_t_le_eabi.a
LOAD /usr/share/segger_embedded_studio_for_arm_5.20/lib/libc_v7em_fpv4_sp_d16_hard_t_le_eabi.a
LOAD /usr/share/segger_embedded_studio_for_arm_5.20/lib/libdebugio_v7em_fpv4_sp_d16_hard_t_le_eabi.a
END GROUP
OUTPUT(Output/Debug/Exe/mixer_predictive_triggering.elf elf32-littlearm)
LOAD linker stubs

.debug_frame    0x0000000000000000      0x9b8
 .debug_frame   0x0000000000000000       0x30 Output/Debug/Obj/mixer_predictive_triggering/system_nrf52840.o
 .debug_frame   0x0000000000000030       0x8c Output/Debug/Obj/mixer_predictive_triggering/main.o
 .debug_frame   0x00000000000000bc       0xfc Output/Debug/Obj/mixer_predictive_triggering/bolt.o
 .debug_frame   0x00000000000001b8      0x218 Output/Debug/Obj/mixer_predictive_triggering/gpi.o
 .debug_frame   0x00000000000003d0       0x48 Output/Debug/Obj/mixer_predictive_triggering/memxor.o
 .debug_frame   0x0000000000000418      0x188 Output/Debug/Obj/mixer_predictive_triggering/mixer.o
 .debug_frame   0x00000000000005a0       0xbc Output/Debug/Obj/mixer_predictive_triggering/mixer_history.o
 .debug_frame   0x000000000000065c      0x13c Output/Debug/Obj/mixer_predictive_triggering/mixer_processing.o
 .debug_frame   0x0000000000000798       0x30 Output/Debug/Obj/mixer_predictive_triggering/mixer_rand.o
 .debug_frame   0x00000000000007c8       0x60 Output/Debug/Obj/mixer_predictive_triggering/mixer_request.o
 .debug_frame   0x0000000000000828       0x20 Output/Debug/Obj/mixer_predictive_triggering/mixer_internal.o
 .debug_frame   0x0000000000000848      0x170 Output/Debug/Obj/mixer_predictive_triggering/mixer_transport_ble.o

.debug_info     0x0000000000000000    0x1f203
 .debug_info    0x0000000000000000     0x143c Output/Debug/Obj/mixer_predictive_triggering/system_nrf52840.o
 .debug_info    0x000000000000143c     0x2d42 Output/Debug/Obj/mixer_predictive_triggering/main.o
 .debug_info    0x000000000000417e     0x1337 Output/Debug/Obj/mixer_predictive_triggering/bolt.o
 .debug_info    0x00000000000054b5     0x374c Output/Debug/Obj/mixer_predictive_triggering/gpi.o
 .debug_info    0x0000000000008c01      0x6d4 Output/Debug/Obj/mixer_predictive_triggering/memxor.o
 .debug_info    0x00000000000092d5     0x258b Output/Debug/Obj/mixer_predictive_triggering/mixer.o
 .debug_info    0x000000000000b860     0x3078 Output/Debug/Obj/mixer_predictive_triggering/mixer_discovery.o
 .debug_info    0x000000000000e8d8     0x1954 Output/Debug/Obj/mixer_predictive_triggering/mixer_history.o
 .debug_info    0x000000000001022c     0x5549 Output/Debug/Obj/mixer_predictive_triggering/mixer_processing.o
 .debug_info    0x0000000000015775     0x14c8 Output/Debug/Obj/mixer_predictive_triggering/mixer_rand.o
 .debug_info    0x0000000000016c3d     0x1a38 Output/Debug/Obj/mixer_predictive_triggering/mixer_request.o
 .debug_info    0x0000000000018675     0x15e5 Output/Debug/Obj/mixer_predictive_triggering/mixer_internal.o
 .debug_info    0x0000000000019c5a     0x553b Output/Debug/Obj/mixer_predictive_triggering/mixer_transport_ble.o
 .debug_info    0x000000000001f195       0x22 Output/Debug/Obj/mixer_predictive_triggering/thumb_crt0.o
 .debug_info    0x000000000001f1b7       0x26 Output/Debug/Obj/mixer_predictive_triggering/ses_nRF_Startup.o
 .debug_info    0x000000000001f1dd       0x26 Output/Debug/Obj/mixer_predictive_triggering/ses_nrf52840_Vectors.o

.debug_abbrev   0x0000000000000000     0x37b8
 .debug_abbrev  0x0000000000000000      0x216 Output/Debug/Obj/mixer_predictive_triggering/system_nrf52840.o
 .debug_abbrev  0x0000000000000216      0x5b3 Output/Debug/Obj/mixer_predictive_triggering/main.o
 .debug_abbrev  0x00000000000007c9      0x2dc Output/Debug/Obj/mixer_predictive_triggering/bolt.o
 .debug_abbrev  0x0000000000000aa5      0x745 Output/Debug/Obj/mixer_predictive_triggering/gpi.o
 .debug_abbrev  0x00000000000011ea      0x192 Output/Debug/Obj/mixer_predictive_triggering/memxor.o
 .debug_abbrev  0x000000000000137c      0x5e3 Output/Debug/Obj/mixer_predictive_triggering/mixer.o
 .debug_abbrev  0x000000000000195f      0x292 Output/Debug/Obj/mixer_predictive_triggering/mixer_discovery.o
 .debug_abbrev  0x0000000000001bf1      0x420 Output/Debug/Obj/mixer_predictive_triggering/mixer_history.o
 .debug_abbrev  0x0000000000002011      0x6bb Output/Debug/Obj/mixer_predictive_triggering/mixer_processing.o
 .debug_abbrev  0x00000000000026cc      0x2ac Output/Debug/Obj/mixer_predictive_triggering/mixer_rand.o
 .debug_abbrev  0x0000000000002978      0x460 Output/Debug/Obj/mixer_predictive_triggering/mixer_request.o
 .debug_abbrev  0x0000000000002dd8      0x33a Output/Debug/Obj/mixer_predictive_triggering/mixer_internal.o
 .debug_abbrev  0x0000000000003112      0x66c Output/Debug/Obj/mixer_predictive_triggering/mixer_transport_ble.o
 .debug_abbrev  0x000000000000377e       0x12 Output/Debug/Obj/mixer_predictive_triggering/thumb_crt0.o
 .debug_abbrev  0x0000000000003790       0x14 Output/Debug/Obj/mixer_predictive_triggering/ses_nRF_Startup.o
 .debug_abbrev  0x00000000000037a4       0x14 Output/Debug/Obj/mixer_predictive_triggering/ses_nrf52840_Vectors.o

.debug_pubnames
                0x0000000000000000     0x4f1b
 .debug_pubnames
                0x0000000000000000       0xe8 Output/Debug/Obj/mixer_predictive_triggering/system_nrf52840.o
 .debug_pubnames
                0x00000000000000e8      0x572 Output/Debug/Obj/mixer_predictive_triggering/main.o
 .debug_pubnames
                0x000000000000065a      0x196 Output/Debug/Obj/mixer_predictive_triggering/bolt.o
 .debug_pubnames
                0x00000000000007f0      0x415 Output/Debug/Obj/mixer_predictive_triggering/gpi.o
 .debug_pubnames
                0x0000000000000c05       0x42 Output/Debug/Obj/mixer_predictive_triggering/memxor.o
 .debug_pubnames
                0x0000000000000c47      0x2f9 Output/Debug/Obj/mixer_predictive_triggering/mixer.o
 .debug_pubnames
                0x0000000000000f40     0x235d Output/Debug/Obj/mixer_predictive_triggering/mixer_discovery.o
 .debug_pubnames
                0x000000000000329d      0x3e7 Output/Debug/Obj/mixer_predictive_triggering/mixer_history.o
 .debug_pubnames
                0x0000000000003684      0x7ca Output/Debug/Obj/mixer_predictive_triggering/mixer_processing.o
 .debug_pubnames
                0x0000000000003e4e       0xc4 Output/Debug/Obj/mixer_predictive_triggering/mixer_rand.o
 .debug_pubnames
                0x0000000000003f12      0x3f7 Output/Debug/Obj/mixer_predictive_triggering/mixer_request.o
 .debug_pubnames
                0x0000000000004309       0xd6 Output/Debug/Obj/mixer_predictive_triggering/mixer_internal.o
 .debug_pubnames
                0x00000000000043df      0xb3c Output/Debug/Obj/mixer_predictive_triggering/mixer_transport_ble.o

.debug_pubtypes
                0x0000000000000000     0x302a
 .debug_pubtypes
                0x0000000000000000      0x1a5 Output/Debug/Obj/mixer_predictive_triggering/system_nrf52840.o
 .debug_pubtypes
                0x00000000000001a5      0x45f Output/Debug/Obj/mixer_predictive_triggering/main.o
 .debug_pubtypes
                0x0000000000000604      0x2a2 Output/Debug/Obj/mixer_predictive_triggering/bolt.o
 .debug_pubtypes
                0x00000000000008a6      0x4d2 Output/Debug/Obj/mixer_predictive_triggering/gpi.o
 .debug_pubtypes
                0x0000000000000d78      0x194 Output/Debug/Obj/mixer_predictive_triggering/memxor.o
 .debug_pubtypes
                0x0000000000000f0c      0x45e Output/Debug/Obj/mixer_predictive_triggering/mixer.o
 .debug_pubtypes
                0x000000000000136a      0x3a7 Output/Debug/Obj/mixer_predictive_triggering/mixer_discovery.o
 .debug_pubtypes
                0x0000000000001711      0x3e6 Output/Debug/Obj/mixer_predictive_triggering/mixer_history.o
 .debug_pubtypes
                0x0000000000001af7      0x45d Output/Debug/Obj/mixer_predictive_triggering/mixer_processing.o
 .debug_pubtypes
                0x0000000000001f54      0x3a7 Output/Debug/Obj/mixer_predictive_triggering/mixer_rand.o
 .debug_pubtypes
                0x00000000000022fb      0x3ea Output/Debug/Obj/mixer_predictive_triggering/mixer_request.o
 .debug_pubtypes
                0x00000000000026e5      0x3c8 Output/Debug/Obj/mixer_predictive_triggering/mixer_internal.o
 .debug_pubtypes
                0x0000000000002aad      0x57d Output/Debug/Obj/mixer_predictive_triggering/mixer_transport_ble.o

.debug_aranges  0x0000000000000000      0x460
 .debug_aranges
                0x0000000000000000       0x28 Output/Debug/Obj/mixer_predictive_triggering/system_nrf52840.o
 .debug_aranges
                0x0000000000000028       0x30 Output/Debug/Obj/mixer_predictive_triggering/main.o
 .debug_aranges
                0x0000000000000058       0x50 Output/Debug/Obj/mixer_predictive_triggering/bolt.o
 .debug_aranges
                0x00000000000000a8       0xb0 Output/Debug/Obj/mixer_predictive_triggering/gpi.o
 .debug_aranges
                0x0000000000000158       0x28 Output/Debug/Obj/mixer_predictive_triggering/memxor.o
 .debug_aranges
                0x0000000000000180       0x88 Output/Debug/Obj/mixer_predictive_triggering/mixer.o
 .debug_aranges
                0x0000000000000208       0x18 Output/Debug/Obj/mixer_predictive_triggering/mixer_discovery.o
 .debug_aranges
                0x0000000000000220       0x40 Output/Debug/Obj/mixer_predictive_triggering/mixer_history.o
 .debug_aranges
                0x0000000000000260       0x48 Output/Debug/Obj/mixer_predictive_triggering/mixer_processing.o
 .debug_aranges
                0x00000000000002a8       0x28 Output/Debug/Obj/mixer_predictive_triggering/mixer_rand.o
 .debug_aranges
                0x00000000000002d0       0x28 Output/Debug/Obj/mixer_predictive_triggering/mixer_request.o
 .debug_aranges
                0x00000000000002f8       0x20 Output/Debug/Obj/mixer_predictive_triggering/mixer_internal.o
 .debug_aranges
                0x0000000000000318       0x88 Output/Debug/Obj/mixer_predictive_triggering/mixer_transport_ble.o
 .debug_aranges
                0x00000000000003a0       0x80 Output/Debug/Obj/mixer_predictive_triggering/thumb_crt0.o
 .debug_aranges
                0x0000000000000420       0x20 Output/Debug/Obj/mixer_predictive_triggering/ses_nRF_Startup.o
 .debug_aranges
                0x0000000000000440       0x20 Output/Debug/Obj/mixer_predictive_triggering/ses_nrf52840_Vectors.o

.debug_ranges   0x0000000000000000     0x1a68
 .debug_ranges  0x0000000000000000       0x30 Output/Debug/Obj/mixer_predictive_triggering/system_nrf52840.o
 .debug_ranges  0x0000000000000030      0x3d0 Output/Debug/Obj/mixer_predictive_triggering/main.o
 .debug_ranges  0x0000000000000400       0x40 Output/Debug/Obj/mixer_predictive_triggering/bolt.o
 .debug_ranges  0x0000000000000440      0x1f0 Output/Debug/Obj/mixer_predictive_triggering/gpi.o
 .debug_ranges  0x0000000000000630       0x18 Output/Debug/Obj/mixer_predictive_triggering/memxor.o
 .debug_ranges  0x0000000000000648      0x1f0 Output/Debug/Obj/mixer_predictive_triggering/mixer.o
 .debug_ranges  0x0000000000000838       0x50 Output/Debug/Obj/mixer_predictive_triggering/mixer_history.o
 .debug_ranges  0x0000000000000888      0xc28 Output/Debug/Obj/mixer_predictive_triggering/mixer_processing.o
 .debug_ranges  0x00000000000014b0       0x18 Output/Debug/Obj/mixer_predictive_triggering/mixer_rand.o
 .debug_ranges  0x00000000000014c8       0x98 Output/Debug/Obj/mixer_predictive_triggering/mixer_request.o
 .debug_ranges  0x0000000000001560       0x40 Output/Debug/Obj/mixer_predictive_triggering/mixer_internal.o
 .debug_ranges  0x00000000000015a0      0x450 Output/Debug/Obj/mixer_predictive_triggering/mixer_transport_ble.o
 .debug_ranges  0x00000000000019f0       0x78 Output/Debug/Obj/mixer_predictive_triggering/thumb_crt0.o

.debug_macro    0x0000000000000000    0x13f00
 .debug_macro   0x0000000000000000       0xac Output/Debug/Obj/mixer_predictive_triggering/system_nrf52840.o
 .debug_macro   0x00000000000000ac      0xaf6 Output/Debug/Obj/mixer_predictive_triggering/system_nrf52840.o
 .debug_macro   0x0000000000000ba2      0x1a3 Output/Debug/Obj/mixer_predictive_triggering/system_nrf52840.o
 .debug_macro   0x0000000000000d45       0x22 Output/Debug/Obj/mixer_predictive_triggering/system_nrf52840.o
 .debug_macro   0x0000000000000d67       0x22 Output/Debug/Obj/mixer_predictive_triggering/system_nrf52840.o
 .debug_macro   0x0000000000000d89       0x2d Output/Debug/Obj/mixer_predictive_triggering/system_nrf52840.o
 .debug_macro   0x0000000000000db6       0x3b Output/Debug/Obj/mixer_predictive_triggering/system_nrf52840.o
 .debug_macro   0x0000000000000df1       0x50 Output/Debug/Obj/mixer_predictive_triggering/system_nrf52840.o
 .debug_macro   0x0000000000000e41      0xe66 Output/Debug/Obj/mixer_predictive_triggering/system_nrf52840.o
 .debug_macro   0x0000000000001ca7      0x3f4 Output/Debug/Obj/mixer_predictive_triggering/system_nrf52840.o
 .debug_macro   0x000000000000209b     0xece4 Output/Debug/Obj/mixer_predictive_triggering/system_nrf52840.o
 .debug_macro   0x0000000000010d7f      0xa48 Output/Debug/Obj/mixer_predictive_triggering/system_nrf52840.o
 .debug_macro   0x00000000000117c7       0xb2 Output/Debug/Obj/mixer_predictive_triggering/system_nrf52840.o
 .debug_macro   0x0000000000011879       0x22 Output/Debug/Obj/mixer_predictive_triggering/system_nrf52840.o
 .debug_macro   0x000000000001189b      0x267 Output/Debug/Obj/mixer_predictive_triggering/main.o
 .debug_macro   0x0000000000011b02       0x16 Output/Debug/Obj/mixer_predictive_triggering/main.o
 .debug_macro   0x0000000000011b18       0x10 Output/Debug/Obj/mixer_predictive_triggering/main.o
 .debug_macro   0x0000000000011b28       0x89 Output/Debug/Obj/mixer_predictive_triggering/main.o
 .debug_macro   0x0000000000011bb1       0x1c Output/Debug/Obj/mixer_predictive_triggering/main.o
 .debug_macro   0x0000000000011bcd      0x1c8 Output/Debug/Obj/mixer_predictive_triggering/main.o
 .debug_macro   0x0000000000011d95      0x1ce Output/Debug/Obj/mixer_predictive_triggering/main.o
 .debug_macro   0x0000000000011f63       0x3a Output/Debug/Obj/mixer_predictive_triggering/main.o
 .debug_macro   0x0000000000011f9d       0x10 Output/Debug/Obj/mixer_predictive_triggering/main.o
 .debug_macro   0x0000000000011fad       0x6a Output/Debug/Obj/mixer_predictive_triggering/main.o
 .debug_macro   0x0000000000012017       0x22 Output/Debug/Obj/mixer_predictive_triggering/main.o
 .debug_macro   0x0000000000012039      0x40b Output/Debug/Obj/mixer_predictive_triggering/main.o
 .debug_macro   0x0000000000012444      0x15e Output/Debug/Obj/mixer_predictive_triggering/main.o
 .debug_macro   0x00000000000125a2       0xb2 Output/Debug/Obj/mixer_predictive_triggering/main.o
 .debug_macro   0x0000000000012654       0x72 Output/Debug/Obj/mixer_predictive_triggering/main.o
 .debug_macro   0x00000000000126c6       0x2e Output/Debug/Obj/mixer_predictive_triggering/main.o
 .debug_macro   0x00000000000126f4       0x11 Output/Debug/Obj/mixer_predictive_triggering/main.o
 .debug_macro   0x0000000000012705       0x2e Output/Debug/Obj/mixer_predictive_triggering/main.o
 .debug_macro   0x0000000000012733       0x2d Output/Debug/Obj/mixer_predictive_triggering/main.o
 .debug_macro   0x0000000000012760       0x76 Output/Debug/Obj/mixer_predictive_triggering/main.o
 .debug_macro   0x00000000000127d6       0x3a Output/Debug/Obj/mixer_predictive_triggering/main.o
 .debug_macro   0x0000000000012810       0x22 Output/Debug/Obj/mixer_predictive_triggering/main.o
 .debug_macro   0x0000000000012832      0x179 Output/Debug/Obj/mixer_predictive_triggering/bolt.o
 .debug_macro   0x00000000000129ab      0x225 Output/Debug/Obj/mixer_predictive_triggering/gpi.o
 .debug_macro   0x0000000000012bd0       0x28 Output/Debug/Obj/mixer_predictive_triggering/gpi.o
 .debug_macro   0x0000000000012bf8       0x16 Output/Debug/Obj/mixer_predictive_triggering/gpi.o
 .debug_macro   0x0000000000012c0e       0x10 Output/Debug/Obj/mixer_predictive_triggering/gpi.o
 .debug_macro   0x0000000000012c1e       0xfe Output/Debug/Obj/mixer_predictive_triggering/memxor.o
 .debug_macro   0x0000000000012d1c      0x249 Output/Debug/Obj/mixer_predictive_triggering/mixer.o
 .debug_macro   0x0000000000012f65       0x22 Output/Debug/Obj/mixer_predictive_triggering/mixer.o
 .debug_macro   0x0000000000012f87       0x7b Output/Debug/Obj/mixer_predictive_triggering/mixer.o
 .debug_macro   0x0000000000013002       0xfb Output/Debug/Obj/mixer_predictive_triggering/mixer.o
 .debug_macro   0x00000000000130fd      0x162 Output/Debug/Obj/mixer_predictive_triggering/mixer_discovery.o
 .debug_macro   0x000000000001325f       0x81 Output/Debug/Obj/mixer_predictive_triggering/mixer_discovery.o
 .debug_macro   0x00000000000132e0      0x1de Output/Debug/Obj/mixer_predictive_triggering/mixer_history.o
 .debug_macro   0x00000000000134be      0x260 Output/Debug/Obj/mixer_predictive_triggering/mixer_processing.o
 .debug_macro   0x000000000001371e      0x158 Output/Debug/Obj/mixer_predictive_triggering/mixer_rand.o
 .debug_macro   0x0000000000013876      0x1c6 Output/Debug/Obj/mixer_predictive_triggering/mixer_request.o
 .debug_macro   0x0000000000013a3c      0x192 Output/Debug/Obj/mixer_predictive_triggering/mixer_internal.o
 .debug_macro   0x0000000000013bce      0x332 Output/Debug/Obj/mixer_predictive_triggering/mixer_transport_ble.o

.debug_line     0x0000000000000000     0xc2d5
 .debug_line    0x0000000000000000      0x5d1 Output/Debug/Obj/mixer_predictive_triggering/system_nrf52840.o
 .debug_line    0x00000000000005d1     0x1360 Output/Debug/Obj/mixer_predictive_triggering/main.o
 .debug_line    0x0000000000001931      0x965 Output/Debug/Obj/mixer_predictive_triggering/bolt.o
 .debug_line    0x0000000000002296     0x16e9 Output/Debug/Obj/mixer_predictive_triggering/gpi.o
 .debug_line    0x000000000000397f      0x3f3 Output/Debug/Obj/mixer_predictive_triggering/memxor.o
 .debug_line    0x0000000000003d72      0xedd Output/Debug/Obj/mixer_predictive_triggering/mixer.o
 .debug_line    0x0000000000004c4f      0x4a3 Output/Debug/Obj/mixer_predictive_triggering/mixer_discovery.o
 .debug_line    0x00000000000050f2      0x868 Output/Debug/Obj/mixer_predictive_triggering/mixer_history.o
 .debug_line    0x000000000000595a     0x2f35 Output/Debug/Obj/mixer_predictive_triggering/mixer_processing.o
 .debug_line    0x000000000000888f      0x4db Output/Debug/Obj/mixer_predictive_triggering/mixer_rand.o
 .debug_line    0x0000000000008d6a      0x82d Output/Debug/Obj/mixer_predictive_triggering/mixer_request.o
 .debug_line    0x0000000000009597      0x5d4 Output/Debug/Obj/mixer_predictive_triggering/mixer_internal.o
 .debug_line    0x0000000000009b6b     0x2420 Output/Debug/Obj/mixer_predictive_triggering/mixer_transport_ble.o
 .debug_line    0x000000000000bf8b      0x1e3 Output/Debug/Obj/mixer_predictive_triggering/thumb_crt0.o
 .debug_line    0x000000000000c16e       0xa3 Output/Debug/Obj/mixer_predictive_triggering/ses_nRF_Startup.o
 .debug_line    0x000000000000c211       0xc4 Output/Debug/Obj/mixer_predictive_triggering/ses_nrf52840_Vectors.o

.debug_str      0x0000000000000000    0x6fb56
 .debug_str     0x0000000000000000    0x6313c Output/Debug/Obj/mixer_predictive_triggering/system_nrf52840.o
                                      0x63c42 (size before relaxing)
 .debug_str     0x000000000006313c     0x6af3 Output/Debug/Obj/mixer_predictive_triggering/main.o
                                      0x6a1a0 (size before relaxing)
 .debug_str     0x0000000000069c2f      0x241 Output/Debug/Obj/mixer_predictive_triggering/bolt.o
                                      0x685b9 (size before relaxing)
 .debug_str     0x0000000000069e70     0x11b8 Output/Debug/Obj/mixer_predictive_triggering/gpi.o
                                      0x6a351 (size before relaxing)
 .debug_str     0x000000000006b028       0xbd Output/Debug/Obj/mixer_predictive_triggering/memxor.o
                                      0x65dab (size before relaxing)
 .debug_str     0x000000000006b0e5     0x167d Output/Debug/Obj/mixer_predictive_triggering/mixer.o
                                      0x6a7cf (size before relaxing)
 .debug_str     0x000000000006c762     0x1f4d Output/Debug/Obj/mixer_predictive_triggering/mixer_discovery.o
                                      0x69ceb (size before relaxing)
 .debug_str     0x000000000006e6af      0x2c6 Output/Debug/Obj/mixer_predictive_triggering/mixer_history.o
                                      0x6a110 (size before relaxing)
 .debug_str     0x000000000006e975      0x3e1 Output/Debug/Obj/mixer_predictive_triggering/mixer_processing.o
                                      0x6ca30 (size before relaxing)
 .debug_str     0x000000000006ed56       0x5c Output/Debug/Obj/mixer_predictive_triggering/mixer_rand.o
                                      0x67e37 (size before relaxing)
 .debug_str     0x000000000006edb2       0x86 Output/Debug/Obj/mixer_predictive_triggering/mixer_request.o
                                      0x6a06b (size before relaxing)
 .debug_str     0x000000000006ee38       0x5e Output/Debug/Obj/mixer_predictive_triggering/mixer_internal.o
                                      0x686ad (size before relaxing)
 .debug_str     0x000000000006ee96      0xbb2 Output/Debug/Obj/mixer_predictive_triggering/mixer_transport_ble.o
                                      0x6ba52 (size before relaxing)
 .debug_str     0x000000000006fa48       0x57 Output/Debug/Obj/mixer_predictive_triggering/thumb_crt0.o
                                         0x93 (size before relaxing)
 .debug_str     0x000000000006fa9f       0x59 Output/Debug/Obj/mixer_predictive_triggering/ses_nRF_Startup.o
                                         0xa3 (size before relaxing)
 .debug_str     0x000000000006faf8       0x5e Output/Debug/Obj/mixer_predictive_triggering/ses_nrf52840_Vectors.o
                                         0xa8 (size before relaxing)

.comment        0x0000000000000000       0x24
 .comment       0x0000000000000000       0x24 Output/Debug/Obj/mixer_predictive_triggering/system_nrf52840.o
                                         0x25 (size before relaxing)
 .comment       0x0000000000000024       0x25 Output/Debug/Obj/mixer_predictive_triggering/main.o
 .comment       0x0000000000000024       0x25 Output/Debug/Obj/mixer_predictive_triggering/bolt.o
 .comment       0x0000000000000024       0x25 Output/Debug/Obj/mixer_predictive_triggering/gpi.o
 .comment       0x0000000000000024       0x25 Output/Debug/Obj/mixer_predictive_triggering/memxor.o
 .comment       0x0000000000000024       0x25 Output/Debug/Obj/mixer_predictive_triggering/mixer.o
 .comment       0x0000000000000024       0x25 Output/Debug/Obj/mixer_predictive_triggering/mixer_discovery.o
 .comment       0x0000000000000024       0x25 Output/Debug/Obj/mixer_predictive_triggering/mixer_history.o
 .comment       0x0000000000000024       0x25 Output/Debug/Obj/mixer_predictive_triggering/mixer_processing.o
 .comment       0x0000000000000024       0x25 Output/Debug/Obj/mixer_predictive_triggering/mixer_rand.o
 .comment       0x0000000000000024       0x25 Output/Debug/Obj/mixer_predictive_triggering/mixer_request.o
 .comment       0x0000000000000024       0x25 Output/Debug/Obj/mixer_predictive_triggering/mixer_internal.o
 .comment       0x0000000000000024       0x25 Output/Debug/Obj/mixer_predictive_triggering/mixer_transport_ble.o
 .comment       0x0000000000000024       0x25 /usr/share/segger_embedded_studio_for_arm_5.20/lib/libc_v7em_fpv4_sp_d16_hard_t_le_eabi.a(libc2.o)
 .comment       0x0000000000000024       0x25 /usr/share/segger_embedded_studio_for_arm_5.20/lib/libc_v7em_fpv4_sp_d16_hard_t_le_eabi.a(libvfprintf.o)
 .comment       0x0000000000000024       0x25 /usr/share/segger_embedded_studio_for_arm_5.20/lib/libc_v7em_fpv4_sp_d16_hard_t_le_eabi.a(libc.o)

.ARM.attributes
                0x0000000000000000       0x37
 .ARM.attributes
                0x0000000000000000       0x39 Output/Debug/Obj/mixer_predictive_triggering/system_nrf52840.o
 .ARM.attributes
                0x0000000000000039       0x39 Output/Debug/Obj/mixer_predictive_triggering/main.o
 .ARM.attributes
                0x0000000000000072       0x39 Output/Debug/Obj/mixer_predictive_triggering/bolt.o
 .ARM.attributes
                0x00000000000000ab       0x39 Output/Debug/Obj/mixer_predictive_triggering/gpi.o
 .ARM.attributes
                0x00000000000000e4       0x39 Output/Debug/Obj/mixer_predictive_triggering/memxor.o
 .ARM.attributes
                0x000000000000011d       0x39 Output/Debug/Obj/mixer_predictive_triggering/mixer.o
 .ARM.attributes
                0x0000000000000156       0x39 Output/Debug/Obj/mixer_predictive_triggering/mixer_discovery.o
 .ARM.attributes
                0x000000000000018f       0x39 Output/Debug/Obj/mixer_predictive_triggering/mixer_history.o
 .ARM.attributes
                0x00000000000001c8       0x39 Output/Debug/Obj/mixer_predictive_triggering/mixer_processing.o
 .ARM.attributes
                0x0000000000000201       0x39 Output/Debug/Obj/mixer_predictive_triggering/mixer_rand.o
 .ARM.attributes
                0x000000000000023a       0x39 Output/Debug/Obj/mixer_predictive_triggering/mixer_request.o
 .ARM.attributes
                0x0000000000000273       0x39 Output/Debug/Obj/mixer_predictive_triggering/mixer_internal.o
 .ARM.attributes
                0x00000000000002ac       0x39 Output/Debug/Obj/mixer_predictive_triggering/mixer_transport_ble.o
 .ARM.attributes
                0x00000000000002e5       0x25 Output/Debug/Obj/mixer_predictive_triggering/thumb_crt0.o
 .ARM.attributes
                0x000000000000030a       0x25 Output/Debug/Obj/mixer_predictive_triggering/ses_nRF_Startup.o
 .ARM.attributes
                0x000000000000032f       0x25 Output/Debug/Obj/mixer_predictive_triggering/ses_nrf52840_Vectors.o
 .ARM.attributes
                0x0000000000000354       0x34 /usr/share/segger_embedded_studio_for_arm_5.20/lib/libc_v7em_fpv4_sp_d16_hard_t_le_eabi.a(libc2.o)
 .ARM.attributes
                0x0000000000000388       0x20 /usr/share/segger_embedded_studio_for_arm_5.20/lib/libc_v7em_fpv4_sp_d16_hard_t_le_eabi.a(libc2_asm.o)
 .ARM.attributes
                0x00000000000003a8       0x34 /usr/share/segger_embedded_studio_for_arm_5.20/lib/libc_v7em_fpv4_sp_d16_hard_t_le_eabi.a(libvfprintf.o)
 .ARM.attributes
                0x00000000000003dc       0x34 /usr/share/segger_embedded_studio_for_arm_5.20/lib/libc_v7em_fpv4_sp_d16_hard_t_le_eabi.a(libc.o)

.debug_loc      0x0000000000000000     0x687e
 .debug_loc     0x0000000000000000      0xdf6 Output/Debug/Obj/mixer_predictive_triggering/main.o
 .debug_loc     0x0000000000000df6      0x161 Output/Debug/Obj/mixer_predictive_triggering/bolt.o
 .debug_loc     0x0000000000000f57      0xa85 Output/Debug/Obj/mixer_predictive_triggering/gpi.o
 .debug_loc     0x00000000000019dc       0x6e Output/Debug/Obj/mixer_predictive_triggering/memxor.o
 .debug_loc     0x0000000000001a4a      0x88a Output/Debug/Obj/mixer_predictive_triggering/mixer.o
 .debug_loc     0x00000000000022d4      0x204 Output/Debug/Obj/mixer_predictive_triggering/mixer_history.o
 .debug_loc     0x00000000000024d8     0x237f Output/Debug/Obj/mixer_predictive_triggering/mixer_processing.o
 .debug_loc     0x0000000000004857      0x471 Output/Debug/Obj/mixer_predictive_triggering/mixer_request.o
 .debug_loc     0x0000000000004cc8      0x12f Output/Debug/Obj/mixer_predictive_triggering/mixer_internal.o
 .debug_loc     0x0000000000004df7     0x1a87 Output/Debug/Obj/mixer_predictive_triggering/mixer_transport_ble.o
